Archive member included to satisfy reference by file (symbol)

/Applications/microchip/xc32/v4.60/bin/bin/../../lib/gcc/pic32c/8.3.1/../../../../pic32c/lib/thumb/v7e-m+fp/hard/libpic32c.a(data_init.o)
                              build/default/production/_ext/1171490990/startup_xc32.o (__pic32c_data_initialization)
/Applications/microchip/xc32/v4.60/bin/bin/../../lib/gcc/pic32c/8.3.1/../../../../pic32c/lib/thumb/v7e-m+fp/hard/libc-size-musl.a(memcpy.o)
                              build/default/production/_ext/1593096446/plib_nvmctrl.o (memcpy)
/Applications/microchip/xc32/v4.60/bin/bin/../../lib/gcc/pic32c/8.3.1/../../../../pic32c/lib/thumb/v7e-m+fp/hard/libc-musl.a(__libc_start_main.o)
                              build/default/production/_ext/1171490990/startup_xc32.o (__libc_init_array)
/Applications/microchip/xc32/v4.60/bin/bin/../../lib/gcc/pic32c/8.3.1/../../../../pic32c/lib/thumb/v7e-m+fp/hard/libc-musl.a(libc.o)
                              /Applications/microchip/xc32/v4.60/bin/bin/../../lib/gcc/pic32c/8.3.1/../../../../pic32c/lib/thumb/v7e-m+fp/hard/libc-musl.a(__libc_start_main.o) (__progname_full)
/Applications/microchip/xc32/v4.60/bin/bin/../../lib/gcc/pic32c/8.3.1/../../../../pic32c/lib/thumb/v7e-m+fp/hard/libc-musl.a(__environ.o)
                              /Applications/microchip/xc32/v4.60/bin/bin/../../lib/gcc/pic32c/8.3.1/../../../../pic32c/lib/thumb/v7e-m+fp/hard/libc-musl.a(__libc_start_main.o) (__environ)
/Applications/microchip/xc32/v4.60/bin/bin/../../lib/gcc/pic32c/8.3.1/../../../../pic32c/lib/thumb/v7e-m+fp/hard/libpic32c.a(pic32_data_init_clear.o)
                              (__dinit_clear_needed)
/Applications/microchip/xc32/v4.60/bin/bin/../../lib/gcc/pic32c/8.3.1/../../../../pic32c/lib/thumb/v7e-m+fp/hard/libpic32c.a(pic32_data_init_copy.o)
                              (__dinit_copy_needed)

Microchip PIC32 Memory-Usage Report

ROM Program-Memory Usage
section                    address  length [bytes]      (dec)  Description
-------                 ----------  -------------------------  -----------
.vectors                         0          0x264         612   
.text                        0x264           0x20          32  App's exec code 
.text.CLOCK_Initialize       0x284          0x14c         332   
.text.Reset_Handler          0x3d0           0x88         136   
.text.main                   0x458           0x70         112   
.text.NVIC_Initialize        0x4c8           0x60          96   
.text.__libc_start_init      0x528           0x5c          92   
.text.PORT_Initialize        0x584           0x50          80   
.dinit                       0x5d4           0x50          80   
.text                        0x624           0x40          64  App's exec code 
.text.TC1_TimerInitiali      0x664           0x40          64   
.text.TC0_TimerInitiali      0x6a4           0x40          64   
.text.__pic32c_data_ini      0x6e4           0x38          56   
.text.TC1_TimerInterrup      0x71c           0x2c          44   
.text.TC0_TimerInterrup      0x748           0x2c          44   
.text.SYS_Initialize         0x774           0x20          32   
.text.__dinit_copy           0x794           0x1e          30   
.text.EVSYS_Initialize       0x7b2            0x2           2   
.text.TC1_TimerStart         0x7b4           0x18          24   
.text.TC0_TimerStart         0x7cc           0x18          24   
.text.TC0_TimerExpired       0x7e4           0x14          20   
.text.TC1_TimerExpired       0x7f8           0x14          20   
.rodata                      0x80c           0x14          20  Read-only const 
.text.__dinit_clear          0x820           0x12          18   
.text.NonMaskableInt_Ha      0x832            0x2           2   
.text.NVMCTRL_Initializ      0x834           0x10          16   
.text.TC1_TimerCallback      0x844            0xc          12   
.text.TC0_TimerCallback      0x850            0xc          12   
.text.__dummy_decompres      0x85c            0x4           4   
.text.HardFault_Handler      0x860            0x2           2   
.text.DebugMonitor_Hand      0x862            0x2           2   
.text.MemoryManagement_      0x864            0x2           2   
.text.BusFault_Handler       0x866            0x2           2   
.text.UsageFault_Handle      0x868            0x2           2   
.text.Dummy_Handler          0x86a            0x2           2   
.text.Dummy_App_Func         0x86c            0x2           2   
.text.__dummy_init_tls       0x86e            0x2           2   
.text.__dummy                0x870            0x2           2   
      Total ROM used  :       0x872        2162  0.2% of 0x100000
        --------------------------------------------------------------------------
         Total Program Memory used  :       0x872        2162  0.2% of 0x100000
        --------------------------------------------------------------------------


RAM Data-Memory Usage
section                    address  length [bytes]      (dec)  Description
-------                 ----------  -------------------------  -----------
.bss                    0x20000000           0x50          80  Uninitialized data 
.bss                    0x20000050           0x1c          28  Uninitialized data 
.bss.TC1_CallbackObject 0x2000006c            0x8           8   
.bss.TC0_CallbackObject 0x20000074            0x8           8   
.bss                    0x2000007c            0x4           4  Uninitialized data 
.bss                    0x20000080            0x4           4  Uninitialized data 
.bss.TC0_HasExpired     0x20000084            0x1           1   
.bss.TC1_HasExpired     0x20000085            0x1           1   
         Total RAM used  :        0x86         134  0.1% of 0x40000
        --------------------------------------------------------------------------
            Total Data Memory used  :        0x86         134  0.1% of 0x40000
        --------------------------------------------------------------------------


Dynamic Data-Memory Reservation
section                    address  length [bytes]      (dec)  Description
-------                 ----------  -------------------------  -----------
heap                    0x20000088          0x200         512  Reserved for heap 
stack                   0x200002a0        0x3fd50      261456  Reserved for stack 

        --------------------------------------------------------------------------

Microchip PIC32 Memory-Usage Report By Module

        text        data         bss         dec         hex    basename                   filename
--------------------------------------------------------------------------------
         614           0           0         614         266    interrupts.o           build/default/production/_ext/1171490990/interrupts.o
         332           0           0         332         14c    plib_clock.o           build/default/production/_ext/1984496892/plib_clock.o
         152           0           2         154          9a    main.o                 build/default/production/_ext/1360937237/main.o
         144           0           8         152          98    plib_tc0.o             build/default/production/_ext/829342655/plib_tc0.o
         144           0           8         152          98    plib_tc1.o             build/default/production/_ext/829342655/plib_tc1.o
         138           0           0         138          8a    startup_xc32.o         build/default/production/_ext/1171490990/startup_xc32.o
          72           0          28         100          64    crtbegin.o             /Applications/microchip/xc32/v4.60/bin/bin/../../lib/gcc/pic32c/8.3.1/thumb/v7e-m+fp/hard/crtbegin.o
          96           0           0          96          60    plib_nvic.o            build/default/production/_ext/1865468468/plib_nvic.o
          94           0           0          94          5e    __libc_start_main.o    libc-musl.a
          82           0           4          86          56    data_init.o            libpic32c.a
          80           0           0          80          50    plib_port.o            build/default/production/_ext/1865521619/plib_port.o
           0           0          80          80          50    libc.o                 libc-musl.a
          80           0           0          80          50    data_init              data_init
          44           0           0          44          2c    initialization.o       build/default/production/_ext/1171490990/initialization.o
          30           0           0          30          1e    pic32_data_init_copy.o libpic32c.a
          18           0           0          18          12    pic32_data_init_clear.olibpic32c.a
          16           0           0          16          10    crtn.o                 /Applications/microchip/xc32/v4.60/bin/bin/../../lib/gcc/pic32c/8.3.1/thumb/v7e-m+fp/hard/crtn.o
          16           0           0          16          10    plib_nvmctrl.o         build/default/production/_ext/1593096446/plib_nvmctrl.o
          12           0           0          12           c    exceptions.o           build/default/production/_ext/1171490990/exceptions.o
           8           0           0           8           8    crti.o                 /Applications/microchip/xc32/v4.60/bin/bin/../../lib/gcc/pic32c/8.3.1/thumb/v7e-m+fp/hard/crti.o
           0           0           4           4           4    __environ.o            libc-musl.a
           2           0           0           2           2    plib_evsys.o           build/default/production/_ext/1986646378/plib_evsys.o
--------------------------------------------------------------------------------
        2174           0         134        2308         904    dist/default/production/Lab04_SystemClock_DFLL_Closeloop.X.production.elf


Discarded input sections

 .text          0x0000000000000000        0x0 /Applications/microchip/xc32/v4.60/bin/bin/../../lib/gcc/pic32c/8.3.1/thumb/v7e-m+fp/hard/crti.o
 .data          0x0000000000000000        0x0 /Applications/microchip/xc32/v4.60/bin/bin/../../lib/gcc/pic32c/8.3.1/thumb/v7e-m+fp/hard/crti.o
 .bss           0x0000000000000000        0x0 /Applications/microchip/xc32/v4.60/bin/bin/../../lib/gcc/pic32c/8.3.1/thumb/v7e-m+fp/hard/crti.o
 .xc_stack_usage.hdr
                0x0000000000000000        0xe /Applications/microchip/xc32/v4.60/bin/bin/../../lib/gcc/pic32c/8.3.1/thumb/v7e-m+fp/hard/crti.o
 .xc_stack_usage
                0x0000000000000000       0x26 /Applications/microchip/xc32/v4.60/bin/bin/../../lib/gcc/pic32c/8.3.1/thumb/v7e-m+fp/hard/crti.o
 .data          0x0000000000000000        0x4 /Applications/microchip/xc32/v4.60/bin/bin/../../lib/gcc/pic32c/8.3.1/thumb/v7e-m+fp/hard/crtbegin.o
 .xc_stack_usage
                0x0000000000000000       0x3c /Applications/microchip/xc32/v4.60/bin/bin/../../lib/gcc/pic32c/8.3.1/thumb/v7e-m+fp/hard/crtbegin.o
 .xc_stack_usage.hdr
                0x0000000000000000        0xe /Applications/microchip/xc32/v4.60/bin/bin/../../lib/gcc/pic32c/8.3.1/thumb/v7e-m+fp/hard/crtbegin.o
 .text          0x0000000000000000        0x0 build/default/production/_ext/1984496892/plib_clock.o
 .data          0x0000000000000000        0x0 build/default/production/_ext/1984496892/plib_clock.o
 .bss           0x0000000000000000        0x0 build/default/production/_ext/1984496892/plib_clock.o
 .text          0x0000000000000000        0x0 build/default/production/_ext/1865131932/plib_cmcc.o
 .data          0x0000000000000000        0x0 build/default/production/_ext/1865131932/plib_cmcc.o
 .bss           0x0000000000000000        0x0 build/default/production/_ext/1865131932/plib_cmcc.o
 .text.CMCC_Disable
                0x0000000000000000       0x18 build/default/production/_ext/1865131932/plib_cmcc.o
 .text.CMCC_EnableICache
                0x0000000000000000       0x28 build/default/production/_ext/1865131932/plib_cmcc.o
 .text.CMCC_DisableICache
                0x0000000000000000       0x28 build/default/production/_ext/1865131932/plib_cmcc.o
 .text.CMCC_EnableDCache
                0x0000000000000000       0x28 build/default/production/_ext/1865131932/plib_cmcc.o
 .text.CMCC_DisableDCache
                0x0000000000000000       0x28 build/default/production/_ext/1865131932/plib_cmcc.o
 .text.CMCC_InvalidateAll
                0x0000000000000000       0x20 build/default/production/_ext/1865131932/plib_cmcc.o
 .debug_info    0x0000000000000000      0x213 build/default/production/_ext/1865131932/plib_cmcc.o
 .debug_abbrev  0x0000000000000000       0xa4 build/default/production/_ext/1865131932/plib_cmcc.o
 .debug_aranges
                0x0000000000000000       0x48 build/default/production/_ext/1865131932/plib_cmcc.o
 .debug_ranges  0x0000000000000000       0x38 build/default/production/_ext/1865131932/plib_cmcc.o
 .debug_line    0x0000000000000000      0x20a build/default/production/_ext/1865131932/plib_cmcc.o
 .debug_str     0x0000000000000000      0x3cb build/default/production/_ext/1865131932/plib_cmcc.o
 .comment       0x0000000000000000       0x2c build/default/production/_ext/1865131932/plib_cmcc.o
 .debug_frame   0x0000000000000000       0x70 build/default/production/_ext/1865131932/plib_cmcc.o
 .ARM.attributes
                0x0000000000000000       0x34 build/default/production/_ext/1865131932/plib_cmcc.o
 .text          0x0000000000000000        0x0 build/default/production/_ext/1986646378/plib_evsys.o
 .data          0x0000000000000000        0x0 build/default/production/_ext/1986646378/plib_evsys.o
 .bss           0x0000000000000000        0x0 build/default/production/_ext/1986646378/plib_evsys.o
 .text          0x0000000000000000        0x0 build/default/production/_ext/1865468468/plib_nvic.o
 .data          0x0000000000000000        0x0 build/default/production/_ext/1865468468/plib_nvic.o
 .bss           0x0000000000000000        0x0 build/default/production/_ext/1865468468/plib_nvic.o
 .text.NVIC_INT_Enable
                0x0000000000000000        0x8 build/default/production/_ext/1865468468/plib_nvic.o
 .text.NVIC_INT_Disable
                0x0000000000000000       0x12 build/default/production/_ext/1865468468/plib_nvic.o
 .text.NVIC_INT_Restore
                0x0000000000000000       0x12 build/default/production/_ext/1865468468/plib_nvic.o
 .text.NVIC_INT_SourceDisable
                0x0000000000000000       0x44 build/default/production/_ext/1865468468/plib_nvic.o
 .text.NVIC_INT_SourceRestore
                0x0000000000000000       0x20 build/default/production/_ext/1865468468/plib_nvic.o
 .text          0x0000000000000000        0x0 build/default/production/_ext/1593096446/plib_nvmctrl.o
 .data          0x0000000000000000        0x0 build/default/production/_ext/1593096446/plib_nvmctrl.o
 .bss           0x0000000000000000        0x0 build/default/production/_ext/1593096446/plib_nvmctrl.o
 .text.NVMCTRL_Read
                0x0000000000000000       0x10 build/default/production/_ext/1593096446/plib_nvmctrl.o
 .text.NVMCTRL_SetWriteMode
                0x0000000000000000       0x14 build/default/production/_ext/1593096446/plib_nvmctrl.o
 .text.NVMCTRL_QuadWordWrite
                0x0000000000000000       0x4c build/default/production/_ext/1593096446/plib_nvmctrl.o
 .text.NVMCTRL_DoubleWordWrite
                0x0000000000000000       0x40 build/default/production/_ext/1593096446/plib_nvmctrl.o
 .text.NVMCTRL_PageBufferWrite
                0x0000000000000000       0x2c build/default/production/_ext/1593096446/plib_nvmctrl.o
 .text.NVMCTRL_PageBufferCommit
                0x0000000000000000       0x28 build/default/production/_ext/1593096446/plib_nvmctrl.o
 .text.NVMCTRL_PageWrite
                0x0000000000000000       0x40 build/default/production/_ext/1593096446/plib_nvmctrl.o
 .text.NVMCTRL_BlockErase
                0x0000000000000000       0x1c build/default/production/_ext/1593096446/plib_nvmctrl.o
 .text.NVMCTRL_USER_ROW_RowErase
                0x0000000000000000       0x30 build/default/production/_ext/1593096446/plib_nvmctrl.o
 .text.NVMCTRL_ErrorGet
                0x0000000000000000       0x20 build/default/production/_ext/1593096446/plib_nvmctrl.o
 .text.NVMCTRL_StatusGet
                0x0000000000000000        0xc build/default/production/_ext/1593096446/plib_nvmctrl.o
 .text.NVMCTRL_IsBusy
                0x0000000000000000       0x14 build/default/production/_ext/1593096446/plib_nvmctrl.o
 .text.NVMCTRL_USER_ROW_PageWrite
                0x0000000000000000       0x6c build/default/production/_ext/1593096446/plib_nvmctrl.o
 .text.NVMCTRL_RegionLock
                0x0000000000000000       0x10 build/default/production/_ext/1593096446/plib_nvmctrl.o
 .text.NVMCTRL_RegionUnlock
                0x0000000000000000       0x10 build/default/production/_ext/1593096446/plib_nvmctrl.o
 .text.NVMCTRL_RegionLockStatusGet
                0x0000000000000000        0xc build/default/production/_ext/1593096446/plib_nvmctrl.o
 .text.NVMCTRL_SecurityBitSet
                0x0000000000000000       0x10 build/default/production/_ext/1593096446/plib_nvmctrl.o
 .text.NVMCTRL_SmartEEPROM_IsBusy
                0x0000000000000000       0x10 build/default/production/_ext/1593096446/plib_nvmctrl.o
 .text.NVMCTRL_SmartEEPROMStatusGet
                0x0000000000000000        0xc build/default/production/_ext/1593096446/plib_nvmctrl.o
 .text.NVMCTRL_SmartEEPROM_IsActiveSectorFull
                0x0000000000000000       0x10 build/default/production/_ext/1593096446/plib_nvmctrl.o
 .text.NVMCTRL_BankSwap
                0x0000000000000000       0x10 build/default/production/_ext/1593096446/plib_nvmctrl.o
 .text.NVMCTRL_SmartEEPROMSectorReallocate
                0x0000000000000000       0x10 build/default/production/_ext/1593096446/plib_nvmctrl.o
 .bss.nvm_error
                0x0000000000000000        0x2 build/default/production/_ext/1593096446/plib_nvmctrl.o
 .text          0x0000000000000000        0x0 build/default/production/_ext/1865521619/plib_port.o
 .data          0x0000000000000000        0x0 build/default/production/_ext/1865521619/plib_port.o
 .bss           0x0000000000000000        0x0 build/default/production/_ext/1865521619/plib_port.o
 .text.PORT_GroupRead
                0x0000000000000000        0x4 build/default/production/_ext/1865521619/plib_port.o
 .text.PORT_GroupWrite
                0x0000000000000000        0xc build/default/production/_ext/1865521619/plib_port.o
 .text.PORT_GroupLatchRead
                0x0000000000000000        0x4 build/default/production/_ext/1865521619/plib_port.o
 .text.PORT_GroupSet
                0x0000000000000000        0x4 build/default/production/_ext/1865521619/plib_port.o
 .text.PORT_GroupClear
                0x0000000000000000        0x4 build/default/production/_ext/1865521619/plib_port.o
 .text.PORT_GroupToggle
                0x0000000000000000        0x4 build/default/production/_ext/1865521619/plib_port.o
 .text.PORT_GroupInputEnable
                0x0000000000000000       0x30 build/default/production/_ext/1865521619/plib_port.o
 .text.PORT_GroupOutputEnable
                0x0000000000000000        0x4 build/default/production/_ext/1865521619/plib_port.o
 .text.PORT_PinPeripheralFunctionConfig
                0x0000000000000000       0x4a build/default/production/_ext/1865521619/plib_port.o
 .text.PORT_PinGPIOConfig
                0x0000000000000000       0x20 build/default/production/_ext/1865521619/plib_port.o
 .text          0x0000000000000000        0x0 build/default/production/_ext/163028504/xc32_monitor.o
 .data          0x0000000000000000        0x0 build/default/production/_ext/163028504/xc32_monitor.o
 .bss           0x0000000000000000        0x0 build/default/production/_ext/163028504/xc32_monitor.o
 .text.read     0x0000000000000000        0x6 build/default/production/_ext/163028504/xc32_monitor.o
 .text.write    0x0000000000000000        0x6 build/default/production/_ext/163028504/xc32_monitor.o
 .debug_info    0x0000000000000000       0xf5 build/default/production/_ext/163028504/xc32_monitor.o
 .debug_abbrev  0x0000000000000000       0xb2 build/default/production/_ext/163028504/xc32_monitor.o
 .debug_loc     0x0000000000000000       0x4a build/default/production/_ext/163028504/xc32_monitor.o
 .debug_aranges
                0x0000000000000000       0x28 build/default/production/_ext/163028504/xc32_monitor.o
 .debug_ranges  0x0000000000000000       0x18 build/default/production/_ext/163028504/xc32_monitor.o
 .debug_line    0x0000000000000000       0xc7 build/default/production/_ext/163028504/xc32_monitor.o
 .debug_str     0x0000000000000000      0x282 build/default/production/_ext/163028504/xc32_monitor.o
 .comment       0x0000000000000000       0x2c build/default/production/_ext/163028504/xc32_monitor.o
 .debug_frame   0x0000000000000000       0x30 build/default/production/_ext/163028504/xc32_monitor.o
 .ARM.attributes
                0x0000000000000000       0x34 build/default/production/_ext/163028504/xc32_monitor.o
 .text          0x0000000000000000        0x0 build/default/production/_ext/1171490990/exceptions.o
 .data          0x0000000000000000        0x0 build/default/production/_ext/1171490990/exceptions.o
 .bss           0x0000000000000000        0x0 build/default/production/_ext/1171490990/exceptions.o
 .text          0x0000000000000000        0x0 build/default/production/_ext/1171490990/initialization.o
 .data          0x0000000000000000        0x0 build/default/production/_ext/1171490990/initialization.o
 .bss           0x0000000000000000        0x0 build/default/production/_ext/1171490990/initialization.o
 .text          0x0000000000000000        0x0 build/default/production/_ext/1171490990/interrupts.o
 .data          0x0000000000000000        0x0 build/default/production/_ext/1171490990/interrupts.o
 .bss           0x0000000000000000        0x0 build/default/production/_ext/1171490990/interrupts.o
 .text          0x0000000000000000        0x0 build/default/production/_ext/1171490990/libc_syscalls.o
 .data          0x0000000000000000        0x0 build/default/production/_ext/1171490990/libc_syscalls.o
 .bss           0x0000000000000000        0x0 build/default/production/_ext/1171490990/libc_syscalls.o
 .text._exit    0x0000000000000000        0x2 build/default/production/_ext/1171490990/libc_syscalls.o
 .debug_info    0x0000000000000000       0xaa build/default/production/_ext/1171490990/libc_syscalls.o
 .debug_abbrev  0x0000000000000000       0x5d build/default/production/_ext/1171490990/libc_syscalls.o
 .debug_loc     0x0000000000000000       0x15 build/default/production/_ext/1171490990/libc_syscalls.o
 .debug_aranges
                0x0000000000000000       0x20 build/default/production/_ext/1171490990/libc_syscalls.o
 .debug_ranges  0x0000000000000000       0x10 build/default/production/_ext/1171490990/libc_syscalls.o
 .debug_line    0x0000000000000000       0x5b build/default/production/_ext/1171490990/libc_syscalls.o
 .debug_str     0x0000000000000000      0x2c6 build/default/production/_ext/1171490990/libc_syscalls.o
 .comment       0x0000000000000000       0x2c build/default/production/_ext/1171490990/libc_syscalls.o
 .debug_frame   0x0000000000000000       0x20 build/default/production/_ext/1171490990/libc_syscalls.o
 .ARM.attributes
                0x0000000000000000       0x34 build/default/production/_ext/1171490990/libc_syscalls.o
 .text          0x0000000000000000        0x0 build/default/production/_ext/1171490990/startup_xc32.o
 .data          0x0000000000000000        0x0 build/default/production/_ext/1171490990/startup_xc32.o
 .bss           0x0000000000000000        0x0 build/default/production/_ext/1171490990/startup_xc32.o
 .text          0x0000000000000000        0x0 build/default/production/_ext/1360937237/main.o
 .data          0x0000000000000000        0x0 build/default/production/_ext/1360937237/main.o
 .bss           0x0000000000000000        0x0 build/default/production/_ext/1360937237/main.o
 .bss.i         0x0000000000000000        0x4 build/default/production/_ext/1360937237/main.o
 .text          0x0000000000000000        0x0 build/default/production/_ext/829342655/plib_tc1.o
 .data          0x0000000000000000        0x0 build/default/production/_ext/829342655/plib_tc1.o
 .bss           0x0000000000000000        0x0 build/default/production/_ext/829342655/plib_tc1.o
 .text.TC1_TimerStop
                0x0000000000000000       0x18 build/default/production/_ext/829342655/plib_tc1.o
 .text.TC1_TimerFrequencyGet
                0x0000000000000000        0x8 build/default/production/_ext/829342655/plib_tc1.o
 .text.TC1_TimerCommandSet
                0x0000000000000000       0x18 build/default/production/_ext/829342655/plib_tc1.o
 .text.TC1_Timer16bitCounterGet
                0x0000000000000000       0x28 build/default/production/_ext/829342655/plib_tc1.o
 .text.TC1_Timer16bitCounterSet
                0x0000000000000000       0x14 build/default/production/_ext/829342655/plib_tc1.o
 .text.TC1_Timer16bitPeriodSet
                0x0000000000000000       0x14 build/default/production/_ext/829342655/plib_tc1.o
 .text.TC1_Timer16bitPeriodGet
                0x0000000000000000        0xc build/default/production/_ext/829342655/plib_tc1.o
 .text          0x0000000000000000        0x0 build/default/production/_ext/829342655/plib_tc0.o
 .data          0x0000000000000000        0x0 build/default/production/_ext/829342655/plib_tc0.o
 .bss           0x0000000000000000        0x0 build/default/production/_ext/829342655/plib_tc0.o
 .text.TC0_TimerStop
                0x0000000000000000       0x18 build/default/production/_ext/829342655/plib_tc0.o
 .text.TC0_TimerFrequencyGet
                0x0000000000000000        0x8 build/default/production/_ext/829342655/plib_tc0.o
 .text.TC0_TimerCommandSet
                0x0000000000000000       0x18 build/default/production/_ext/829342655/plib_tc0.o
 .text.TC0_Timer16bitCounterGet
                0x0000000000000000       0x28 build/default/production/_ext/829342655/plib_tc0.o
 .text.TC0_Timer16bitCounterSet
                0x0000000000000000       0x14 build/default/production/_ext/829342655/plib_tc0.o
 .text.TC0_Timer16bitPeriodSet
                0x0000000000000000       0x14 build/default/production/_ext/829342655/plib_tc0.o
 .text.TC0_Timer16bitPeriodGet
                0x0000000000000000        0xc build/default/production/_ext/829342655/plib_tc0.o
 .text          0x0000000000000000        0x0 /Applications/microchip/xc32/v4.60/bin/bin/../../lib/gcc/pic32c/8.3.1/../../../../pic32c/lib/thumb/v7e-m+fp/hard/libpic32c.a(data_init.o)
 .data          0x0000000000000000        0x0 /Applications/microchip/xc32/v4.60/bin/bin/../../lib/gcc/pic32c/8.3.1/../../../../pic32c/lib/thumb/v7e-m+fp/hard/libpic32c.a(data_init.o)
 .xc_stack_usage
                0x0000000000000000       0x68 /Applications/microchip/xc32/v4.60/bin/bin/../../lib/gcc/pic32c/8.3.1/../../../../pic32c/lib/thumb/v7e-m+fp/hard/libpic32c.a(data_init.o)
 .xc_stack_usage.hdr
                0x0000000000000000        0xe /Applications/microchip/xc32/v4.60/bin/bin/../../lib/gcc/pic32c/8.3.1/../../../../pic32c/lib/thumb/v7e-m+fp/hard/libpic32c.a(data_init.o)
 .text          0x0000000000000000        0x0 /Applications/microchip/xc32/v4.60/bin/bin/../../lib/gcc/pic32c/8.3.1/../../../../pic32c/lib/thumb/v7e-m+fp/hard/libc-size-musl.a(memcpy.o)
 .data          0x0000000000000000        0x0 /Applications/microchip/xc32/v4.60/bin/bin/../../lib/gcc/pic32c/8.3.1/../../../../pic32c/lib/thumb/v7e-m+fp/hard/libc-size-musl.a(memcpy.o)
 .bss           0x0000000000000000        0x0 /Applications/microchip/xc32/v4.60/bin/bin/../../lib/gcc/pic32c/8.3.1/../../../../pic32c/lib/thumb/v7e-m+fp/hard/libc-size-musl.a(memcpy.o)
 .xc_stack_usage
                0x0000000000000000       0x14 /Applications/microchip/xc32/v4.60/bin/bin/../../lib/gcc/pic32c/8.3.1/../../../../pic32c/lib/thumb/v7e-m+fp/hard/libc-size-musl.a(memcpy.o)
 .text.memcpy   0x0000000000000000       0x1c /Applications/microchip/xc32/v4.60/bin/bin/../../lib/gcc/pic32c/8.3.1/../../../../pic32c/lib/thumb/v7e-m+fp/hard/libc-size-musl.a(memcpy.o)
 .xc_stack_usage.hdr
                0x0000000000000000        0xe /Applications/microchip/xc32/v4.60/bin/bin/../../lib/gcc/pic32c/8.3.1/../../../../pic32c/lib/thumb/v7e-m+fp/hard/libc-size-musl.a(memcpy.o)
 .debug_info    0x0000000000000000       0xf3 /Applications/microchip/xc32/v4.60/bin/bin/../../lib/gcc/pic32c/8.3.1/../../../../pic32c/lib/thumb/v7e-m+fp/hard/libc-size-musl.a(memcpy.o)
 .debug_abbrev  0x0000000000000000       0xbb /Applications/microchip/xc32/v4.60/bin/bin/../../lib/gcc/pic32c/8.3.1/../../../../pic32c/lib/thumb/v7e-m+fp/hard/libc-size-musl.a(memcpy.o)
 .debug_loc     0x0000000000000000      0x10b /Applications/microchip/xc32/v4.60/bin/bin/../../lib/gcc/pic32c/8.3.1/../../../../pic32c/lib/thumb/v7e-m+fp/hard/libc-size-musl.a(memcpy.o)
 .debug_aranges
                0x0000000000000000       0x20 /Applications/microchip/xc32/v4.60/bin/bin/../../lib/gcc/pic32c/8.3.1/../../../../pic32c/lib/thumb/v7e-m+fp/hard/libc-size-musl.a(memcpy.o)
 .debug_ranges  0x0000000000000000       0x10 /Applications/microchip/xc32/v4.60/bin/bin/../../lib/gcc/pic32c/8.3.1/../../../../pic32c/lib/thumb/v7e-m+fp/hard/libc-size-musl.a(memcpy.o)
 .debug_line    0x0000000000000000       0xf9 /Applications/microchip/xc32/v4.60/bin/bin/../../lib/gcc/pic32c/8.3.1/../../../../pic32c/lib/thumb/v7e-m+fp/hard/libc-size-musl.a(memcpy.o)
 .debug_str     0x0000000000000000      0x22f /Applications/microchip/xc32/v4.60/bin/bin/../../lib/gcc/pic32c/8.3.1/../../../../pic32c/lib/thumb/v7e-m+fp/hard/libc-size-musl.a(memcpy.o)
 .comment       0x0000000000000000       0x2c /Applications/microchip/xc32/v4.60/bin/bin/../../lib/gcc/pic32c/8.3.1/../../../../pic32c/lib/thumb/v7e-m+fp/hard/libc-size-musl.a(memcpy.o)
 .note.GNU-stack
                0x0000000000000000        0x0 /Applications/microchip/xc32/v4.60/bin/bin/../../lib/gcc/pic32c/8.3.1/../../../../pic32c/lib/thumb/v7e-m+fp/hard/libc-size-musl.a(memcpy.o)
 .debug_frame   0x0000000000000000       0x2c /Applications/microchip/xc32/v4.60/bin/bin/../../lib/gcc/pic32c/8.3.1/../../../../pic32c/lib/thumb/v7e-m+fp/hard/libc-size-musl.a(memcpy.o)
 .ARM.attributes
                0x0000000000000000       0x36 /Applications/microchip/xc32/v4.60/bin/bin/../../lib/gcc/pic32c/8.3.1/../../../../pic32c/lib/thumb/v7e-m+fp/hard/libc-size-musl.a(memcpy.o)
 .text          0x0000000000000000        0x0 /Applications/microchip/xc32/v4.60/bin/bin/../../lib/gcc/pic32c/8.3.1/../../../../pic32c/lib/thumb/v7e-m+fp/hard/libc-musl.a(__libc_start_main.o)
 .data          0x0000000000000000        0x0 /Applications/microchip/xc32/v4.60/bin/bin/../../lib/gcc/pic32c/8.3.1/../../../../pic32c/lib/thumb/v7e-m+fp/hard/libc-musl.a(__libc_start_main.o)
 .bss           0x0000000000000000        0x0 /Applications/microchip/xc32/v4.60/bin/bin/../../lib/gcc/pic32c/8.3.1/../../../../pic32c/lib/thumb/v7e-m+fp/hard/libc-musl.a(__libc_start_main.o)
 .xc_stack_usage
                0x0000000000000000       0x34 /Applications/microchip/xc32/v4.60/bin/bin/../../lib/gcc/pic32c/8.3.1/../../../../pic32c/lib/thumb/v7e-m+fp/hard/libc-musl.a(__libc_start_main.o)
 .xc_stack_usage.hdr
                0x0000000000000000        0xe /Applications/microchip/xc32/v4.60/bin/bin/../../lib/gcc/pic32c/8.3.1/../../../../pic32c/lib/thumb/v7e-m+fp/hard/libc-musl.a(__libc_start_main.o)
 .text          0x0000000000000000        0x0 /Applications/microchip/xc32/v4.60/bin/bin/../../lib/gcc/pic32c/8.3.1/../../../../pic32c/lib/thumb/v7e-m+fp/hard/libc-musl.a(libc.o)
 .data          0x0000000000000000        0x0 /Applications/microchip/xc32/v4.60/bin/bin/../../lib/gcc/pic32c/8.3.1/../../../../pic32c/lib/thumb/v7e-m+fp/hard/libc-musl.a(libc.o)
 .xc_stack_usage.hdr
                0x0000000000000000        0xe /Applications/microchip/xc32/v4.60/bin/bin/../../lib/gcc/pic32c/8.3.1/../../../../pic32c/lib/thumb/v7e-m+fp/hard/libc-musl.a(libc.o)
 .text          0x0000000000000000        0x0 /Applications/microchip/xc32/v4.60/bin/bin/../../lib/gcc/pic32c/8.3.1/../../../../pic32c/lib/thumb/v7e-m+fp/hard/libc-musl.a(__environ.o)
 .data          0x0000000000000000        0x0 /Applications/microchip/xc32/v4.60/bin/bin/../../lib/gcc/pic32c/8.3.1/../../../../pic32c/lib/thumb/v7e-m+fp/hard/libc-musl.a(__environ.o)
 .xc_stack_usage.hdr
                0x0000000000000000        0xe /Applications/microchip/xc32/v4.60/bin/bin/../../lib/gcc/pic32c/8.3.1/../../../../pic32c/lib/thumb/v7e-m+fp/hard/libc-musl.a(__environ.o)
 .text          0x0000000000000000        0x0 /Applications/microchip/xc32/v4.60/bin/bin/../../lib/gcc/pic32c/8.3.1/thumb/v7e-m+fp/hard/crtend.o
 .data          0x0000000000000000        0x0 /Applications/microchip/xc32/v4.60/bin/bin/../../lib/gcc/pic32c/8.3.1/thumb/v7e-m+fp/hard/crtend.o
 .bss           0x0000000000000000        0x0 /Applications/microchip/xc32/v4.60/bin/bin/../../lib/gcc/pic32c/8.3.1/thumb/v7e-m+fp/hard/crtend.o
 .eh_frame      0x0000000000000000        0x4 /Applications/microchip/xc32/v4.60/bin/bin/../../lib/gcc/pic32c/8.3.1/thumb/v7e-m+fp/hard/crtend.o
 .xc_stack_usage.hdr
                0x0000000000000000        0xe /Applications/microchip/xc32/v4.60/bin/bin/../../lib/gcc/pic32c/8.3.1/thumb/v7e-m+fp/hard/crtend.o
 .comment       0x0000000000000000       0x2c /Applications/microchip/xc32/v4.60/bin/bin/../../lib/gcc/pic32c/8.3.1/thumb/v7e-m+fp/hard/crtend.o
 .ARM.attributes
                0x0000000000000000       0x32 /Applications/microchip/xc32/v4.60/bin/bin/../../lib/gcc/pic32c/8.3.1/thumb/v7e-m+fp/hard/crtend.o
 .text          0x0000000000000000        0x0 /Applications/microchip/xc32/v4.60/bin/bin/../../lib/gcc/pic32c/8.3.1/thumb/v7e-m+fp/hard/crtn.o
 .data          0x0000000000000000        0x0 /Applications/microchip/xc32/v4.60/bin/bin/../../lib/gcc/pic32c/8.3.1/thumb/v7e-m+fp/hard/crtn.o
 .bss           0x0000000000000000        0x0 /Applications/microchip/xc32/v4.60/bin/bin/../../lib/gcc/pic32c/8.3.1/thumb/v7e-m+fp/hard/crtn.o
 .xc_stack_usage.hdr
                0x0000000000000000        0xe /Applications/microchip/xc32/v4.60/bin/bin/../../lib/gcc/pic32c/8.3.1/thumb/v7e-m+fp/hard/crtn.o
 .text          0x0000000000000000        0x0 /Applications/microchip/xc32/v4.60/bin/bin/../../lib/gcc/pic32c/8.3.1/../../../../pic32c/lib/thumb/v7e-m+fp/hard/libpic32c.a(pic32_data_init_clear.o)
 .data          0x0000000000000000        0x0 /Applications/microchip/xc32/v4.60/bin/bin/../../lib/gcc/pic32c/8.3.1/../../../../pic32c/lib/thumb/v7e-m+fp/hard/libpic32c.a(pic32_data_init_clear.o)
 .bss           0x0000000000000000        0x0 /Applications/microchip/xc32/v4.60/bin/bin/../../lib/gcc/pic32c/8.3.1/../../../../pic32c/lib/thumb/v7e-m+fp/hard/libpic32c.a(pic32_data_init_clear.o)
 .xc_stack_usage
                0x0000000000000000       0x1b /Applications/microchip/xc32/v4.60/bin/bin/../../lib/gcc/pic32c/8.3.1/../../../../pic32c/lib/thumb/v7e-m+fp/hard/libpic32c.a(pic32_data_init_clear.o)
 .xc_stack_usage.hdr
                0x0000000000000000        0xe /Applications/microchip/xc32/v4.60/bin/bin/../../lib/gcc/pic32c/8.3.1/../../../../pic32c/lib/thumb/v7e-m+fp/hard/libpic32c.a(pic32_data_init_clear.o)
 .text          0x0000000000000000        0x0 /Applications/microchip/xc32/v4.60/bin/bin/../../lib/gcc/pic32c/8.3.1/../../../../pic32c/lib/thumb/v7e-m+fp/hard/libpic32c.a(pic32_data_init_copy.o)
 .data          0x0000000000000000        0x0 /Applications/microchip/xc32/v4.60/bin/bin/../../lib/gcc/pic32c/8.3.1/../../../../pic32c/lib/thumb/v7e-m+fp/hard/libpic32c.a(pic32_data_init_copy.o)
 .bss           0x0000000000000000        0x0 /Applications/microchip/xc32/v4.60/bin/bin/../../lib/gcc/pic32c/8.3.1/../../../../pic32c/lib/thumb/v7e-m+fp/hard/libpic32c.a(pic32_data_init_copy.o)
 .xc_stack_usage
                0x0000000000000000       0x1a /Applications/microchip/xc32/v4.60/bin/bin/../../lib/gcc/pic32c/8.3.1/../../../../pic32c/lib/thumb/v7e-m+fp/hard/libpic32c.a(pic32_data_init_copy.o)
 .xc_stack_usage.hdr
                0x0000000000000000        0xe /Applications/microchip/xc32/v4.60/bin/bin/../../lib/gcc/pic32c/8.3.1/../../../../pic32c/lib/thumb/v7e-m+fp/hard/libpic32c.a(pic32_data_init_copy.o)

Memory Configuration

Name             Origin             Length             Attributes
rom              0x0000000000000000 0x0000000000100000 xrl
ram              0x0000000020000000 0x0000000000040000 xw !r
tcm              0x0000000003000000 0x0000000000000000 xw
bkupram          0x0000000047000000 0x0000000000002000
config_00804000  0x0000000000804000 0x0000000000000004
config_00804004  0x0000000000804004 0x0000000000000004
config_00804008  0x0000000000804008 0x0000000000000004
*default*        0x0000000000000000 0xffffffffffffffff

Linker script and memory map

LOAD /Applications/microchip/xc32/v4.60/bin/bin/../../lib/gcc/pic32c/8.3.1/thumb/v7e-m+fp/hard/crti.o
LOAD /Applications/microchip/xc32/v4.60/bin/bin/../../lib/gcc/pic32c/8.3.1/thumb/v7e-m+fp/hard/crtbegin.o
LOAD build/default/production/_ext/1984496892/plib_clock.o
LOAD build/default/production/_ext/1865131932/plib_cmcc.o
LOAD build/default/production/_ext/1986646378/plib_evsys.o
LOAD build/default/production/_ext/1865468468/plib_nvic.o
LOAD build/default/production/_ext/1593096446/plib_nvmctrl.o
LOAD build/default/production/_ext/1865521619/plib_port.o
LOAD build/default/production/_ext/163028504/xc32_monitor.o
LOAD build/default/production/_ext/1171490990/exceptions.o
LOAD build/default/production/_ext/1171490990/initialization.o
LOAD build/default/production/_ext/1171490990/interrupts.o
LOAD build/default/production/_ext/1171490990/libc_syscalls.o
LOAD build/default/production/_ext/1171490990/startup_xc32.o
LOAD build/default/production/_ext/1360937237/main.o
LOAD build/default/production/_ext/829342655/plib_tc1.o
LOAD build/default/production/_ext/829342655/plib_tc0.o
                0x0000000000000001                __MPLAB_BUILD = 0x1
                0x0000000000100000                __rom_end = (ORIGIN (rom) + LENGTH (rom))
                0x0000000020040000                __ram_end = (ORIGIN (ram) + LENGTH (ram))

.config_00804000
 *(.config_00804000)

.config_00804004
 *(.config_00804004)

.config_00804008
 *(.config_00804008)

.vectors        0x0000000000000000      0x264
                0x0000000000000000                . = ALIGN (0x4)
                0x0000000000000000                _sfixed = .
 *(.vectors .vectors.* .vectors_default .vectors_default.*)
 .vectors.exception_table
                0x0000000000000000      0x264 build/default/production/_ext/1171490990/interrupts.o
                0x0000000000000000                exception_table
 *(.isr_vector)
 *(.reset*)
 *(.after_vectors)

.text           0x0000000000000264       0x20
                0x0000000000000264                . = ALIGN (0x4)
 *(.glue_7t)
 .glue_7t       0x0000000000000264        0x0 linker stubs
 *(.glue_7)
 .glue_7        0x0000000000000264        0x0 linker stubs
 *(.gnu.linkonce.r.*)
 *(.ARM.extab* .gnu.linkonce.armextab.*)
                0x0000000000000264                . = ALIGN (0x4)
 *(.init)
 .init          0x0000000000000264        0x4 /Applications/microchip/xc32/v4.60/bin/bin/../../lib/gcc/pic32c/8.3.1/thumb/v7e-m+fp/hard/crti.o
                0x0000000000000264                _init
 .init          0x0000000000000268        0x8 /Applications/microchip/xc32/v4.60/bin/bin/../../lib/gcc/pic32c/8.3.1/thumb/v7e-m+fp/hard/crtn.o
                0x0000000000000270                . = ALIGN (0x4)
                0x0000000000000270                __preinit_array_start = .
 *(.preinit_array)
                0x0000000000000270                __preinit_array_end = .
                0x0000000000000270                . = ALIGN (0x4)
                0x0000000000000270                __init_array_start = .
 *(SORT_BY_NAME(.init_array.*))
 *(.init_array)
 .init_array    0x0000000000000270        0x4 /Applications/microchip/xc32/v4.60/bin/bin/../../lib/gcc/pic32c/8.3.1/thumb/v7e-m+fp/hard/crtbegin.o
                0x0000000000000274                __init_array_end = .
                0x0000000000000274                . = ALIGN (0x4)
 *crtbegin.o(.ctors)
 *(EXCLUDE_FILE(*crtend.o) .ctors)
 *(SORT_BY_NAME(.ctors.*))
 *crtend.o(.ctors)
                0x0000000000000274                . = ALIGN (0x4)
 *(.fini)
 .fini          0x0000000000000274        0x4 /Applications/microchip/xc32/v4.60/bin/bin/../../lib/gcc/pic32c/8.3.1/thumb/v7e-m+fp/hard/crti.o
                0x0000000000000274                _fini
 .fini          0x0000000000000278        0x8 /Applications/microchip/xc32/v4.60/bin/bin/../../lib/gcc/pic32c/8.3.1/thumb/v7e-m+fp/hard/crtn.o
                0x0000000000000280                . = ALIGN (0x4)
                0x0000000000000280                __fini_array_start = .
 *(.fini_array)
 .fini_array    0x0000000000000280        0x4 /Applications/microchip/xc32/v4.60/bin/bin/../../lib/gcc/pic32c/8.3.1/thumb/v7e-m+fp/hard/crtbegin.o
 *(SORT_BY_NAME(.fini_array.*))
                0x0000000000000284                __fini_array_end = .
 *crtbegin.o(.dtors)
 *(EXCLUDE_FILE(*crtend.o) .dtors)
 *(SORT_BY_NAME(.dtors.*))
 *crtend.o(.dtors)
                0x0000000000000284                . = ALIGN (0x4)
                0x0000000000000284                _efixed = .
                [!provide]                        PROVIDE (__exidx_start = .)

.ARM.exidx
 *(.ARM.exidx* .gnu.linkonce.armexidx.*)
                [!provide]                        PROVIDE (__exidx_end = .)
                0x0000000000000284                . = ALIGN (0x4)
                0x0000000000000284                _etext = .

.bss            0x0000000020000000        0x0
                0x0000000020000000                . = ALIGN (0x4)
                0x0000000020000000                __bss_start__ = .
                0x0000000020000000                _sbss = .
                0x0000000020000000                _szero = .
 *(COMMON)
                0x0000000020000000                . = ALIGN (0x4)
                0x0000000020000000                __bss_end__ = .
                0x0000000020000000                _ebss = .
                0x0000000020000000                _ezero = .
                0x0000000020000000                . = ALIGN (0x4)
                0x0000000020000000                _end = .
                0x000000002003ffff                _ram_end_ = ((ORIGIN (ram) + LENGTH (ram)) - 0x1)

.bkupram_bss
 *(.bkupram_bss .bkupram_bss.*)
 *(.pbss .pbss.*)
                0x0000000000000200                _min_heap_size = 0x200
START GROUP
LOAD /Applications/microchip/xc32/v4.60/bin/bin/../../lib/gcc/pic32c/8.3.1/../../../../pic32c/lib/thumb/v7e-m+fp/hard/libpic32c.a
LOAD /Applications/microchip/xc32/v4.60/bin/bin/../../lib/gcc/pic32c/8.3.1/../../../../pic32c/lib/thumb/v7e-m+fp/hard/libc-size-musl.a
LOAD /Applications/microchip/xc32/v4.60/bin/bin/../../lib/gcc/pic32c/8.3.1/../../../../pic32c/lib/thumb/v7e-m+fp/hard/liblmalloc-musl.a
LOAD /Applications/microchip/xc32/v4.60/bin/bin/../../lib/gcc/pic32c/8.3.1/../../../../pic32c/lib/thumb/v7e-m+fp/hard/libm-fast-emfloat.a
LOAD /Applications/microchip/xc32/v4.60/bin/bin/../../lib/gcc/pic32c/8.3.1/../../../../pic32c/lib/thumb/v7e-m+fp/hard/libm-musl.a
LOAD /Applications/microchip/xc32/v4.60/bin/bin/../../lib/gcc/pic32c/8.3.1/../../../../pic32c/lib/thumb/v7e-m+fp/hard/libc-musl.a
LOAD /Applications/microchip/xc32/v4.60/bin/bin/../../lib/gcc/pic32c/8.3.1/../../../../pic32c/lib/thumb/v7e-m+fp/hard/libm-fast-emfloat.a
LOAD /Applications/microchip/xc32/v4.60/bin/bin/../../lib/gcc/pic32c/8.3.1/../../../../pic32c/lib/thumb/v7e-m+fp/hard/libm-musl.a
LOAD /Applications/microchip/xc32/v4.60/bin/bin/../../lib/gcc/pic32c/8.3.1/thumb/v7e-m+fp/hard/libgcc.a
END GROUP
LOAD /Applications/microchip/xc32/v4.60/bin/bin/../../lib/gcc/pic32c/8.3.1/thumb/v7e-m+fp/hard/crtend.o
LOAD /Applications/microchip/xc32/v4.60/bin/bin/../../lib/gcc/pic32c/8.3.1/thumb/v7e-m+fp/hard/crtn.o
OUTPUT(dist/default/production/Lab04_SystemClock_DFLL_Closeloop.X.production.elf elf32-littlearm)
LOAD data_init
LOAD stack

.ARM.attributes
                0x0000000000000000       0x34
 .ARM.attributes
                0x0000000000000000       0x1e /Applications/microchip/xc32/v4.60/bin/bin/../../lib/gcc/pic32c/8.3.1/thumb/v7e-m+fp/hard/crti.o
 .ARM.attributes
                0x000000000000001e       0x34 /Applications/microchip/xc32/v4.60/bin/bin/../../lib/gcc/pic32c/8.3.1/thumb/v7e-m+fp/hard/crtbegin.o
 .ARM.attributes
                0x0000000000000052       0x34 build/default/production/_ext/1984496892/plib_clock.o
 .ARM.attributes
                0x0000000000000086       0x34 build/default/production/_ext/1986646378/plib_evsys.o
 .ARM.attributes
                0x00000000000000ba       0x34 build/default/production/_ext/1865468468/plib_nvic.o
 .ARM.attributes
                0x00000000000000ee       0x34 build/default/production/_ext/1593096446/plib_nvmctrl.o
 .ARM.attributes
                0x0000000000000122       0x34 build/default/production/_ext/1865521619/plib_port.o
 .ARM.attributes
                0x0000000000000156       0x34 build/default/production/_ext/1171490990/exceptions.o
 .ARM.attributes
                0x000000000000018a       0x34 build/default/production/_ext/1171490990/initialization.o
 .ARM.attributes
                0x00000000000001be       0x34 build/default/production/_ext/1171490990/interrupts.o
 .ARM.attributes
                0x00000000000001f2       0x34 build/default/production/_ext/1171490990/startup_xc32.o
 .ARM.attributes
                0x0000000000000226       0x34 build/default/production/_ext/1360937237/main.o
 .ARM.attributes
                0x000000000000025a       0x34 build/default/production/_ext/829342655/plib_tc1.o
 .ARM.attributes
                0x000000000000028e       0x34 build/default/production/_ext/829342655/plib_tc0.o
 .ARM.attributes
                0x00000000000002c2       0x34 /Applications/microchip/xc32/v4.60/bin/bin/../../lib/gcc/pic32c/8.3.1/../../../../pic32c/lib/thumb/v7e-m+fp/hard/libpic32c.a(data_init.o)
 .ARM.attributes
                0x00000000000002f6       0x36 /Applications/microchip/xc32/v4.60/bin/bin/../../lib/gcc/pic32c/8.3.1/../../../../pic32c/lib/thumb/v7e-m+fp/hard/libc-musl.a(__libc_start_main.o)
 .ARM.attributes
                0x000000000000032c       0x34 /Applications/microchip/xc32/v4.60/bin/bin/../../lib/gcc/pic32c/8.3.1/../../../../pic32c/lib/thumb/v7e-m+fp/hard/libc-musl.a(libc.o)
 .ARM.attributes
                0x0000000000000360       0x34 /Applications/microchip/xc32/v4.60/bin/bin/../../lib/gcc/pic32c/8.3.1/../../../../pic32c/lib/thumb/v7e-m+fp/hard/libc-musl.a(__environ.o)
 .ARM.attributes
                0x0000000000000394       0x1e /Applications/microchip/xc32/v4.60/bin/bin/../../lib/gcc/pic32c/8.3.1/thumb/v7e-m+fp/hard/crtn.o
 .ARM.attributes
                0x00000000000003b2       0x34 /Applications/microchip/xc32/v4.60/bin/bin/../../lib/gcc/pic32c/8.3.1/../../../../pic32c/lib/thumb/v7e-m+fp/hard/libpic32c.a(pic32_data_init_clear.o)
 .ARM.attributes
                0x00000000000003e6       0x34 /Applications/microchip/xc32/v4.60/bin/bin/../../lib/gcc/pic32c/8.3.1/../../../../pic32c/lib/thumb/v7e-m+fp/hard/libpic32c.a(pic32_data_init_copy.o)

.comment        0x0000000000000000       0x2b
 .comment       0x0000000000000000       0x2b /Applications/microchip/xc32/v4.60/bin/bin/../../lib/gcc/pic32c/8.3.1/thumb/v7e-m+fp/hard/crtbegin.o
                                         0x2c (size before relaxing)
 .comment       0x000000000000002b       0x2c build/default/production/_ext/1984496892/plib_clock.o
 .comment       0x000000000000002b       0x2c build/default/production/_ext/1986646378/plib_evsys.o
 .comment       0x000000000000002b       0x2c build/default/production/_ext/1865468468/plib_nvic.o
 .comment       0x000000000000002b       0x2c build/default/production/_ext/1593096446/plib_nvmctrl.o
 .comment       0x000000000000002b       0x2c build/default/production/_ext/1865521619/plib_port.o
 .comment       0x000000000000002b       0x2c build/default/production/_ext/1171490990/exceptions.o
 .comment       0x000000000000002b       0x2c build/default/production/_ext/1171490990/initialization.o
 .comment       0x000000000000002b       0x2c build/default/production/_ext/1171490990/interrupts.o
 .comment       0x000000000000002b       0x2c build/default/production/_ext/1171490990/startup_xc32.o
 .comment       0x000000000000002b       0x2c build/default/production/_ext/1360937237/main.o
 .comment       0x000000000000002b       0x2c build/default/production/_ext/829342655/plib_tc1.o
 .comment       0x000000000000002b       0x2c build/default/production/_ext/829342655/plib_tc0.o
 .comment       0x000000000000002b       0x2c /Applications/microchip/xc32/v4.60/bin/bin/../../lib/gcc/pic32c/8.3.1/../../../../pic32c/lib/thumb/v7e-m+fp/hard/libpic32c.a(data_init.o)
 .comment       0x000000000000002b       0x2c /Applications/microchip/xc32/v4.60/bin/bin/../../lib/gcc/pic32c/8.3.1/../../../../pic32c/lib/thumb/v7e-m+fp/hard/libc-musl.a(__libc_start_main.o)
 .comment       0x000000000000002b       0x2c /Applications/microchip/xc32/v4.60/bin/bin/../../lib/gcc/pic32c/8.3.1/../../../../pic32c/lib/thumb/v7e-m+fp/hard/libc-musl.a(libc.o)
 .comment       0x000000000000002b       0x2c /Applications/microchip/xc32/v4.60/bin/bin/../../lib/gcc/pic32c/8.3.1/../../../../pic32c/lib/thumb/v7e-m+fp/hard/libc-musl.a(__environ.o)
 .comment       0x000000000000002b       0x2c /Applications/microchip/xc32/v4.60/bin/bin/../../lib/gcc/pic32c/8.3.1/../../../../pic32c/lib/thumb/v7e-m+fp/hard/libpic32c.a(pic32_data_init_clear.o)
 .comment       0x000000000000002b       0x2c /Applications/microchip/xc32/v4.60/bin/bin/../../lib/gcc/pic32c/8.3.1/../../../../pic32c/lib/thumb/v7e-m+fp/hard/libpic32c.a(pic32_data_init_copy.o)

.debug_info     0x0000000000000000     0x513c
 .debug_info    0x0000000000000000      0x66e build/default/production/_ext/1984496892/plib_clock.o
 .debug_info    0x000000000000066e       0x9b build/default/production/_ext/1986646378/plib_evsys.o
 .debug_info    0x0000000000000709      0xc42 build/default/production/_ext/1865468468/plib_nvic.o
 .debug_info    0x000000000000134b      0x8c9 build/default/production/_ext/1593096446/plib_nvmctrl.o
 .debug_info    0x0000000000001c14      0x81b build/default/production/_ext/1865521619/plib_port.o
 .debug_info    0x000000000000242f      0x10f build/default/production/_ext/1171490990/exceptions.o
 .debug_info    0x000000000000253e      0x159 build/default/production/_ext/1171490990/initialization.o
 .debug_info    0x0000000000002697      0xa7c build/default/production/_ext/1171490990/interrupts.o
 .debug_info    0x0000000000003113      0x55b build/default/production/_ext/1171490990/startup_xc32.o
 .debug_info    0x000000000000366e      0x3b7 build/default/production/_ext/1360937237/main.o
 .debug_info    0x0000000000003a25      0x814 build/default/production/_ext/829342655/plib_tc1.o
 .debug_info    0x0000000000004239      0x814 build/default/production/_ext/829342655/plib_tc0.o
 .debug_info    0x0000000000004a4d       0x68 /Applications/microchip/xc32/v4.60/bin/bin/../../lib/gcc/pic32c/8.3.1/../../../../pic32c/lib/thumb/v7e-m+fp/hard/libpic32c.a(data_init.o)
 .debug_info    0x0000000000004ab5      0x2fb /Applications/microchip/xc32/v4.60/bin/bin/../../lib/gcc/pic32c/8.3.1/../../../../pic32c/lib/thumb/v7e-m+fp/hard/libc-musl.a(__libc_start_main.o)
 .debug_info    0x0000000000004db0      0x276 /Applications/microchip/xc32/v4.60/bin/bin/../../lib/gcc/pic32c/8.3.1/../../../../pic32c/lib/thumb/v7e-m+fp/hard/libc-musl.a(libc.o)
 .debug_info    0x0000000000005026       0x97 /Applications/microchip/xc32/v4.60/bin/bin/../../lib/gcc/pic32c/8.3.1/../../../../pic32c/lib/thumb/v7e-m+fp/hard/libc-musl.a(__environ.o)
 .debug_info    0x00000000000050bd       0x3f /Applications/microchip/xc32/v4.60/bin/bin/../../lib/gcc/pic32c/8.3.1/../../../../pic32c/lib/thumb/v7e-m+fp/hard/libpic32c.a(pic32_data_init_clear.o)
 .debug_info    0x00000000000050fc       0x40 /Applications/microchip/xc32/v4.60/bin/bin/../../lib/gcc/pic32c/8.3.1/../../../../pic32c/lib/thumb/v7e-m+fp/hard/libpic32c.a(pic32_data_init_copy.o)

.debug_abbrev   0x0000000000000000     0x1318
 .debug_abbrev  0x0000000000000000      0x10b build/default/production/_ext/1984496892/plib_clock.o
 .debug_abbrev  0x000000000000010b       0x46 build/default/production/_ext/1986646378/plib_evsys.o
 .debug_abbrev  0x0000000000000151      0x258 build/default/production/_ext/1865468468/plib_nvic.o
 .debug_abbrev  0x00000000000003a9      0x23c build/default/production/_ext/1593096446/plib_nvmctrl.o
 .debug_abbrev  0x00000000000005e5      0x1ea build/default/production/_ext/1865521619/plib_port.o
 .debug_abbrev  0x00000000000007cf       0x49 build/default/production/_ext/1171490990/exceptions.o
 .debug_abbrev  0x0000000000000818       0x96 build/default/production/_ext/1171490990/initialization.o
 .debug_abbrev  0x00000000000008ae       0xc0 build/default/production/_ext/1171490990/interrupts.o
 .debug_abbrev  0x000000000000096e      0x1e3 build/default/production/_ext/1171490990/startup_xc32.o
 .debug_abbrev  0x0000000000000b51      0x142 build/default/production/_ext/1360937237/main.o
 .debug_abbrev  0x0000000000000c93      0x1be build/default/production/_ext/829342655/plib_tc1.o
 .debug_abbrev  0x0000000000000e51      0x1be build/default/production/_ext/829342655/plib_tc0.o
 .debug_abbrev  0x000000000000100f       0x44 /Applications/microchip/xc32/v4.60/bin/bin/../../lib/gcc/pic32c/8.3.1/../../../../pic32c/lib/thumb/v7e-m+fp/hard/libpic32c.a(data_init.o)
 .debug_abbrev  0x0000000000001053      0x133 /Applications/microchip/xc32/v4.60/bin/bin/../../lib/gcc/pic32c/8.3.1/../../../../pic32c/lib/thumb/v7e-m+fp/hard/libc-musl.a(__libc_start_main.o)
 .debug_abbrev  0x0000000000001186       0xd4 /Applications/microchip/xc32/v4.60/bin/bin/../../lib/gcc/pic32c/8.3.1/../../../../pic32c/lib/thumb/v7e-m+fp/hard/libc-musl.a(libc.o)
 .debug_abbrev  0x000000000000125a       0x62 /Applications/microchip/xc32/v4.60/bin/bin/../../lib/gcc/pic32c/8.3.1/../../../../pic32c/lib/thumb/v7e-m+fp/hard/libc-musl.a(__environ.o)
 .debug_abbrev  0x00000000000012bc       0x2e /Applications/microchip/xc32/v4.60/bin/bin/../../lib/gcc/pic32c/8.3.1/../../../../pic32c/lib/thumb/v7e-m+fp/hard/libpic32c.a(pic32_data_init_clear.o)
 .debug_abbrev  0x00000000000012ea       0x2e /Applications/microchip/xc32/v4.60/bin/bin/../../lib/gcc/pic32c/8.3.1/../../../../pic32c/lib/thumb/v7e-m+fp/hard/libpic32c.a(pic32_data_init_copy.o)

.debug_aranges  0x0000000000000000      0x450
 .debug_aranges
                0x0000000000000000       0x20 build/default/production/_ext/1984496892/plib_clock.o
 .debug_aranges
                0x0000000000000020       0x20 build/default/production/_ext/1986646378/plib_evsys.o
 .debug_aranges
                0x0000000000000040       0x48 build/default/production/_ext/1865468468/plib_nvic.o
 .debug_aranges
                0x0000000000000088       0xd0 build/default/production/_ext/1593096446/plib_nvmctrl.o
 .debug_aranges
                0x0000000000000158       0x70 build/default/production/_ext/1865521619/plib_port.o
 .debug_aranges
                0x00000000000001c8       0x48 build/default/production/_ext/1171490990/exceptions.o
 .debug_aranges
                0x0000000000000210       0x20 build/default/production/_ext/1171490990/initialization.o
 .debug_aranges
                0x0000000000000230       0x20 build/default/production/_ext/1171490990/interrupts.o
 .debug_aranges
                0x0000000000000250       0x28 build/default/production/_ext/1171490990/startup_xc32.o
 .debug_aranges
                0x0000000000000278       0x30 build/default/production/_ext/1360937237/main.o
 .debug_aranges
                0x00000000000002a8       0x70 build/default/production/_ext/829342655/plib_tc1.o
 .debug_aranges
                0x0000000000000318       0x70 build/default/production/_ext/829342655/plib_tc0.o
 .debug_aranges
                0x0000000000000388       0x30 /Applications/microchip/xc32/v4.60/bin/bin/../../lib/gcc/pic32c/8.3.1/../../../../pic32c/lib/thumb/v7e-m+fp/hard/libpic32c.a(data_init.o)
 .debug_aranges
                0x00000000000003b8       0x28 /Applications/microchip/xc32/v4.60/bin/bin/../../lib/gcc/pic32c/8.3.1/../../../../pic32c/lib/thumb/v7e-m+fp/hard/libc-musl.a(__libc_start_main.o)
 .debug_aranges
                0x00000000000003e0       0x18 /Applications/microchip/xc32/v4.60/bin/bin/../../lib/gcc/pic32c/8.3.1/../../../../pic32c/lib/thumb/v7e-m+fp/hard/libc-musl.a(libc.o)
 .debug_aranges
                0x00000000000003f8       0x18 /Applications/microchip/xc32/v4.60/bin/bin/../../lib/gcc/pic32c/8.3.1/../../../../pic32c/lib/thumb/v7e-m+fp/hard/libc-musl.a(__environ.o)
 .debug_aranges
                0x0000000000000410       0x20 /Applications/microchip/xc32/v4.60/bin/bin/../../lib/gcc/pic32c/8.3.1/../../../../pic32c/lib/thumb/v7e-m+fp/hard/libpic32c.a(pic32_data_init_clear.o)
 .debug_aranges
                0x0000000000000430       0x20 /Applications/microchip/xc32/v4.60/bin/bin/../../lib/gcc/pic32c/8.3.1/../../../../pic32c/lib/thumb/v7e-m+fp/hard/libpic32c.a(pic32_data_init_copy.o)

.debug_ranges   0x0000000000000000      0x348
 .debug_ranges  0x0000000000000000       0x10 build/default/production/_ext/1984496892/plib_clock.o
 .debug_ranges  0x0000000000000010       0x10 build/default/production/_ext/1986646378/plib_evsys.o
 .debug_ranges  0x0000000000000020       0x38 build/default/production/_ext/1865468468/plib_nvic.o
 .debug_ranges  0x0000000000000058       0xc0 build/default/production/_ext/1593096446/plib_nvmctrl.o
 .debug_ranges  0x0000000000000118       0x60 build/default/production/_ext/1865521619/plib_port.o
 .debug_ranges  0x0000000000000178       0x38 build/default/production/_ext/1171490990/exceptions.o
 .debug_ranges  0x00000000000001b0       0x10 build/default/production/_ext/1171490990/initialization.o
 .debug_ranges  0x00000000000001c0       0x10 build/default/production/_ext/1171490990/interrupts.o
 .debug_ranges  0x00000000000001d0       0x18 build/default/production/_ext/1171490990/startup_xc32.o
 .debug_ranges  0x00000000000001e8       0x20 build/default/production/_ext/1360937237/main.o
 .debug_ranges  0x0000000000000208       0x60 build/default/production/_ext/829342655/plib_tc1.o
 .debug_ranges  0x0000000000000268       0x60 build/default/production/_ext/829342655/plib_tc0.o
 .debug_ranges  0x00000000000002c8       0x20 /Applications/microchip/xc32/v4.60/bin/bin/../../lib/gcc/pic32c/8.3.1/../../../../pic32c/lib/thumb/v7e-m+fp/hard/libpic32c.a(data_init.o)
 .debug_ranges  0x00000000000002e8       0x40 /Applications/microchip/xc32/v4.60/bin/bin/../../lib/gcc/pic32c/8.3.1/../../../../pic32c/lib/thumb/v7e-m+fp/hard/libc-musl.a(__libc_start_main.o)
 .debug_ranges  0x0000000000000328       0x10 /Applications/microchip/xc32/v4.60/bin/bin/../../lib/gcc/pic32c/8.3.1/../../../../pic32c/lib/thumb/v7e-m+fp/hard/libpic32c.a(pic32_data_init_clear.o)
 .debug_ranges  0x0000000000000338       0x10 /Applications/microchip/xc32/v4.60/bin/bin/../../lib/gcc/pic32c/8.3.1/../../../../pic32c/lib/thumb/v7e-m+fp/hard/libpic32c.a(pic32_data_init_copy.o)

.debug_line     0x0000000000000000     0x22c0
 .debug_line    0x0000000000000000      0x309 build/default/production/_ext/1984496892/plib_clock.o
 .debug_line    0x0000000000000309       0x66 build/default/production/_ext/1986646378/plib_evsys.o
 .debug_line    0x000000000000036f      0x405 build/default/production/_ext/1865468468/plib_nvic.o
 .debug_line    0x0000000000000774      0x598 build/default/production/_ext/1593096446/plib_nvmctrl.o
 .debug_line    0x0000000000000d0c      0x310 build/default/production/_ext/1865521619/plib_port.o
 .debug_line    0x000000000000101c       0xc7 build/default/production/_ext/1171490990/exceptions.o
 .debug_line    0x00000000000010e3      0x1bc build/default/production/_ext/1171490990/initialization.o
 .debug_line    0x000000000000129f       0xb7 build/default/production/_ext/1171490990/interrupts.o
 .debug_line    0x0000000000001356      0x246 build/default/production/_ext/1171490990/startup_xc32.o
 .debug_line    0x000000000000159c      0x1dc build/default/production/_ext/1360937237/main.o
 .debug_line    0x0000000000001778      0x31f build/default/production/_ext/829342655/plib_tc1.o
 .debug_line    0x0000000000001a97      0x31f build/default/production/_ext/829342655/plib_tc0.o
 .debug_line    0x0000000000001db6       0xa7 /Applications/microchip/xc32/v4.60/bin/bin/../../lib/gcc/pic32c/8.3.1/../../../../pic32c/lib/thumb/v7e-m+fp/hard/libpic32c.a(data_init.o)
 .debug_line    0x0000000000001e5d      0x1c7 /Applications/microchip/xc32/v4.60/bin/bin/../../lib/gcc/pic32c/8.3.1/../../../../pic32c/lib/thumb/v7e-m+fp/hard/libc-musl.a(__libc_start_main.o)
 .debug_line    0x0000000000002024       0xb5 /Applications/microchip/xc32/v4.60/bin/bin/../../lib/gcc/pic32c/8.3.1/../../../../pic32c/lib/thumb/v7e-m+fp/hard/libc-musl.a(libc.o)
 .debug_line    0x00000000000020d9       0xfb /Applications/microchip/xc32/v4.60/bin/bin/../../lib/gcc/pic32c/8.3.1/../../../../pic32c/lib/thumb/v7e-m+fp/hard/libc-musl.a(__environ.o)
 .debug_line    0x00000000000021d4       0x72 /Applications/microchip/xc32/v4.60/bin/bin/../../lib/gcc/pic32c/8.3.1/../../../../pic32c/lib/thumb/v7e-m+fp/hard/libpic32c.a(pic32_data_init_clear.o)
 .debug_line    0x0000000000002246       0x7a /Applications/microchip/xc32/v4.60/bin/bin/../../lib/gcc/pic32c/8.3.1/../../../../pic32c/lib/thumb/v7e-m+fp/hard/libpic32c.a(pic32_data_init_copy.o)

.debug_str      0x0000000000000000     0x62e1
 .debug_str     0x0000000000000000      0x699 build/default/production/_ext/1984496892/plib_clock.o
 .debug_str     0x0000000000000699      0x2e4 build/default/production/_ext/1986646378/plib_evsys.o
 .debug_str     0x000000000000097d      0xd5b build/default/production/_ext/1865468468/plib_nvic.o
 .debug_str     0x00000000000016d8      0x6c6 build/default/production/_ext/1593096446/plib_nvmctrl.o
 .debug_str     0x0000000000001d9e      0xb96 build/default/production/_ext/1865521619/plib_port.o
 .debug_str     0x0000000000002934      0x33d build/default/production/_ext/1171490990/exceptions.o
 .debug_str     0x0000000000002c71      0x357 build/default/production/_ext/1171490990/initialization.o
 .debug_str     0x0000000000002fc8      0xf25 build/default/production/_ext/1171490990/interrupts.o
 .debug_str     0x0000000000003eed      0x47d build/default/production/_ext/1171490990/startup_xc32.o
 .debug_str     0x000000000000436a      0x461 build/default/production/_ext/1360937237/main.o
 .debug_str     0x00000000000047cb      0x601 build/default/production/_ext/829342655/plib_tc1.o
 .debug_str     0x0000000000004dcc      0x601 build/default/production/_ext/829342655/plib_tc0.o
 .debug_str     0x00000000000053cd      0x206 /Applications/microchip/xc32/v4.60/bin/bin/../../lib/gcc/pic32c/8.3.1/../../../../pic32c/lib/thumb/v7e-m+fp/hard/libpic32c.a(data_init.o)
 .debug_str     0x00000000000055d3      0x3d4 /Applications/microchip/xc32/v4.60/bin/bin/../../lib/gcc/pic32c/8.3.1/../../../../pic32c/lib/thumb/v7e-m+fp/hard/libc-musl.a(__libc_start_main.o)
 .debug_str     0x00000000000059a7      0x33f /Applications/microchip/xc32/v4.60/bin/bin/../../lib/gcc/pic32c/8.3.1/../../../../pic32c/lib/thumb/v7e-m+fp/hard/libc-musl.a(libc.o)
 .debug_str     0x0000000000005ce6      0x23f /Applications/microchip/xc32/v4.60/bin/bin/../../lib/gcc/pic32c/8.3.1/../../../../pic32c/lib/thumb/v7e-m+fp/hard/libc-musl.a(__environ.o)
 .debug_str     0x0000000000005f25      0x1df /Applications/microchip/xc32/v4.60/bin/bin/../../lib/gcc/pic32c/8.3.1/../../../../pic32c/lib/thumb/v7e-m+fp/hard/libpic32c.a(pic32_data_init_clear.o)
 .debug_str     0x0000000000006104      0x1dd /Applications/microchip/xc32/v4.60/bin/bin/../../lib/gcc/pic32c/8.3.1/../../../../pic32c/lib/thumb/v7e-m+fp/hard/libpic32c.a(pic32_data_init_copy.o)

.debug_frame    0x0000000000000000      0x6f4
 .debug_frame   0x0000000000000000       0x20 build/default/production/_ext/1984496892/plib_clock.o
 .debug_frame   0x0000000000000020       0x20 build/default/production/_ext/1986646378/plib_evsys.o
 .debug_frame   0x0000000000000040       0x7c build/default/production/_ext/1865468468/plib_nvic.o
 .debug_frame   0x00000000000000bc      0x1c8 build/default/production/_ext/1593096446/plib_nvmctrl.o
 .debug_frame   0x0000000000000284       0xd8 build/default/production/_ext/1865521619/plib_port.o
 .debug_frame   0x000000000000035c       0x70 build/default/production/_ext/1171490990/exceptions.o
 .debug_frame   0x00000000000003cc       0x28 build/default/production/_ext/1171490990/initialization.o
 .debug_frame   0x00000000000003f4       0x20 build/default/production/_ext/1171490990/interrupts.o
 .debug_frame   0x0000000000000414       0x38 build/default/production/_ext/1171490990/startup_xc32.o
 .debug_frame   0x000000000000044c       0x48 build/default/production/_ext/1360937237/main.o
 .debug_frame   0x0000000000000494       0xc8 build/default/production/_ext/829342655/plib_tc1.o
 .debug_frame   0x000000000000055c       0xc8 build/default/production/_ext/829342655/plib_tc0.o
 .debug_frame   0x0000000000000624       0x4c /Applications/microchip/xc32/v4.60/bin/bin/../../lib/gcc/pic32c/8.3.1/../../../../pic32c/lib/thumb/v7e-m+fp/hard/libpic32c.a(data_init.o)
 .debug_frame   0x0000000000000670       0x3c /Applications/microchip/xc32/v4.60/bin/bin/../../lib/gcc/pic32c/8.3.1/../../../../pic32c/lib/thumb/v7e-m+fp/hard/libc-musl.a(__libc_start_main.o)
 .debug_frame   0x00000000000006ac       0x20 /Applications/microchip/xc32/v4.60/bin/bin/../../lib/gcc/pic32c/8.3.1/../../../../pic32c/lib/thumb/v7e-m+fp/hard/libpic32c.a(pic32_data_init_clear.o)
 .debug_frame   0x00000000000006cc       0x28 /Applications/microchip/xc32/v4.60/bin/bin/../../lib/gcc/pic32c/8.3.1/../../../../pic32c/lib/thumb/v7e-m+fp/hard/libpic32c.a(pic32_data_init_copy.o)

.debug_loc      0x0000000000000000      0xe6e
 .debug_loc     0x0000000000000000      0x1e3 build/default/production/_ext/1865468468/plib_nvic.o
 .debug_loc     0x00000000000001e3      0x83e build/default/production/_ext/1593096446/plib_nvmctrl.o
 .debug_loc     0x0000000000000a21      0x23d build/default/production/_ext/1865521619/plib_port.o
 .debug_loc     0x0000000000000c5e       0x45 build/default/production/_ext/1171490990/initialization.o
 .debug_loc     0x0000000000000ca3       0x4a build/default/production/_ext/1171490990/startup_xc32.o
 .debug_loc     0x0000000000000ced       0x20 build/default/production/_ext/1360937237/main.o
 .debug_loc     0x0000000000000d0d       0x74 build/default/production/_ext/829342655/plib_tc1.o
 .debug_loc     0x0000000000000d81       0x74 build/default/production/_ext/829342655/plib_tc0.o
 .debug_loc     0x0000000000000df5       0x14 /Applications/microchip/xc32/v4.60/bin/bin/../../lib/gcc/pic32c/8.3.1/../../../../pic32c/lib/thumb/v7e-m+fp/hard/libpic32c.a(data_init.o)
 .debug_loc     0x0000000000000e09       0x51 /Applications/microchip/xc32/v4.60/bin/bin/../../lib/gcc/pic32c/8.3.1/../../../../pic32c/lib/thumb/v7e-m+fp/hard/libc-musl.a(__libc_start_main.o)
 .debug_loc     0x0000000000000e5a       0x14 /Applications/microchip/xc32/v4.60/bin/bin/../../lib/gcc/pic32c/8.3.1/../../../../pic32c/lib/thumb/v7e-m+fp/hard/libpic32c.a(pic32_data_init_copy.o)

.note.GNU-stack
                0x0000000000000000        0x0
 .note.GNU-stack
                0x0000000000000000        0x0 /Applications/microchip/xc32/v4.60/bin/bin/../../lib/gcc/pic32c/8.3.1/../../../../pic32c/lib/thumb/v7e-m+fp/hard/libc-musl.a(__libc_start_main.o)
 .note.GNU-stack
                0x0000000000000000        0x0 /Applications/microchip/xc32/v4.60/bin/bin/../../lib/gcc/pic32c/8.3.1/../../../../pic32c/lib/thumb/v7e-m+fp/hard/libc-musl.a(libc.o)
 .note.GNU-stack
                0x0000000000000000        0x0 /Applications/microchip/xc32/v4.60/bin/bin/../../lib/gcc/pic32c/8.3.1/../../../../pic32c/lib/thumb/v7e-m+fp/hard/libc-musl.a(__environ.o)

.stack          0x00000000200002a0      0x100
 .stack         0x00000000200002a0      0x100 stack

.bss%1          0x0000000020000000       0x50
 .bss           0x0000000020000000       0x50 /Applications/microchip/xc32/v4.60/bin/bin/../../lib/gcc/pic32c/8.3.1/../../../../pic32c/lib/thumb/v7e-m+fp/hard/libc-musl.a(libc.o)
                0x0000000020000000                program_invocation_name
                0x0000000020000000                __progname_full
                0x0000000020000004                __progname
                0x0000000020000004                program_invocation_short_name
                0x0000000020000008                __sysinfo
                0x000000002000000c                __hwcap
                0x0000000020000010                __libc

.bss%2          0x0000000020000050       0x1c
 .bss           0x0000000020000050       0x1c /Applications/microchip/xc32/v4.60/bin/bin/../../lib/gcc/pic32c/8.3.1/thumb/v7e-m+fp/hard/crtbegin.o

.bss.TC1_CallbackObject%3
                0x000000002000006c        0x8
 .bss.TC1_CallbackObject
                0x000000002000006c        0x8 build/default/production/_ext/829342655/plib_tc1.o

.bss.TC0_CallbackObject%4
                0x0000000020000074        0x8
 .bss.TC0_CallbackObject
                0x0000000020000074        0x8 build/default/production/_ext/829342655/plib_tc0.o

.bss%5          0x000000002000007c        0x4
 .bss           0x000000002000007c        0x4 /Applications/microchip/xc32/v4.60/bin/bin/../../lib/gcc/pic32c/8.3.1/../../../../pic32c/lib/thumb/v7e-m+fp/hard/libpic32c.a(data_init.o)

.bss%6          0x0000000020000080        0x4
 .bss           0x0000000020000080        0x4 /Applications/microchip/xc32/v4.60/bin/bin/../../lib/gcc/pic32c/8.3.1/../../../../pic32c/lib/thumb/v7e-m+fp/hard/libc-musl.a(__environ.o)
                0x0000000020000080                _environ
                0x0000000020000080                __environ
                0x0000000020000080                environ
                0x0000000020000080                ___environ

.bss.TC0_HasExpired%7
                0x0000000020000084        0x1
 .bss.TC0_HasExpired
                0x0000000020000084        0x1 build/default/production/_ext/1360937237/main.o
                0x0000000020000084                TC0_HasExpired

.bss.TC1_HasExpired%8
                0x0000000020000085        0x1
 .bss.TC1_HasExpired
                0x0000000020000085        0x1 build/default/production/_ext/1360937237/main.o
                0x0000000020000085                TC1_HasExpired

.eh_frame%z1    0x0000000000000000        0x0
 .eh_frame      0x0000000000000000        0x0 /Applications/microchip/xc32/v4.60/bin/bin/../../lib/gcc/pic32c/8.3.1/thumb/v7e-m+fp/hard/crtbegin.o

.config_00804000.__config_00804000%9
                0x0000000000804000        0x4
 .config_00804000.__config_00804000
                0x0000000000804000        0x4 build/default/production/_ext/1171490990/initialization.o
                0x0000000000804000                __config_00804000

.config_00804004.__config_00804004%10
                0x0000000000804004        0x4
 .config_00804004.__config_00804004
                0x0000000000804004        0x4 build/default/production/_ext/1171490990/initialization.o
                0x0000000000804004                __config_00804004

.config_00804008.__config_00804008%11
                0x0000000000804008        0x4
 .config_00804008.__config_00804008
                0x0000000000804008        0x4 build/default/production/_ext/1171490990/initialization.o
                0x0000000000804008                __config_00804008

.text.CLOCK_Initialize%12
                0x0000000000000284      0x14c
 .text.CLOCK_Initialize
                0x0000000000000284      0x14c build/default/production/_ext/1984496892/plib_clock.o
                0x0000000000000284                CLOCK_Initialize

.text.Reset_Handler%13
                0x00000000000003d0       0x88
 .text.Reset_Handler
                0x00000000000003d0       0x88 build/default/production/_ext/1171490990/startup_xc32.o
                0x00000000000003d0                Reset_Handler

.text.main%14   0x0000000000000458       0x70
 .text.main     0x0000000000000458       0x70 build/default/production/_ext/1360937237/main.o
                0x0000000000000458                main

.text.NVIC_Initialize%15
                0x00000000000004c8       0x60
 .text.NVIC_Initialize
                0x00000000000004c8       0x60 build/default/production/_ext/1865468468/plib_nvic.o
                0x00000000000004c8                NVIC_Initialize

.text.__libc_start_init%16
                0x0000000000000528       0x5c
 .text.__libc_start_init
                0x0000000000000528       0x5c /Applications/microchip/xc32/v4.60/bin/bin/../../lib/gcc/pic32c/8.3.1/../../../../pic32c/lib/thumb/v7e-m+fp/hard/libc-musl.a(__libc_start_main.o)
                0x0000000000000528                __libc_init_array

.text.PORT_Initialize%17
                0x0000000000000584       0x50
 .text.PORT_Initialize
                0x0000000000000584       0x50 build/default/production/_ext/1865521619/plib_port.o
                0x0000000000000584                PORT_Initialize

.dinit%18       0x00000000000005d4       0x50
 .dinit         0x00000000000005d4       0x50 data_init

.text%19        0x0000000000000624       0x40
 .text          0x0000000000000624       0x40 /Applications/microchip/xc32/v4.60/bin/bin/../../lib/gcc/pic32c/8.3.1/thumb/v7e-m+fp/hard/crtbegin.o

.text.TC1_TimerInitialize%20
                0x0000000000000664       0x40
 .text.TC1_TimerInitialize
                0x0000000000000664       0x40 build/default/production/_ext/829342655/plib_tc1.o
                0x0000000000000664                TC1_TimerInitialize

.text.TC0_TimerInitialize%21
                0x00000000000006a4       0x40
 .text.TC0_TimerInitialize
                0x00000000000006a4       0x40 build/default/production/_ext/829342655/plib_tc0.o
                0x00000000000006a4                TC0_TimerInitialize

.text.__pic32c_data_initialization%22
                0x00000000000006e4       0x38
 .text.__pic32c_data_initialization
                0x00000000000006e4       0x38 /Applications/microchip/xc32/v4.60/bin/bin/../../lib/gcc/pic32c/8.3.1/../../../../pic32c/lib/thumb/v7e-m+fp/hard/libpic32c.a(data_init.o)
                0x00000000000006e4                __pic32c_data_initialization

.text.TC1_TimerInterruptHandler%23
                0x000000000000071c       0x2c
 .text.TC1_TimerInterruptHandler
                0x000000000000071c       0x2c build/default/production/_ext/829342655/plib_tc1.o
                0x000000000000071c                TC1_TimerInterruptHandler

.text.TC0_TimerInterruptHandler%24
                0x0000000000000748       0x2c
 .text.TC0_TimerInterruptHandler
                0x0000000000000748       0x2c build/default/production/_ext/829342655/plib_tc0.o
                0x0000000000000748                TC0_TimerInterruptHandler

.text.SYS_Initialize%25
                0x0000000000000774       0x20
 .text.SYS_Initialize
                0x0000000000000774       0x20 build/default/production/_ext/1171490990/initialization.o
                0x0000000000000774                SYS_Initialize

.text.__dinit_copy%26
                0x0000000000000794       0x1e
 .text.__dinit_copy
                0x0000000000000794       0x1e /Applications/microchip/xc32/v4.60/bin/bin/../../lib/gcc/pic32c/8.3.1/../../../../pic32c/lib/thumb/v7e-m+fp/hard/libpic32c.a(pic32_data_init_copy.o)
                0x0000000000000794                __dinit_copy
                0x0000000000000794                __dinit_copy_needed

.text.TC1_TimerStart%27
                0x00000000000007b4       0x18
 .text.TC1_TimerStart
                0x00000000000007b4       0x18 build/default/production/_ext/829342655/plib_tc1.o
                0x00000000000007b4                TC1_TimerStart

.text.TC0_TimerStart%28
                0x00000000000007cc       0x18
 .text.TC0_TimerStart
                0x00000000000007cc       0x18 build/default/production/_ext/829342655/plib_tc0.o
                0x00000000000007cc                TC0_TimerStart

.text.TC0_TimerExpired%29
                0x00000000000007e4       0x14
 .text.TC0_TimerExpired
                0x00000000000007e4       0x14 build/default/production/_ext/1360937237/main.o
                0x00000000000007e4                TC0_TimerExpired

.text.TC1_TimerExpired%30
                0x00000000000007f8       0x14
 .text.TC1_TimerExpired
                0x00000000000007f8       0x14 build/default/production/_ext/1360937237/main.o
                0x00000000000007f8                TC1_TimerExpired

.rodata%31      0x000000000000080c       0x14
 .rodata        0x000000000000080c       0x14 /Applications/microchip/xc32/v4.60/bin/bin/../../lib/gcc/pic32c/8.3.1/../../../../pic32c/lib/thumb/v7e-m+fp/hard/libpic32c.a(data_init.o)

.text.__dinit_clear%32
                0x0000000000000820       0x12
 .text.__dinit_clear
                0x0000000000000820       0x12 /Applications/microchip/xc32/v4.60/bin/bin/../../lib/gcc/pic32c/8.3.1/../../../../pic32c/lib/thumb/v7e-m+fp/hard/libpic32c.a(pic32_data_init_clear.o)
                0x0000000000000820                __dinit_clear_needed
                0x0000000000000820                __dinit_clear

.text.NVMCTRL_Initialize%33
                0x0000000000000834       0x10
 .text.NVMCTRL_Initialize
                0x0000000000000834       0x10 build/default/production/_ext/1593096446/plib_nvmctrl.o
                0x0000000000000834                NVMCTRL_Initialize

.text.TC1_TimerCallbackRegister%34
                0x0000000000000844        0xc
 .text.TC1_TimerCallbackRegister
                0x0000000000000844        0xc build/default/production/_ext/829342655/plib_tc1.o
                0x0000000000000844                TC1_TimerCallbackRegister

.text.TC0_TimerCallbackRegister%35
                0x0000000000000850        0xc
 .text.TC0_TimerCallbackRegister
                0x0000000000000850        0xc build/default/production/_ext/829342655/plib_tc0.o
                0x0000000000000850                TC0_TimerCallbackRegister

.text.__dummy_decompress%36
                0x000000000000085c        0x4
 .text.__dummy_decompress
                0x000000000000085c        0x4 /Applications/microchip/xc32/v4.60/bin/bin/../../lib/gcc/pic32c/8.3.1/../../../../pic32c/lib/thumb/v7e-m+fp/hard/libpic32c.a(data_init.o)
                0x000000000000085c                __dinit_copy_emb
                0x000000000000085c                __dinit_decompress
                0x000000000000085c                __dinit_copy_val_data

.text.EVSYS_Initialize%37
                0x00000000000007b2        0x2
 .text.EVSYS_Initialize
                0x00000000000007b2        0x2 build/default/production/_ext/1986646378/plib_evsys.o
                0x00000000000007b2                EVSYS_Initialize

.text.NonMaskableInt_Handler%38
                0x0000000000000832        0x2
 .text.NonMaskableInt_Handler
                0x0000000000000832        0x2 build/default/production/_ext/1171490990/exceptions.o
                0x0000000000000832                NonMaskableInt_Handler

.text.HardFault_Handler%39
                0x0000000000000860        0x2
 .text.HardFault_Handler
                0x0000000000000860        0x2 build/default/production/_ext/1171490990/exceptions.o
                0x0000000000000860                HardFault_Handler

.text.DebugMonitor_Handler%40
                0x0000000000000862        0x2
 .text.DebugMonitor_Handler
                0x0000000000000862        0x2 build/default/production/_ext/1171490990/exceptions.o
                0x0000000000000862                DebugMonitor_Handler

.text.MemoryManagement_Handler%41
                0x0000000000000864        0x2
 .text.MemoryManagement_Handler
                0x0000000000000864        0x2 build/default/production/_ext/1171490990/exceptions.o
                0x0000000000000864                MemoryManagement_Handler

.text.BusFault_Handler%42
                0x0000000000000866        0x2
 .text.BusFault_Handler
                0x0000000000000866        0x2 build/default/production/_ext/1171490990/exceptions.o
                0x0000000000000866                BusFault_Handler

.text.UsageFault_Handler%43
                0x0000000000000868        0x2
 .text.UsageFault_Handler
                0x0000000000000868        0x2 build/default/production/_ext/1171490990/exceptions.o
                0x0000000000000868                UsageFault_Handler

.text.Dummy_Handler%44
                0x000000000000086a        0x2
 .text.Dummy_Handler
                0x000000000000086a        0x2 build/default/production/_ext/1171490990/interrupts.o
                0x000000000000086a                TCC0_MC2_Handler
                0x000000000000086a                TCC0_MC5_Handler
                0x000000000000086a                SVCall_Handler
                0x000000000000086a                SERCOM0_2_Handler
                0x000000000000086a                USB_SOF_HSOF_Handler
                0x000000000000086a                TCC4_OTHER_Handler
                0x000000000000086a                TCC2_MC2_Handler
                0x000000000000086a                EVSYS_0_Handler
                0x000000000000086a                TRNG_Handler
                0x000000000000086a                TC2_Handler
                0x000000000000086a                USB_TRCPT0_Handler
                0x000000000000086a                DAC_OTHER_Handler
                0x000000000000086a                AC_Handler
                0x000000000000086a                DAC_EMPTY_0_Handler
                0x000000000000086a                DMAC_OTHER_Handler
                0x000000000000086a                EIC_EXTINT_5_Handler
                0x000000000000086a                SERCOM3_1_Handler
                0x000000000000086a                SysTick_Handler
                0x000000000000086a                SERCOM4_OTHER_Handler
                0x000000000000086a                SERCOM3_2_Handler
                0x000000000000086a                EIC_EXTINT_6_Handler
                0x000000000000086a                PendSV_Handler
                0x000000000000086a                TC7_Handler
                0x000000000000086a                TCC4_MC0_Handler
                0x000000000000086a                EVSYS_3_Handler
                0x000000000000086a                QSPI_Handler
                0x000000000000086a                TCC2_MC0_Handler
                0x000000000000086a                PDEC_OTHER_Handler
                0x000000000000086a                TCC3_MC0_Handler
                0x000000000000086a                PDEC_MC1_Handler
                0x000000000000086a                TCC2_MC1_Handler
                0x000000000000086a                OSCCTRL_XOSC1_Handler
                0x000000000000086a                PDEC_MC0_Handler
                0x000000000000086a                EIC_EXTINT_4_Handler
                0x000000000000086a                EIC_EXTINT_7_Handler
                0x000000000000086a                SERCOM0_OTHER_Handler
                0x000000000000086a                EVSYS_OTHER_Handler
                0x000000000000086a                SERCOM0_0_Handler
                0x000000000000086a                RTC_Handler
                0x000000000000086a                SERCOM4_0_Handler
                0x000000000000086a                TCC1_MC0_Handler
                0x000000000000086a                SERCOM1_OTHER_Handler
                0x000000000000086a                TCC2_OTHER_Handler
                0x000000000000086a                EIC_EXTINT_11_Handler
                0x000000000000086a                SUPC_BODDET_Handler
                0x000000000000086a                EIC_EXTINT_14_Handler
                0x000000000000086a                OSC32KCTRL_Handler
                0x000000000000086a                SERCOM6_2_Handler
                0x000000000000086a                EVSYS_1_Handler
                0x000000000000086a                TC6_Handler
                0x000000000000086a                TCC4_MC1_Handler
                0x000000000000086a                DMAC_0_Handler
                0x000000000000086a                SUPC_OTHER_Handler
                0x000000000000086a                WDT_Handler
                0x000000000000086a                CAN0_Handler
                0x000000000000086a                EIC_EXTINT_15_Handler
                0x000000000000086a                SERCOM6_0_Handler
                0x000000000000086a                EIC_EXTINT_1_Handler
                0x000000000000086a                TCC3_MC1_Handler
                0x000000000000086a                SERCOM5_0_Handler
                0x000000000000086a                TC4_Handler
                0x000000000000086a                TCC1_MC1_Handler
                0x000000000000086a                EIC_EXTINT_0_Handler
                0x000000000000086a                TCC1_OTHER_Handler
                0x000000000000086a                PAC_Handler
                0x000000000000086a                SERCOM4_1_Handler
                0x000000000000086a                TC3_Handler
                0x000000000000086a                Dummy_Handler
                0x000000000000086a                SERCOM5_1_Handler
                0x000000000000086a                DMAC_2_Handler
                0x000000000000086a                TCC0_MC4_Handler
                0x000000000000086a                USB_TRCPT1_Handler
                0x000000000000086a                SERCOM0_1_Handler
                0x000000000000086a                TCC0_MC3_Handler
                0x000000000000086a                EIC_EXTINT_12_Handler
                0x000000000000086a                OSCCTRL_DPLL0_Handler
                0x000000000000086a                SERCOM6_OTHER_Handler
                0x000000000000086a                SERCOM7_1_Handler
                0x000000000000086a                SERCOM5_OTHER_Handler
                0x000000000000086a                PM_Handler
                0x000000000000086a                OSCCTRL_DFLL_Handler
                0x000000000000086a                SERCOM7_0_Handler
                0x000000000000086a                DMAC_1_Handler
                0x000000000000086a                USB_OTHER_Handler
                0x000000000000086a                GMAC_Handler
                0x000000000000086a                SDHC1_Handler
                0x000000000000086a                SERCOM7_2_Handler
                0x000000000000086a                CAN1_Handler
                0x000000000000086a                TCC0_OTHER_Handler
                0x000000000000086a                EIC_EXTINT_10_Handler
                0x000000000000086a                TCC1_MC3_Handler
                0x000000000000086a                OSCCTRL_XOSC0_Handler
                0x000000000000086a                SERCOM6_1_Handler
                0x000000000000086a                TCC0_MC0_Handler
                0x000000000000086a                EIC_EXTINT_2_Handler
                0x000000000000086a                SDHC0_Handler
                0x000000000000086a                SERCOM1_1_Handler
                0x000000000000086a                I2S_Handler
                0x000000000000086a                PCC_Handler
                0x000000000000086a                TCC3_OTHER_Handler
                0x000000000000086a                EIC_EXTINT_13_Handler
                0x000000000000086a                SERCOM1_0_Handler
                0x000000000000086a                PUKCC_Handler
                0x000000000000086a                SERCOM2_1_Handler
                0x000000000000086a                SERCOM1_2_Handler
                0x000000000000086a                SERCOM3_0_Handler
                0x000000000000086a                SERCOM4_2_Handler
                0x000000000000086a                TCC1_MC2_Handler
                0x000000000000086a                ADC1_RESRDY_Handler
                0x000000000000086a                NVMCTRL_1_Handler
                0x000000000000086a                SERCOM5_2_Handler
                0x000000000000086a                SERCOM2_2_Handler
                0x000000000000086a                DAC_EMPTY_1_Handler
                0x000000000000086a                ADC1_OTHER_Handler
                0x000000000000086a                OSCCTRL_DPLL1_Handler
                0x000000000000086a                EIC_EXTINT_3_Handler
                0x000000000000086a                SERCOM3_OTHER_Handler
                0x000000000000086a                EIC_EXTINT_8_Handler
                0x000000000000086a                NVMCTRL_0_Handler
                0x000000000000086a                ADC0_RESRDY_Handler
                0x000000000000086a                ADC0_OTHER_Handler
                0x000000000000086a                MCLK_Handler
                0x000000000000086a                SERCOM7_OTHER_Handler
                0x000000000000086a                EVSYS_2_Handler
                0x000000000000086a                SERCOM2_OTHER_Handler
                0x000000000000086a                FREQM_Handler
                0x000000000000086a                TCC0_MC1_Handler
                0x000000000000086a                DMAC_3_Handler
                0x000000000000086a                RAMECC_Handler
                0x000000000000086a                TC5_Handler
                0x000000000000086a                SERCOM2_0_Handler
                0x000000000000086a                AES_Handler
                0x000000000000086a                ICM_Handler
                0x000000000000086a                EIC_EXTINT_9_Handler

.text.Dummy_App_Func%45
                0x000000000000086c        0x2
 .text.Dummy_App_Func
                0x000000000000086c        0x2 build/default/production/_ext/1171490990/startup_xc32.o
                0x000000000000086c                __xc32_on_bootstrap
                0x000000000000086c                _on_reset
                0x000000000000086c                _on_bootstrap
                0x000000000000086c                __xc32_on_reset
                0x000000000000086c                Dummy_App_Func

.text.__dummy_init_tls%46
                0x000000000000086e        0x2
 .text.__dummy_init_tls
                0x000000000000086e        0x2 /Applications/microchip/xc32/v4.60/bin/bin/../../lib/gcc/pic32c/8.3.1/../../../../pic32c/lib/thumb/v7e-m+fp/hard/libpic32c.a(data_init.o)
                0x000000000000086e                xc32_init_tls

.text.__dummy%47
                0x0000000000000870        0x2
 .text.__dummy  0x0000000000000870        0x2 /Applications/microchip/xc32/v4.60/bin/bin/../../lib/gcc/pic32c/8.3.1/../../../../pic32c/lib/thumb/v7e-m+fp/hard/libc-musl.a(__libc_start_main.o)
                0x0000000000000870                __init_host
                0x0000000000000870                __init_stdio
