Archive member included to satisfy reference by file (symbol)

/Applications/microchip/xc32/v4.60/bin/bin/../../lib/gcc/pic32c/8.3.1/../../../../pic32c/lib/thumb/v7e-m+fp/hard/libpic32c.a(data_init.o)
                              build/default/production/_ext/1171490990/startup_xc32.o (__pic32c_data_initialization)
/Applications/microchip/xc32/v4.60/bin/bin/../../lib/gcc/pic32c/8.3.1/../../../../pic32c/lib/thumb/v7e-m+fp/hard/libc-size-musl.a(memcpy.o)
                              build/default/production/_ext/1593096446/plib_nvmctrl.o (memcpy)
/Applications/microchip/xc32/v4.60/bin/bin/../../lib/gcc/pic32c/8.3.1/../../../../pic32c/lib/thumb/v7e-m+fp/hard/libc-size-musl.a(strlen.o)
                              build/default/production/_ext/1360937237/myprintf.o (strlen)
/Applications/microchip/xc32/v4.60/bin/bin/../../lib/gcc/pic32c/8.3.1/../../../../pic32c/lib/thumb/v7e-m+fp/hard/libc-size-musl.a(strchr.o)
                              build/default/production/_ext/1360937237/myprintf.o (strchr)
/Applications/microchip/xc32/v4.60/bin/bin/../../lib/gcc/pic32c/8.3.1/../../../../pic32c/lib/thumb/v7e-m+fp/hard/libc-size-musl.a(strchrnul.o)
                              /Applications/microchip/xc32/v4.60/bin/bin/../../lib/gcc/pic32c/8.3.1/../../../../pic32c/lib/thumb/v7e-m+fp/hard/libc-size-musl.a(strchr.o) (__strchrnul)
/Applications/microchip/xc32/v4.60/bin/bin/../../lib/gcc/pic32c/8.3.1/../../../../pic32c/lib/thumb/v7e-m+fp/hard/libc-size-musl.a(strncmp.o)
                              build/default/production/_ext/1360937237/myprintf.o (strncmp)
/Applications/microchip/xc32/v4.60/bin/bin/../../lib/gcc/pic32c/8.3.1/../../../../pic32c/lib/thumb/v7e-m+fp/hard/libc-size-musl.a(strncpy.o)
                              build/default/production/_ext/1360937237/myprintf.o (strncpy)
/Applications/microchip/xc32/v4.60/bin/bin/../../lib/gcc/pic32c/8.3.1/../../../../pic32c/lib/thumb/v7e-m+fp/hard/libc-size-musl.a(stpncpy.o)
                              /Applications/microchip/xc32/v4.60/bin/bin/../../lib/gcc/pic32c/8.3.1/../../../../pic32c/lib/thumb/v7e-m+fp/hard/libc-size-musl.a(strncpy.o) (__stpncpy)
/Applications/microchip/xc32/v4.60/bin/bin/../../lib/gcc/pic32c/8.3.1/../../../../pic32c/lib/thumb/v7e-m+fp/hard/libc-musl.a(isalnum.o)
                              build/default/production/_ext/1360937237/myprintf.o (isalnum)
/Applications/microchip/xc32/v4.60/bin/bin/../../lib/gcc/pic32c/8.3.1/../../../../pic32c/lib/thumb/v7e-m+fp/hard/libc-musl.a(__libc_start_main.o)
                              build/default/production/_ext/1171490990/startup_xc32.o (__libc_init_array)
/Applications/microchip/xc32/v4.60/bin/bin/../../lib/gcc/pic32c/8.3.1/../../../../pic32c/lib/thumb/v7e-m+fp/hard/libc-musl.a(libc.o)
                              /Applications/microchip/xc32/v4.60/bin/bin/../../lib/gcc/pic32c/8.3.1/../../../../pic32c/lib/thumb/v7e-m+fp/hard/libc-musl.a(__libc_start_main.o) (__progname_full)
/Applications/microchip/xc32/v4.60/bin/bin/../../lib/gcc/pic32c/8.3.1/../../../../pic32c/lib/thumb/v7e-m+fp/hard/libc-musl.a(__sio_sscanf_dnpxX.o)
                              (_sscanf_dnpxX)
/Applications/microchip/xc32/v4.60/bin/bin/../../lib/gcc/pic32c/8.3.1/../../../../pic32c/lib/thumb/v7e-m+fp/hard/libc-musl.a(__scan_d.o)
                              /Applications/microchip/xc32/v4.60/bin/bin/../../lib/gcc/pic32c/8.3.1/../../../../pic32c/lib/thumb/v7e-m+fp/hard/libc-musl.a(__sio_sscanf_dnpxX.o) (__scan_d_needed)
/Applications/microchip/xc32/v4.60/bin/bin/../../lib/gcc/pic32c/8.3.1/../../../../pic32c/lib/thumb/v7e-m+fp/hard/libc-musl.a(__scan_i.o)
                              /Applications/microchip/xc32/v4.60/bin/bin/../../lib/gcc/pic32c/8.3.1/../../../../pic32c/lib/thumb/v7e-m+fp/hard/libc-musl.a(__sio_sscanf_dnpxX.o) (__scan_i_needed)
/Applications/microchip/xc32/v4.60/bin/bin/../../lib/gcc/pic32c/8.3.1/../../../../pic32c/lib/thumb/v7e-m+fp/hard/libc-musl.a(__scan_x.o)
                              /Applications/microchip/xc32/v4.60/bin/bin/../../lib/gcc/pic32c/8.3.1/../../../../pic32c/lib/thumb/v7e-m+fp/hard/libc-musl.a(__sio_sscanf_dnpxX.o) (__scan_x_needed)
/Applications/microchip/xc32/v4.60/bin/bin/../../lib/gcc/pic32c/8.3.1/../../../../pic32c/lib/thumb/v7e-m+fp/hard/libc-musl.a(__scanf_core.o)
                              /Applications/microchip/xc32/v4.60/bin/bin/../../lib/gcc/pic32c/8.3.1/../../../../pic32c/lib/thumb/v7e-m+fp/hard/libc-musl.a(__scan_i.o) (__skipws)
/Applications/microchip/xc32/v4.60/bin/bin/../../lib/gcc/pic32c/8.3.1/../../../../pic32c/lib/thumb/v7e-m+fp/hard/libc-musl.a(vsnprintf.o)
                              build/default/production/_ext/1360937237/myprintf.o (vsnprintf)
/Applications/microchip/xc32/v4.60/bin/bin/../../lib/gcc/pic32c/8.3.1/../../../../pic32c/lib/thumb/v7e-m+fp/hard/libc-musl.a(atoi.o)
                              /Applications/microchip/xc32/v4.60/bin/bin/../../lib/gcc/pic32c/8.3.1/../../../../pic32c/lib/thumb/v7e-m+fp/hard/libc-musl.a(__scanf_core.o) (atoi)
[...]
Memory Configuration

Name             Origin             Length             Attributes
rom              0x0000000000000000 0x0000000000100000 xrl
ram              0x0000000020000000 0x0000000000040000 xw !r
tcm              0x0000000003000000 0x0000000000000000 xw
bkupram          0x0000000047000000 0x0000000000002000
config_00804000  0x0000000000804000 0x0000000000000004
config_00804004  0x0000000000804004 0x0000000000000004
config_00804008  0x0000000000804008 0x0000000000000004
*default*        0x0000000000000000 0xffffffffffffffff

Linker script and memory map

LOAD /Applications/microchip/xc32/v4.60/bin/bin/../../lib/gcc/pic32c/8.3.1/thumb/v7e-m+fp/hard/crti.o
LOAD /Applications/microchip/xc32/v4.60/bin/bin/../../lib/gcc/pic32c/8.3.1/thumb/v7e-m+fp/hard/crtbegin.o
LOAD build/default/production/_ext/1360937237/myprintf.o
LOAD build/default/production/_ext/1171490990/initialization.o
LOAD build/default/production/_ext/1865131932/plib_cmcc.o
LOAD build/default/production/_ext/1171490990/interrupts.o
LOAD build/default/production/_ext/163028504/xc32_monitor.o
LOAD build/default/production/_ext/504274921/plib_sercom1_usart.o
LOAD build/default/production/_ext/1865521619/plib_port.o
LOAD build/default/production/_ext/1360937237/main.o
LOAD build/default/production/_ext/829342655/plib_tc1.o
LOAD build/default/production/_ext/1984496892/plib_clock.o
LOAD build/default/production/_ext/1986646378/plib_evsys.o
LOAD build/default/production/_ext/1171490990/exceptions.o
LOAD build/default/production/_ext/1593096446/plib_nvmctrl.o
LOAD build/default/production/_ext/829342655/plib_tc0.o
LOAD build/default/production/_ext/1171490990/libc_syscalls.o
LOAD build/default/production/_ext/1171490990/startup_xc32.o
LOAD build/default/production/_ext/1865468468/plib_nvic.o
                0x0000000000000001                __MPLAB_BUILD = 0x1
                0x0000000000100000                __rom_end = (ORIGIN (rom) + LENGTH (rom))
                0x0000000020040000                __ram_end = (ORIGIN (ram) + LENGTH (ram))

.config_00804000
 *(.config_00804000)

.config_00804004
 *(.config_00804004)

.config_00804008
 *(.config_00804008)

.vectors        0x0000000000000000      0x264
                0x0000000000000000                . = ALIGN (0x4)
                0x0000000000000000                _sfixed = .
 *(.vectors .vectors.* .vectors_default .vectors_default.*)
 .vectors.exception_table
                0x0000000000000000      0x264 build/default/production/_ext/1171490990/interrupts.o
                0x0000000000000000                exception_table
 *(.isr_vector)
 *(.reset*)
 *(.after_vectors)

.text           0x0000000000000264       0x20
                0x0000000000000264                . = ALIGN (0x4)
 *(.glue_7t)
 .glue_7t       0x0000000000000264        0x0 linker stubs
 *(.glue_7)
 .glue_7        0x0000000000000264        0x0 linker stubs
 *(.gnu.linkonce.r.*)
 *(.ARM.extab* .gnu.linkonce.armextab.*)
                0x0000000000000264                . = ALIGN (0x4)
 *(.init)
 .init          0x0000000000000264        0x4 /Applications/microchip/xc32/v4.60/bin/bin/../../lib/gcc/pic32c/8.3.1/thumb/v7e-m+fp/hard/crti.o
                0x0000000000000264                _init
 .init          0x0000000000000268        0x8 /Applications/microchip/xc32/v4.60/bin/bin/../../lib/gcc/pic32c/8.3.1/thumb/v7e-m+fp/hard/crtn.o
                0x0000000000000270                . = ALIGN (0x4)
                0x0000000000000270                __preinit_array_start = .
 *(.preinit_array)
                0x0000000000000270                __preinit_array_end = .
                0x0000000000000270                . = ALIGN (0x4)
                0x0000000000000270                __init_array_start = .
 *(SORT_BY_NAME(.init_array.*))
 *(.init_array)
 .init_array    0x0000000000000270        0x4 /Applications/microchip/xc32/v4.60/bin/bin/../../lib/gcc/pic32c/8.3.1/thumb/v7e-m+fp/hard/crtbegin.o
                0x0000000000000274                __init_array_end = .
                0x0000000000000274                . = ALIGN (0x4)
 *crtbegin.o(.ctors)
 *(EXCLUDE_FILE(*crtend.o) .ctors)
 *(SORT_BY_NAME(.ctors.*))
 *crtend.o(.ctors)
                0x0000000000000274                . = ALIGN (0x4)
 *(.fini)
 .fini          0x0000000000000274        0x4 /Applications/microchip/xc32/v4.60/bin/bin/../../lib/gcc/pic32c/8.3.1/thumb/v7e-m+fp/hard/crti.o
                0x0000000000000274                _fini
 .fini          0x0000000000000278        0x8 /Applications/microchip/xc32/v4.60/bin/bin/../../lib/gcc/pic32c/8.3.1/thumb/v7e-m+fp/hard/crtn.o
                0x0000000000000280                . = ALIGN (0x4)
                0x0000000000000280                __fini_array_start = .
 *(.fini_array)
 .fini_array    0x0000000000000280        0x4 /Applications/microchip/xc32/v4.60/bin/bin/../../lib/gcc/pic32c/8.3.1/thumb/v7e-m+fp/hard/crtbegin.o
 *(SORT_BY_NAME(.fini_array.*))
                0x0000000000000284                __fini_array_end = .
 *crtbegin.o(.dtors)
 *(EXCLUDE_FILE(*crtend.o) .dtors)
 *(SORT_BY_NAME(.dtors.*))
 *crtend.o(.dtors)
                0x0000000000000284                . = ALIGN (0x4)
                0x0000000000000284                _efixed = .
                [!provide]                        PROVIDE (__exidx_start = .)

.ARM.exidx      0x0000000000000284        0x8
 *(.ARM.exidx* .gnu.linkonce.armexidx.*)
 .ARM.exidx     0x0000000000000284        0x8 /Applications/microchip/xc32/v4.60/bin/bin/../../lib/gcc/pic32c/8.3.1/thumb/v7e-m+fp/hard/libgcc.a(_udivmoddi4.o)
                [!provide]                        PROVIDE (__exidx_end = .)
                0x000000000000028c                . = ALIGN (0x4)
                0x000000000000028c                _etext = .

.bss            0x0000000020000000        0x0
                0x0000000020000000                . = ALIGN (0x4)
                0x0000000020000000                __bss_start__ = .
                0x0000000020000000                _sbss = .
                0x0000000020000000                _szero = .
 *(COMMON)
                0x0000000020000000                . = ALIGN (0x4)
                0x0000000020000000                __bss_end__ = .
                0x0000000020000000                _ebss = .
                0x0000000020000000                _ezero = .
                0x0000000020000000                . = ALIGN (0x4)
                0x0000000020000000                _end = .
                0x000000002003ffff                _ram_end_ = ((ORIGIN (ram) + LENGTH (ram)) - 0x1)

.bkupram_bss
 *(.bkupram_bss .bkupram_bss.*)
 *(.pbss .pbss.*)
                0x0000000000000200                _min_heap_size = 0x200
START GROUP
LOAD /Applications/microchip/xc32/v4.60/bin/bin/../../lib/gcc/pic32c/8.3.1/../../../../pic32c/lib/thumb/v7e-m+fp/hard/libpic32c.a
LOAD /Applications/microchip/xc32/v4.60/bin/bin/../../lib/gcc/pic32c/8.3.1/../../../../pic32c/lib/thumb/v7e-m+fp/hard/libc-size-musl.a
LOAD /Applications/microchip/xc32/v4.60/bin/bin/../../lib/gcc/pic32c/8.3.1/../../../../pic32c/lib/thumb/v7e-m+fp/hard/liblmalloc-musl.a
LOAD /Applications/microchip/xc32/v4.60/bin/bin/../../lib/gcc/pic32c/8.3.1/../../../../pic32c/lib/thumb/v7e-m+fp/hard/libm-fast-emfloat.a
LOAD /Applications/microchip/xc32/v4.60/bin/bin/../../lib/gcc/pic32c/8.3.1/../../../../pic32c/lib/thumb/v7e-m+fp/hard/libm-musl.a
LOAD /Applications/microchip/xc32/v4.60/bin/bin/../../lib/gcc/pic32c/8.3.1/../../../../pic32c/lib/thumb/v7e-m+fp/hard/libc-musl.a
LOAD /Applications/microchip/xc32/v4.60/bin/bin/../../lib/gcc/pic32c/8.3.1/../../../../pic32c/lib/thumb/v7e-m+fp/hard/libm-fast-emfloat.a
LOAD /Applications/microchip/xc32/v4.60/bin/bin/../../lib/gcc/pic32c/8.3.1/../../../../pic32c/lib/thumb/v7e-m+fp/hard/libm-musl.a
LOAD /Applications/microchip/xc32/v4.60/bin/bin/../../lib/gcc/pic32c/8.3.1/thumb/v7e-m+fp/hard/libgcc.a
END GROUP
LOAD /Applications/microchip/xc32/v4.60/bin/bin/../../lib/gcc/pic32c/8.3.1/thumb/v7e-m+fp/hard/crtend.o
LOAD /Applications/microchip/xc32/v4.60/bin/bin/../../lib/gcc/pic32c/8.3.1/thumb/v7e-m+fp/hard/crtn.o
OUTPUT(dist/default/production/Lab07_myprintf.txt.X.production.elf elf32-littlearm)
LOAD data_init
LOAD stack

.ARM.attributes
                0x0000000000000000       0x32
 .ARM.attributes
                0x0000000000000000       0x1e /Applications/microchip/xc32/v4.60/bin/bin/../../lib/gcc/pic32c/8.3.1/thumb/v7e-m+fp/hard/crti.o
 .ARM.attributes
                0x000000000000001e       0x34 /Applications/microchip/xc32/v4.60/bin/bin/../../lib/gcc/pic32c/8.3.1/thumb/v7e-m+fp/hard/crtbegin.o
 .ARM.attributes
                0x0000000000000052       0x34 build/default/production/_ext/1360937237/myprintf.o
 .ARM.attributes
                0x0000000000000086       0x34 build/default/production/_ext/1171490990/initialization.o
 .ARM.attributes
                0x00000000000000ba       0x34 build/default/production/_ext/1171490990/interrupts.o
 .ARM.attributes
                0x00000000000000ee       0x34 build/default/production/_ext/163028504/xc32_monitor.o
 .ARM.attributes
                0x0000000000000122       0x34 build/default/production/_ext/504274921/plib_sercom1_usart.o
 .ARM.attributes
                0x0000000000000156       0x34 build/default/production/_ext/1865521619/plib_port.o
 .ARM.attributes
                0x000000000000018a       0x34 build/default/production/_ext/1360937237/main.o
 .ARM.attributes
                0x00000000000001be       0x34 build/default/production/_ext/829342655/plib_tc1.o
 .ARM.attributes
                0x00000000000001f2       0x34 build/default/production/_ext/1984496892/plib_clock.o
 .ARM.attributes
                0x0000000000000226       0x34 build/default/production/_ext/1986646378/plib_evsys.o
 .ARM.attributes
                0x000000000000025a       0x34 build/default/production/_ext/1171490990/exceptions.o
 .ARM.attributes
                0x000000000000028e       0x34 build/default/production/_ext/1593096446/plib_nvmctrl.o
 .ARM.attributes
                0x00000000000002c2       0x34 build/default/production/_ext/829342655/plib_tc0.o
 .ARM.attributes
                0x00000000000002f6       0x34 build/default/production/_ext/1171490990/startup_xc32.o
 .ARM.attributes
                0x000000000000032a       0x34 build/default/production/_ext/1865468468/plib_nvic.o
 .ARM.attributes
                0x000000000000035e       0x34 /Applications/microchip/xc32/v4.60/bin/bin/../../lib/gcc/pic32c/8.3.1/../../../../pic32c/lib/thumb/v7e-m+fp/hard/libpic32c.a(data_init.o)
 .ARM.attributes
                0x0000000000000392       0x36 /Applications/microchip/xc32/v4.60/bin/bin/../../lib/gcc/pic32c/8.3.1/../../../../pic32c/lib/thumb/v7e-m+fp/hard/libc-size-musl.a(memcpy.o)
 .ARM.attributes
                0x00000000000003c8       0x36 /Applications/microchip/xc32/v4.60/bin/bin/../../lib/gcc/pic32c/8.3.1/../../../../pic32c/lib/thumb/v7e-m+fp/hard/libc-size-musl.a(strlen.o)
 .ARM.attributes
                0x00000000000003fe       0x36 /Applications/microchip/xc32/v4.60/bin/bin/../../lib/gcc/pic32c/8.3.1/../../../../pic32c/lib/thumb/v7e-m+fp/hard/libc-size-musl.a(strchr.o)
 .ARM.attributes
                0x0000000000000434       0x36 /Applications/microchip/xc32/v4.60/bin/bin/../../lib/gcc/pic32c/8.3.1/../../../../pic32c/lib/thumb/v7e-m+fp/hard/libc-size-musl.a(strchrnul.o)
 .ARM.attributes
                0x000000000000046a       0x36 /Applications/microchip/xc32/v4.60/bin/bin/../../lib/gcc/pic32c/8.3.1/../../../../pic32c/lib/thumb/v7e-m+fp/hard/libc-size-musl.a(strncmp.o)
 .ARM.attributes
                0x00000000000004a0       0x36 /Applications/microchip/xc32/v4.60/bin/bin/../../lib/gcc/pic32c/8.3.1/../../../../pic32c/lib/thumb/v7e-m+fp/hard/libc-size-musl.a(strncpy.o)
 .ARM.attributes
                0x00000000000004d6       0x36 /Applications/microchip/xc32/v4.60/bin/bin/../../lib/gcc/pic32c/8.3.1/../../../../pic32c/lib/thumb/v7e-m+fp/hard/libc-size-musl.a(stpncpy.o)
 .ARM.attributes
                0x000000000000050c       0x36 /Applications/microchip/xc32/v4.60/bin/bin/../../lib/gcc/pic32c/8.3.1/../../../../pic32c/lib/thumb/v7e-m+fp/hard/libc-musl.a(isalnum.o)
 .ARM.attributes
                0x0000000000000542       0x36 /Applications/microchip/xc32/v4.60/bin/bin/../../lib/gcc/pic32c/8.3.1/../../../../pic32c/lib/thumb/v7e-m+fp/hard/libc-musl.a(__libc_start_main.o)
 .ARM.attributes
                0x0000000000000578       0x34 /Applications/microchip/xc32/v4.60/bin/bin/../../lib/gcc/pic32c/8.3.1/../../../../pic32c/lib/thumb/v7e-m+fp/hard/libc-musl.a(libc.o)
 .ARM.attributes
                0x00000000000005ac       0x36 /Applications/microchip/xc32/v4.60/bin/bin/../../lib/gcc/pic32c/8.3.1/../../../../pic32c/lib/thumb/v7e-m+fp/hard/libc-musl.a(__sio_sscanf_dnpxX.o)
 .ARM.attributes
                0x00000000000005e2       0x36 /Applications/microchip/xc32/v4.60/bin/bin/../../lib/gcc/pic32c/8.3.1/../../../../pic32c/lib/thumb/v7e-m+fp/hard/libc-musl.a(__scan_d.o)
 .ARM.attributes
                0x0000000000000618       0x36 /Applications/microchip/xc32/v4.60/bin/bin/../../lib/gcc/pic32c/8.3.1/../../../../pic32c/lib/thumb/v7e-m+fp/hard/libc-musl.a(__scan_i.o)
 .ARM.attributes
                0x000000000000064e       0x36 /Applications/microchip/xc32/v4.60/bin/bin/../../lib/gcc/pic32c/8.3.1/../../../../pic32c/lib/thumb/v7e-m+fp/hard/libc-musl.a(__scan_x.o)
 .ARM.attributes
                0x0000000000000684       0x36 /Applications/microchip/xc32/v4.60/bin/bin/../../lib/gcc/pic32c/8.3.1/../../../../pic32c/lib/thumb/v7e-m+fp/hard/libc-musl.a(__scanf_core.o)
 .ARM.attributes
                0x00000000000006ba       0x36 /Applications/microchip/xc32/v4.60/bin/bin/../../lib/gcc/pic32c/8.3.1/../../../../pic32c/lib/thumb/v7e-m+fp/hard/libc-musl.a(vsnprintf.o)
 .ARM.attributes
                0x00000000000006f0       0x36 /Applications/microchip/xc32/v4.60/bin/bin/../../lib/gcc/pic32c/8.3.1/../../../../pic32c/lib/thumb/v7e-m+fp/hard/libc-musl.a(atoi.o)
 .ARM.attributes
                0x0000000000000726       0x36 /Applications/microchip/xc32/v4.60/bin/bin/../../lib/gcc/pic32c/8.3.1/../../../../pic32c/lib/thumb/v7e-m+fp/hard/libc-musl.a(strtol.o)
 .ARM.attributes
                0x000000000000075c       0x36 /Applications/microchip/xc32/v4.60/bin/bin/../../lib/gcc/pic32c/8.3.1/../../../../pic32c/lib/thumb/v7e-m+fp/hard/libc-musl.a(isxdigit.o)
 .ARM.attributes
                0x0000000000000792       0x36 /Applications/microchip/xc32/v4.60/bin/bin/../../lib/gcc/pic32c/8.3.1/../../../../pic32c/lib/thumb/v7e-m+fp/hard/libc-musl.a(tolower.o)
 .ARM.attributes
                0x00000000000007c8       0x34 /Applications/microchip/xc32/v4.60/bin/bin/../../lib/gcc/pic32c/8.3.1/../../../../pic32c/lib/thumb/v7e-m+fp/hard/libc-musl.a(__environ.o)
 .ARM.attributes
                0x00000000000007fc       0x34 /Applications/microchip/xc32/v4.60/bin/bin/../../lib/gcc/pic32c/8.3.1/../../../../pic32c/lib/thumb/v7e-m+fp/hard/libc-musl.a(__errno_location.o)
 .ARM.attributes
                0x0000000000000830       0x36 /Applications/microchip/xc32/v4.60/bin/bin/../../lib/gcc/pic32c/8.3.1/../../../../pic32c/lib/thumb/v7e-m+fp/hard/libc-musl.a(intscan.o)
 .ARM.attributes
                0x0000000000000866       0x36 /Applications/microchip/xc32/v4.60/bin/bin/../../lib/gcc/pic32c/8.3.1/../../../../pic32c/lib/thumb/v7e-m+fp/hard/libc-musl.a(shgetc.o)
 .ARM.attributes
                0x000000000000089c       0x36 /Applications/microchip/xc32/v4.60/bin/bin/../../lib/gcc/pic32c/8.3.1/../../../../pic32c/lib/thumb/v7e-m+fp/hard/libc-musl.a(__int_vsscanf.o)
 .ARM.attributes
                0x00000000000008d2       0x36 /Applications/microchip/xc32/v4.60/bin/bin/../../lib/gcc/pic32c/8.3.1/../../../../pic32c/lib/thumb/v7e-m+fp/hard/libc-musl.a(__string_read.o)
 .ARM.attributes
                0x0000000000000908       0x36 /Applications/microchip/xc32/v4.60/bin/bin/../../lib/gcc/pic32c/8.3.1/../../../../pic32c/lib/thumb/v7e-m+fp/hard/libc-musl.a(__uflow.o)
 .ARM.attributes
                0x000000000000093e       0x36 /Applications/microchip/xc32/v4.60/bin/bin/../../lib/gcc/pic32c/8.3.1/../../../../pic32c/lib/thumb/v7e-m+fp/hard/libc-musl.a(__printf_core.o)
 .ARM.attributes
                0x0000000000000974       0x36 /Applications/microchip/xc32/v4.60/bin/bin/../../lib/gcc/pic32c/8.3.1/../../../../pic32c/lib/thumb/v7e-m+fp/hard/libc-musl.a(__push_float.o)
 .ARM.attributes
                0x00000000000009aa       0x36 /Applications/microchip/xc32/v4.60/bin/bin/../../lib/gcc/pic32c/8.3.1/../../../../pic32c/lib/thumb/v7e-m+fp/hard/libc-musl.a(__push_int.o)
 .ARM.attributes
                0x00000000000009e0       0x36 /Applications/microchip/xc32/v4.60/bin/bin/../../lib/gcc/pic32c/8.3.1/../../../../pic32c/lib/thumb/v7e-m+fp/hard/libc-musl.a(__read_int.o)
 .ARM.attributes
                0x0000000000000a16       0x36 /Applications/microchip/xc32/v4.60/bin/bin/../../lib/gcc/pic32c/8.3.1/../../../../pic32c/lib/thumb/v7e-m+fp/hard/libc-musl.a(vfprintf.o)
 .ARM.attributes
                0x0000000000000a4c       0x36 /Applications/microchip/xc32/v4.60/bin/bin/../../lib/gcc/pic32c/8.3.1/../../../../pic32c/lib/thumb/v7e-m+fp/hard/libc-musl.a(__int_vfscanf.o)
 .ARM.attributes
                0x0000000000000a82       0x36 /Applications/microchip/xc32/v4.60/bin/bin/../../lib/gcc/pic32c/8.3.1/../../../../pic32c/lib/thumb/v7e-m+fp/hard/libc-musl.a(__toread.o)
 .ARM.attributes
                0x0000000000000ab8       0x36 /Applications/microchip/xc32/v4.60/bin/bin/../../lib/gcc/pic32c/8.3.1/../../../../pic32c/lib/thumb/v7e-m+fp/hard/libc-musl.a(__out.o)
 .ARM.attributes
                0x0000000000000aee       0x36 /Applications/microchip/xc32/v4.60/bin/bin/../../lib/gcc/pic32c/8.3.1/../../../../pic32c/lib/thumb/v7e-m+fp/hard/libc-musl.a(__pop_float.o)
 .ARM.attributes
                0x0000000000000b24       0x36 /Applications/microchip/xc32/v4.60/bin/bin/../../lib/gcc/pic32c/8.3.1/../../../../pic32c/lib/thumb/v7e-m+fp/hard/libc-musl.a(__pop_int.o)
 .ARM.attributes
                0x0000000000000b5a       0x36 /Applications/microchip/xc32/v4.60/bin/bin/../../lib/gcc/pic32c/8.3.1/../../../../pic32c/lib/thumb/v7e-m+fp/hard/libc-musl.a(__pop_ptr.o)
 .ARM.attributes
                0x0000000000000b90       0x36 /Applications/microchip/xc32/v4.60/bin/bin/../../lib/gcc/pic32c/8.3.1/../../../../pic32c/lib/thumb/v7e-m+fp/hard/libc-musl.a(__fmt_a.o)
 .ARM.attributes
                0x0000000000000bc6       0x36 /Applications/microchip/xc32/v4.60/bin/bin/../../lib/gcc/pic32c/8.3.1/../../../../pic32c/lib/thumb/v7e-m+fp/hard/libc-musl.a(__fmt_d.o)
 .ARM.attributes
                0x0000000000000bfc       0x36 /Applications/microchip/xc32/v4.60/bin/bin/../../lib/gcc/pic32c/8.3.1/../../../../pic32c/lib/thumb/v7e-m+fp/hard/libc-musl.a(__fmt_fp.o)
 .ARM.attributes
                0x0000000000000c32       0x36 /Applications/microchip/xc32/v4.60/bin/bin/../../lib/gcc/pic32c/8.3.1/../../../../pic32c/lib/thumb/v7e-m+fp/hard/libc-musl.a(__fmt_o.o)
 .ARM.attributes
                0x0000000000000c68       0x36 /Applications/microchip/xc32/v4.60/bin/bin/../../lib/gcc/pic32c/8.3.1/../../../../pic32c/lib/thumb/v7e-m+fp/hard/libc-musl.a(__fmt_s.o)
 .ARM.attributes
                0x0000000000000c9e       0x36 /Applications/microchip/xc32/v4.60/bin/bin/../../lib/gcc/pic32c/8.3.1/../../../../pic32c/lib/thumb/v7e-m+fp/hard/libc-musl.a(__fmt_u.o)
 .ARM.attributes
                0x0000000000000cd4       0x36 /Applications/microchip/xc32/v4.60/bin/bin/../../lib/gcc/pic32c/8.3.1/../../../../pic32c/lib/thumb/v7e-m+fp/hard/libc-musl.a(__fmt_x.o)
 .ARM.attributes
                0x0000000000000d0a       0x36 /Applications/microchip/xc32/v4.60/bin/bin/../../lib/gcc/pic32c/8.3.1/../../../../pic32c/lib/thumb/v7e-m+fp/hard/libc-musl.a(__fwrite.o)
 .ARM.attributes
                0x0000000000000d40       0x36 /Applications/microchip/xc32/v4.60/bin/bin/../../lib/gcc/pic32c/8.3.1/../../../../pic32c/lib/thumb/v7e-m+fp/hard/libc-musl.a(toupper.o)
 .ARM.attributes
                0x0000000000000d76       0x36 /Applications/microchip/xc32/v4.60/bin/bin/../../lib/gcc/pic32c/8.3.1/../../../../pic32c/lib/thumb/v7e-m+fp/hard/libc-musl.a(__cvt_u.o)
 .ARM.attributes
                0x0000000000000dac       0x36 /Applications/microchip/xc32/v4.60/bin/bin/../../lib/gcc/pic32c/8.3.1/../../../../pic32c/lib/thumb/v7e-m+fp/hard/libc-musl.a(__init_stdio.o)
 .ARM.attributes
                0x0000000000000de2       0x34 /Applications/microchip/xc32/v4.60/bin/bin/../../lib/gcc/pic32c/8.3.1/../../../../pic32c/lib/thumb/v7e-m+fp/hard/libm-fast-emfloat.a(fma.o)
 .ARM.attributes
                0x0000000000000e16       0x34 /Applications/microchip/xc32/v4.60/bin/bin/../../lib/gcc/pic32c/8.3.1/../../../../pic32c/lib/thumb/v7e-m+fp/hard/libm-fast-emfloat.a(floor.o)
 .ARM.attributes
                0x0000000000000e4a       0x20 /Applications/microchip/xc32/v4.60/bin/bin/../../lib/gcc/pic32c/8.3.1/../../../../pic32c/lib/thumb/v7e-m+fp/hard/libm-fast-emfloat.a(__aeabi_dadd.o)
 .ARM.attributes
                0x0000000000000e6a       0x20 /Applications/microchip/xc32/v4.60/bin/bin/../../lib/gcc/pic32c/8.3.1/../../../../pic32c/lib/thumb/v7e-m+fp/hard/libm-fast-emfloat.a(__aeabi_dsub.o)
 .ARM.attributes
                0x0000000000000e8a       0x20 /Applications/microchip/xc32/v4.60/bin/bin/../../lib/gcc/pic32c/8.3.1/../../../../pic32c/lib/thumb/v7e-m+fp/hard/libm-fast-emfloat.a(__aeabi_dmul.o)
 .ARM.attributes
                0x0000000000000eaa       0x20 /Applications/microchip/xc32/v4.60/bin/bin/../../lib/gcc/pic32c/8.3.1/../../../../pic32c/lib/thumb/v7e-m+fp/hard/libm-fast-emfloat.a(__aeabi_ddiv.o)
 .ARM.attributes
                0x0000000000000eca       0x20 /Applications/microchip/xc32/v4.60/bin/bin/../../lib/gcc/pic32c/8.3.1/../../../../pic32c/lib/thumb/v7e-m+fp/hard/libm-fast-emfloat.a(__aeabi_dcmple.o)
 .ARM.attributes
                0x0000000000000eea       0x20 /Applications/microchip/xc32/v4.60/bin/bin/../../lib/gcc/pic32c/8.3.1/../../../../pic32c/lib/thumb/v7e-m+fp/hard/libm-fast-emfloat.a(__aeabi_dcmpeq.o)
 .ARM.attributes
                0x0000000000000f0a       0x20 /Applications/microchip/xc32/v4.60/bin/bin/../../lib/gcc/pic32c/8.3.1/../../../../pic32c/lib/thumb/v7e-m+fp/hard/libm-fast-emfloat.a(__aeabi_dcmpgt.o)
 .ARM.attributes
                0x0000000000000f2a       0x20 /Applications/microchip/xc32/v4.60/bin/bin/../../lib/gcc/pic32c/8.3.1/../../../../pic32c/lib/thumb/v7e-m+fp/hard/libm-fast-emfloat.a(__aeabi_dcmplt.o)
 .ARM.attributes
                0x0000000000000f4a       0x20 /Applications/microchip/xc32/v4.60/bin/bin/../../lib/gcc/pic32c/8.3.1/../../../../pic32c/lib/thumb/v7e-m+fp/hard/libm-fast-emfloat.a(__aeabi_d2iz.o)
 .ARM.attributes
                0x0000000000000f6a       0x20 /Applications/microchip/xc32/v4.60/bin/bin/../../lib/gcc/pic32c/8.3.1/../../../../pic32c/lib/thumb/v7e-m+fp/hard/libm-fast-emfloat.a(__aeabi_d2f.o)
 .ARM.attributes
                0x0000000000000f8a       0x1e /Applications/microchip/xc32/v4.60/bin/bin/../../lib/gcc/pic32c/8.3.1/thumb/v7e-m+fp/hard/libgcc.a(_aeabi_uldivmod.o)
 .ARM.attributes
                0x0000000000000fa8       0x34 /Applications/microchip/xc32/v4.60/bin/bin/../../lib/gcc/pic32c/8.3.1/thumb/v7e-m+fp/hard/libgcc.a(_udivmoddi4.o)
 .ARM.attributes
                0x0000000000000fdc       0x1e /Applications/microchip/xc32/v4.60/bin/bin/../../lib/gcc/pic32c/8.3.1/thumb/v7e-m+fp/hard/libgcc.a(_dvmd_tls.o)
 .ARM.attributes
                0x0000000000000ffa       0x36 /Applications/microchip/xc32/v4.60/bin/bin/../../lib/gcc/pic32c/8.3.1/../../../../pic32c/lib/thumb/v7e-m+fp/hard/libc-size-musl.a(memchr.o)
 .ARM.attributes
                0x0000000000001030       0x36 /Applications/microchip/xc32/v4.60/bin/bin/../../lib/gcc/pic32c/8.3.1/../../../../pic32c/lib/thumb/v7e-m+fp/hard/libc-size-musl.a(memset.o)
 .ARM.attributes
                0x0000000000001066       0x36 /Applications/microchip/xc32/v4.60/bin/bin/../../lib/gcc/pic32c/8.3.1/../../../../pic32c/lib/thumb/v7e-m+fp/hard/libc-size-musl.a(strcpy.o)
 .ARM.attributes
                0x000000000000109c       0x36 /Applications/microchip/xc32/v4.60/bin/bin/../../lib/gcc/pic32c/8.3.1/../../../../pic32c/lib/thumb/v7e-m+fp/hard/libc-size-musl.a(stpcpy.o)
 .ARM.attributes
                0x00000000000010d2       0x1e /Applications/microchip/xc32/v4.60/bin/bin/../../lib/gcc/pic32c/8.3.1/thumb/v7e-m+fp/hard/crtn.o
 .ARM.attributes
                0x00000000000010f0       0x34 /Applications/microchip/xc32/v4.60/bin/bin/../../lib/gcc/pic32c/8.3.1/../../../../pic32c/lib/thumb/v7e-m+fp/hard/libpic32c.a(pic32_data_init_clear.o)
 .ARM.attributes
                0x0000000000001124       0x34 /Applications/microchip/xc32/v4.60/bin/bin/../../lib/gcc/pic32c/8.3.1/../../../../pic32c/lib/thumb/v7e-m+fp/hard/libpic32c.a(pic32_data_init_copy.o)

.comment        0x0000000000000000       0x2b
 .comment       0x0000000000000000       0x2b /Applications/microchip/xc32/v4.60/bin/bin/../../lib/gcc/pic32c/8.3.1/thumb/v7e-m+fp/hard/crtbegin.o
                                         0x2c (size before relaxing)
 .comment       0x000000000000002b       0x2c build/default/production/_ext/1360937237/myprintf.o
 .comment       0x000000000000002b       0x2c build/default/production/_ext/1171490990/initialization.o
 .comment       0x000000000000002b       0x2c build/default/production/_ext/1171490990/interrupts.o
 .comment       0x000000000000002b       0x2c build/default/production/_ext/163028504/xc32_monitor.o
 .comment       0x000000000000002b       0x2c build/default/production/_ext/504274921/plib_sercom1_usart.o
 .comment       0x000000000000002b       0x2c build/default/production/_ext/1865521619/plib_port.o
 .comment       0x000000000000002b       0x2c build/default/production/_ext/1360937237/main.o
 .comment       0x000000000000002b       0x2c build/default/production/_ext/829342655/plib_tc1.o
 .comment       0x000000000000002b       0x2c build/default/production/_ext/1984496892/plib_clock.o
 .comment       0x000000000000002b       0x2c build/default/production/_ext/1986646378/plib_evsys.o
 .comment       0x000000000000002b       0x2c build/default/production/_ext/1171490990/exceptions.o
 .comment       0x000000000000002b       0x2c build/default/production/_ext/1593096446/plib_nvmctrl.o
 .comment       0x000000000000002b       0x2c build/default/production/_ext/829342655/plib_tc0.o
 .comment       0x000000000000002b       0x2c build/default/production/_ext/1171490990/startup_xc32.o
 .comment       0x000000000000002b       0x2c build/default/production/_ext/1865468468/plib_nvic.o
 .comment       0x000000000000002b       0x2c /Applications/microchip/xc32/v4.60/bin/bin/../../lib/gcc/pic32c/8.3.1/../../../../pic32c/lib/thumb/v7e-m+fp/hard/libpic32c.a(data_init.o)
 .comment       0x000000000000002b       0x2c /Applications/microchip/xc32/v4.60/bin/bin/../../lib/gcc/pic32c/8.3.1/../../../../pic32c/lib/thumb/v7e-m+fp/hard/libc-size-musl.a(memcpy.o)
 .comment       0x000000000000002b       0x2c /Applications/microchip/xc32/v4.60/bin/bin/../../lib/gcc/pic32c/8.3.1/../../../../pic32c/lib/thumb/v7e-m+fp/hard/libc-size-musl.a(strlen.o)
 .comment       0x000000000000002b       0x2c /Applications/microchip/xc32/v4.60/bin/bin/../../lib/gcc/pic32c/8.3.1/../../../../pic32c/lib/thumb/v7e-m+fp/hard/libc-size-musl.a(strchr.o)
 .comment       0x000000000000002b       0x2c /Applications/microchip/xc32/v4.60/bin/bin/../../lib/gcc/pic32c/8.3.1/../../../../pic32c/lib/thumb/v7e-m+fp/hard/libc-size-musl.a(strchrnul.o)
 .comment       0x000000000000002b       0x2c /Applications/microchip/xc32/v4.60/bin/bin/../../lib/gcc/pic32c/8.3.1/../../../../pic32c/lib/thumb/v7e-m+fp/hard/libc-size-musl.a(strncmp.o)
 .comment       0x000000000000002b       0x2c /Applications/microchip/xc32/v4.60/bin/bin/../../lib/gcc/pic32c/8.3.1/../../../../pic32c/lib/thumb/v7e-m+fp/hard/libc-size-musl.a(strncpy.o)
 .comment       0x000000000000002b       0x2c /Applications/microchip/xc32/v4.60/bin/bin/../../lib/gcc/pic32c/8.3.1/../../../../pic32c/lib/thumb/v7e-m+fp/hard/libc-size-musl.a(stpncpy.o)
 .comment       0x000000000000002b       0x2c /Applications/microchip/xc32/v4.60/bin/bin/../../lib/gcc/pic32c/8.3.1/../../../../pic32c/lib/thumb/v7e-m+fp/hard/libc-musl.a(isalnum.o)
 .comment       0x000000000000002b       0x2c /Applications/microchip/xc32/v4.60/bin/bin/../../lib/gcc/pic32c/8.3.1/../../../../pic32c/lib/thumb/v7e-m+fp/hard/libc-musl.a(__libc_start_main.o)
 .comment       0x000000000000002b       0x2c /Applications/microchip/xc32/v4.60/bin/bin/../../lib/gcc/pic32c/8.3.1/../../../../pic32c/lib/thumb/v7e-m+fp/hard/libc-musl.a(libc.o)
 .comment       0x000000000000002b       0x2c /Applications/microchip/xc32/v4.60/bin/bin/../../lib/gcc/pic32c/8.3.1/../../../../pic32c/lib/thumb/v7e-m+fp/hard/libc-musl.a(__sio_sscanf_dnpxX.o)
 .comment       0x000000000000002b       0x2c /Applications/microchip/xc32/v4.60/bin/bin/../../lib/gcc/pic32c/8.3.1/../../../../pic32c/lib/thumb/v7e-m+fp/hard/libc-musl.a(__scan_d.o)
 .comment       0x000000000000002b       0x2c /Applications/microchip/xc32/v4.60/bin/bin/../../lib/gcc/pic32c/8.3.1/../../../../pic32c/lib/thumb/v7e-m+fp/hard/libc-musl.a(__scan_i.o)
 .comment       0x000000000000002b       0x2c /Applications/microchip/xc32/v4.60/bin/bin/../../lib/gcc/pic32c/8.3.1/../../../../pic32c/lib/thumb/v7e-m+fp/hard/libc-musl.a(__scan_x.o)
 .comment       0x000000000000002b       0x2c /Applications/microchip/xc32/v4.60/bin/bin/../../lib/gcc/pic32c/8.3.1/../../../../pic32c/lib/thumb/v7e-m+fp/hard/libc-musl.a(__scanf_core.o)
 .comment       0x000000000000002b       0x2c /Applications/microchip/xc32/v4.60/bin/bin/../../lib/gcc/pic32c/8.3.1/../../../../pic32c/lib/thumb/v7e-m+fp/hard/libc-musl.a(vsnprintf.o)
 .comment       0x000000000000002b       0x2c /Applications/microchip/xc32/v4.60/bin/bin/../../lib/gcc/pic32c/8.3.1/../../../../pic32c/lib/thumb/v7e-m+fp/hard/libc-musl.a(atoi.o)
 .comment       0x000000000000002b       0x2c /Applications/microchip/xc32/v4.60/bin/bin/../../lib/gcc/pic32c/8.3.1/../../../../pic32c/lib/thumb/v7e-m+fp/hard/libc-musl.a(strtol.o)
 .comment       0x000000000000002b       0x2c /Applications/microchip/xc32/v4.60/bin/bin/../../lib/gcc/pic32c/8.3.1/../../../../pic32c/lib/thumb/v7e-m+fp/hard/libc-musl.a(isxdigit.o)
 .comment       0x000000000000002b       0x2c /Applications/microchip/xc32/v4.60/bin/bin/../../lib/gcc/pic32c/8.3.1/../../../../pic32c/lib/thumb/v7e-m+fp/hard/libc-musl.a(tolower.o)
 .comment       0x000000000000002b       0x2c /Applications/microchip/xc32/v4.60/bin/bin/../../lib/gcc/pic32c/8.3.1/../../../../pic32c/lib/thumb/v7e-m+fp/hard/libc-musl.a(__environ.o)
 .comment       0x000000000000002b       0x2c /Applications/microchip/xc32/v4.60/bin/bin/../../lib/gcc/pic32c/8.3.1/../../../../pic32c/lib/thumb/v7e-m+fp/hard/libc-musl.a(__errno_location.o)
 .comment       0x000000000000002b       0x2c /Applications/microchip/xc32/v4.60/bin/bin/../../lib/gcc/pic32c/8.3.1/../../../../pic32c/lib/thumb/v7e-m+fp/hard/libc-musl.a(intscan.o)
 .comment       0x000000000000002b       0x2c /Applications/microchip/xc32/v4.60/bin/bin/../../lib/gcc/pic32c/8.3.1/../../../../pic32c/lib/thumb/v7e-m+fp/hard/libc-musl.a(shgetc.o)
 .comment       0x000000000000002b       0x2c /Applications/microchip/xc32/v4.60/bin/bin/../../lib/gcc/pic32c/8.3.1/../../../../pic32c/lib/thumb/v7e-m+fp/hard/libc-musl.a(__int_vsscanf.o)
 .comment       0x000000000000002b       0x2c /Applications/microchip/xc32/v4.60/bin/bin/../../lib/gcc/pic32c/8.3.1/../../../../pic32c/lib/thumb/v7e-m+fp/hard/libc-musl.a(__string_read.o)
 .comment       0x000000000000002b       0x2c /Applications/microchip/xc32/v4.60/bin/bin/../../lib/gcc/pic32c/8.3.1/../../../../pic32c/lib/thumb/v7e-m+fp/hard/libc-musl.a(__uflow.o)
 .comment       0x000000000000002b       0x2c /Applications/microchip/xc32/v4.60/bin/bin/../../lib/gcc/pic32c/8.3.1/../../../../pic32c/lib/thumb/v7e-m+fp/hard/libc-musl.a(__printf_core.o)
 .comment       0x000000000000002b       0x2c /Applications/microchip/xc32/v4.60/bin/bin/../../lib/gcc/pic32c/8.3.1/../../../../pic32c/lib/thumb/v7e-m+fp/hard/libc-musl.a(__push_float.o)
 .comment       0x000000000000002b       0x2c /Applications/microchip/xc32/v4.60/bin/bin/../../lib/gcc/pic32c/8.3.1/../../../../pic32c/lib/thumb/v7e-m+fp/hard/libc-musl.a(__push_int.o)
 .comment       0x000000000000002b       0x2c /Applications/microchip/xc32/v4.60/bin/bin/../../lib/gcc/pic32c/8.3.1/../../../../pic32c/lib/thumb/v7e-m+fp/hard/libc-musl.a(__read_int.o)
 .comment       0x000000000000002b       0x2c /Applications/microchip/xc32/v4.60/bin/bin/../../lib/gcc/pic32c/8.3.1/../../../../pic32c/lib/thumb/v7e-m+fp/hard/libc-musl.a(vfprintf.o)
 .comment       0x000000000000002b       0x2c /Applications/microchip/xc32/v4.60/bin/bin/../../lib/gcc/pic32c/8.3.1/../../../../pic32c/lib/thumb/v7e-m+fp/hard/libc-musl.a(__int_vfscanf.o)
 .comment       0x000000000000002b       0x2c /Applications/microchip/xc32/v4.60/bin/bin/../../lib/gcc/pic32c/8.3.1/../../../../pic32c/lib/thumb/v7e-m+fp/hard/libc-musl.a(__toread.o)
 .comment       0x000000000000002b       0x2c /Applications/microchip/xc32/v4.60/bin/bin/../../lib/gcc/pic32c/8.3.1/../../../../pic32c/lib/thumb/v7e-m+fp/hard/libc-musl.a(__out.o)
 .comment       0x000000000000002b       0x2c /Applications/microchip/xc32/v4.60/bin/bin/../../lib/gcc/pic32c/8.3.1/../../../../pic32c/lib/thumb/v7e-m+fp/hard/libc-musl.a(__pop_float.o)
 .comment       0x000000000000002b       0x2c /Applications/microchip/xc32/v4.60/bin/bin/../../lib/gcc/pic32c/8.3.1/../../../../pic32c/lib/thumb/v7e-m+fp/hard/libc-musl.a(__pop_int.o)
 .comment       0x000000000000002b       0x2c /Applications/microchip/xc32/v4.60/bin/bin/../../lib/gcc/pic32c/8.3.1/../../../../pic32c/lib/thumb/v7e-m+fp/hard/libc-musl.a(__pop_ptr.o)
 .comment       0x000000000000002b       0x2c /Applications/microchip/xc32/v4.60/bin/bin/../../lib/gcc/pic32c/8.3.1/../../../../pic32c/lib/thumb/v7e-m+fp/hard/libc-musl.a(__fmt_a.o)
 .comment       0x000000000000002b       0x2c /Applications/microchip/xc32/v4.60/bin/bin/../../lib/gcc/pic32c/8.3.1/../../../../pic32c/lib/thumb/v7e-m+fp/hard/libc-musl.a(__fmt_d.o)
 .comment       0x000000000000002b       0x2c /Applications/microchip/xc32/v4.60/bin/bin/../../lib/gcc/pic32c/8.3.1/../../../../pic32c/lib/thumb/v7e-m+fp/hard/libc-musl.a(__fmt_fp.o)
 .comment       0x000000000000002b       0x2c /Applications/microchip/xc32/v4.60/bin/bin/../../lib/gcc/pic32c/8.3.1/../../../../pic32c/lib/thumb/v7e-m+fp/hard/libc-musl.a(__fmt_o.o)
 .comment       0x000000000000002b       0x2c /Applications/microchip/xc32/v4.60/bin/bin/../../lib/gcc/pic32c/8.3.1/../../../../pic32c/lib/thumb/v7e-m+fp/hard/libc-musl.a(__fmt_s.o)
 .comment       0x000000000000002b       0x2c /Applications/microchip/xc32/v4.60/bin/bin/../../lib/gcc/pic32c/8.3.1/../../../../pic32c/lib/thumb/v7e-m+fp/hard/libc-musl.a(__fmt_u.o)
 .comment       0x000000000000002b       0x2c /Applications/microchip/xc32/v4.60/bin/bin/../../lib/gcc/pic32c/8.3.1/../../../../pic32c/lib/thumb/v7e-m+fp/hard/libc-musl.a(__fmt_x.o)
 .comment       0x000000000000002b       0x2c /Applications/microchip/xc32/v4.60/bin/bin/../../lib/gcc/pic32c/8.3.1/../../../../pic32c/lib/thumb/v7e-m+fp/hard/libc-musl.a(__fwrite.o)
 .comment       0x000000000000002b       0x2c /Applications/microchip/xc32/v4.60/bin/bin/../../lib/gcc/pic32c/8.3.1/../../../../pic32c/lib/thumb/v7e-m+fp/hard/libc-musl.a(toupper.o)
 .comment       0x000000000000002b       0x2c /Applications/microchip/xc32/v4.60/bin/bin/../../lib/gcc/pic32c/8.3.1/../../../../pic32c/lib/thumb/v7e-m+fp/hard/libc-musl.a(__cvt_u.o)
 .comment       0x000000000000002b       0x2c /Applications/microchip/xc32/v4.60/bin/bin/../../lib/gcc/pic32c/8.3.1/../../../../pic32c/lib/thumb/v7e-m+fp/hard/libc-musl.a(__init_stdio.o)
 .comment       0x000000000000002b       0x2c /Applications/microchip/xc32/v4.60/bin/bin/../../lib/gcc/pic32c/8.3.1/../../../../pic32c/lib/thumb/v7e-m+fp/hard/libm-fast-emfloat.a(fma.o)
 .comment       0x000000000000002b       0x2c /Applications/microchip/xc32/v4.60/bin/bin/../../lib/gcc/pic32c/8.3.1/../../../../pic32c/lib/thumb/v7e-m+fp/hard/libm-fast-emfloat.a(floor.o)
 .comment       0x000000000000002b       0x2c /Applications/microchip/xc32/v4.60/bin/bin/../../lib/gcc/pic32c/8.3.1/thumb/v7e-m+fp/hard/libgcc.a(_udivmoddi4.o)
 .comment       0x000000000000002b       0x2c /Applications/microchip/xc32/v4.60/bin/bin/../../lib/gcc/pic32c/8.3.1/../../../../pic32c/lib/thumb/v7e-m+fp/hard/libc-size-musl.a(memchr.o)
 .comment       0x000000000000002b       0x2c /Applications/microchip/xc32/v4.60/bin/bin/../../lib/gcc/pic32c/8.3.1/../../../../pic32c/lib/thumb/v7e-m+fp/hard/libc-size-musl.a(memset.o)
 .comment       0x000000000000002b       0x2c /Applications/microchip/xc32/v4.60/bin/bin/../../lib/gcc/pic32c/8.3.1/../../../../pic32c/lib/thumb/v7e-m+fp/hard/libc-size-musl.a(strcpy.o)
 .comment       0x000000000000002b       0x2c /Applications/microchip/xc32/v4.60/bin/bin/../../lib/gcc/pic32c/8.3.1/../../../../pic32c/lib/thumb/v7e-m+fp/hard/libc-size-musl.a(stpcpy.o)
 .comment       0x000000000000002b       0x2c /Applications/microchip/xc32/v4.60/bin/bin/../../lib/gcc/pic32c/8.3.1/../../../../pic32c/lib/thumb/v7e-m+fp/hard/libpic32c.a(pic32_data_init_clear.o)
 .comment       0x000000000000002b       0x2c /Applications/microchip/xc32/v4.60/bin/bin/../../lib/gcc/pic32c/8.3.1/../../../../pic32c/lib/thumb/v7e-m+fp/hard/libpic32c.a(pic32_data_init_copy.o)

.debug_info     0x0000000000000000    0x109eb
 .debug_info    0x0000000000000000      0xa4e build/default/production/_ext/1360937237/myprintf.o
 .debug_info    0x0000000000000a4e      0x177 build/default/production/_ext/1171490990/initialization.o
 .debug_info    0x0000000000000bc5      0xa83 build/default/production/_ext/1171490990/interrupts.o
 .debug_info    0x0000000000001648       0xf5 build/default/production/_ext/163028504/xc32_monitor.o
 .debug_info    0x000000000000173d     0x121b build/default/production/_ext/504274921/plib_sercom1_usart.o
 .debug_info    0x0000000000002958      0x81b build/default/production/_ext/1865521619/plib_port.o
 .debug_info    0x0000000000003173      0x55f build/default/production/_ext/1360937237/main.o
 .debug_info    0x00000000000036d2      0x814 build/default/production/_ext/829342655/plib_tc1.o
 .debug_info    0x0000000000003ee6      0x639 build/default/production/_ext/1984496892/plib_clock.o
 .debug_info    0x000000000000451f       0x9b build/default/production/_ext/1986646378/plib_evsys.o
 .debug_info    0x00000000000045ba      0x116 build/default/production/_ext/1171490990/exceptions.o
 .debug_info    0x00000000000046d0      0x8c9 build/default/production/_ext/1593096446/plib_nvmctrl.o
 .debug_info    0x0000000000004f99      0x814 build/default/production/_ext/829342655/plib_tc0.o
 .debug_info    0x00000000000057ad      0x55b build/default/production/_ext/1171490990/startup_xc32.o
 .debug_info    0x0000000000005d08      0xdae build/default/production/_ext/1865468468/plib_nvic.o
 .debug_info    0x0000000000006ab6       0x68 /Applications/microchip/xc32/v4.60/bin/bin/../../lib/gcc/pic32c/8.3.1/../../../../pic32c/lib/thumb/v7e-m+fp/hard/libpic32c.a(data_init.o)
 .debug_info    0x0000000000006b1e       0xf3 /Applications/microchip/xc32/v4.60/bin/bin/../../lib/gcc/pic32c/8.3.1/../../../../pic32c/lib/thumb/v7e-m+fp/hard/libc-size-musl.a(memcpy.o)
 .debug_info    0x0000000000006c11       0xa4 /Applications/microchip/xc32/v4.60/bin/bin/../../lib/gcc/pic32c/8.3.1/../../../../pic32c/lib/thumb/v7e-m+fp/hard/libc-size-musl.a(strlen.o)
 .debug_info    0x0000000000006cb5       0xd2 /Applications/microchip/xc32/v4.60/bin/bin/../../lib/gcc/pic32c/8.3.1/../../../../pic32c/lib/thumb/v7e-m+fp/hard/libc-size-musl.a(strchr.o)
 .debug_info    0x0000000000006d87      0x12c /Applications/microchip/xc32/v4.60/bin/bin/../../lib/gcc/pic32c/8.3.1/../../../../pic32c/lib/thumb/v7e-m+fp/hard/libc-size-musl.a(strchrnul.o)
 .debug_info    0x0000000000006eb3       0xeb /Applications/microchip/xc32/v4.60/bin/bin/../../lib/gcc/pic32c/8.3.1/../../../../pic32c/lib/thumb/v7e-m+fp/hard/libc-size-musl.a(strncmp.o)
 .debug_info    0x0000000000006f9e       0xde /Applications/microchip/xc32/v4.60/bin/bin/../../lib/gcc/pic32c/8.3.1/../../../../pic32c/lib/thumb/v7e-m+fp/hard/libc-size-musl.a(strncpy.o)
 .debug_info    0x000000000000707c       0xe1 /Applications/microchip/xc32/v4.60/bin/bin/../../lib/gcc/pic32c/8.3.1/../../../../pic32c/lib/thumb/v7e-m+fp/hard/libc-size-musl.a(stpncpy.o)
 .debug_info    0x000000000000715d      0x12b /Applications/microchip/xc32/v4.60/bin/bin/../../lib/gcc/pic32c/8.3.1/../../../../pic32c/lib/thumb/v7e-m+fp/hard/libc-musl.a(isalnum.o)
 .debug_info    0x0000000000007288      0x2fb /Applications/microchip/xc32/v4.60/bin/bin/../../lib/gcc/pic32c/8.3.1/../../../../pic32c/lib/thumb/v7e-m+fp/hard/libc-musl.a(__libc_start_main.o)
 .debug_info    0x0000000000007583      0x276 /Applications/microchip/xc32/v4.60/bin/bin/../../lib/gcc/pic32c/8.3.1/../../../../pic32c/lib/thumb/v7e-m+fp/hard/libc-musl.a(libc.o)
 .debug_info    0x00000000000077f9      0x1a2 /Applications/microchip/xc32/v4.60/bin/bin/../../lib/gcc/pic32c/8.3.1/../../../../pic32c/lib/thumb/v7e-m+fp/hard/libc-musl.a(__sio_sscanf_dnpxX.o)
 .debug_info    0x000000000000799b      0x4e8 /Applications/microchip/xc32/v4.60/bin/bin/../../lib/gcc/pic32c/8.3.1/../../../../pic32c/lib/thumb/v7e-m+fp/hard/libc-musl.a(__scan_d.o)
 .debug_info    0x0000000000007e83      0x5f0 /Applications/microchip/xc32/v4.60/bin/bin/../../lib/gcc/pic32c/8.3.1/../../../../pic32c/lib/thumb/v7e-m+fp/hard/libc-musl.a(__scan_i.o)
 .debug_info    0x0000000000008473      0x594 /Applications/microchip/xc32/v4.60/bin/bin/../../lib/gcc/pic32c/8.3.1/../../../../pic32c/lib/thumb/v7e-m+fp/hard/libc-musl.a(__scan_x.o)
 .debug_info    0x0000000000008a07      0xba3 /Applications/microchip/xc32/v4.60/bin/bin/../../lib/gcc/pic32c/8.3.1/../../../../pic32c/lib/thumb/v7e-m+fp/hard/libc-musl.a(__scanf_core.o)
 .debug_info    0x00000000000095aa      0x43a /Applications/microchip/xc32/v4.60/bin/bin/../../lib/gcc/pic32c/8.3.1/../../../../pic32c/lib/thumb/v7e-m+fp/hard/libc-musl.a(vsnprintf.o)
 .debug_info    0x00000000000099e4       0xf4 /Applications/microchip/xc32/v4.60/bin/bin/../../lib/gcc/pic32c/8.3.1/../../../../pic32c/lib/thumb/v7e-m+fp/hard/libc-musl.a(atoi.o)
 .debug_info    0x0000000000009ad8      0x722 /Applications/microchip/xc32/v4.60/bin/bin/../../lib/gcc/pic32c/8.3.1/../../../../pic32c/lib/thumb/v7e-m+fp/hard/libc-musl.a(strtol.o)
 .debug_info    0x000000000000a1fa      0x12b /Applications/microchip/xc32/v4.60/bin/bin/../../lib/gcc/pic32c/8.3.1/../../../../pic32c/lib/thumb/v7e-m+fp/hard/libc-musl.a(isxdigit.o)
 .debug_info    0x000000000000a325      0x12b /Applications/microchip/xc32/v4.60/bin/bin/../../lib/gcc/pic32c/8.3.1/../../../../pic32c/lib/thumb/v7e-m+fp/hard/libc-musl.a(tolower.o)
 .debug_info    0x000000000000a450       0x97 /Applications/microchip/xc32/v4.60/bin/bin/../../lib/gcc/pic32c/8.3.1/../../../../pic32c/lib/thumb/v7e-m+fp/hard/libc-musl.a(__environ.o)
 .debug_info    0x000000000000a4e7       0x5b /Applications/microchip/xc32/v4.60/bin/bin/../../lib/gcc/pic32c/8.3.1/../../../../pic32c/lib/thumb/v7e-m+fp/hard/libc-musl.a(__errno_location.o)
 .debug_info    0x000000000000a542      0x595 /Applications/microchip/xc32/v4.60/bin/bin/../../lib/gcc/pic32c/8.3.1/../../../../pic32c/lib/thumb/v7e-m+fp/hard/libc-musl.a(intscan.o)
 .debug_info    0x000000000000aad7      0x39c /Applications/microchip/xc32/v4.60/bin/bin/../../lib/gcc/pic32c/8.3.1/../../../../pic32c/lib/thumb/v7e-m+fp/hard/libc-musl.a(shgetc.o)
 .debug_info    0x000000000000ae73      0x478 /Applications/microchip/xc32/v4.60/bin/bin/../../lib/gcc/pic32c/8.3.1/../../../../pic32c/lib/thumb/v7e-m+fp/hard/libc-musl.a(__int_vsscanf.o)
 .debug_info    0x000000000000b2eb      0x3f5 /Applications/microchip/xc32/v4.60/bin/bin/../../lib/gcc/pic32c/8.3.1/../../../../pic32c/lib/thumb/v7e-m+fp/hard/libc-musl.a(__string_read.o)
 .debug_info    0x000000000000b6e0      0x37c /Applications/microchip/xc32/v4.60/bin/bin/../../lib/gcc/pic32c/8.3.1/../../../../pic32c/lib/thumb/v7e-m+fp/hard/libc-musl.a(__uflow.o)
 .debug_info    0x000000000000ba5c      0xa5d /Applications/microchip/xc32/v4.60/bin/bin/../../lib/gcc/pic32c/8.3.1/../../../../pic32c/lib/thumb/v7e-m+fp/hard/libc-musl.a(__printf_core.o)
 .debug_info    0x000000000000c4b9      0x163 /Applications/microchip/xc32/v4.60/bin/bin/../../lib/gcc/pic32c/8.3.1/../../../../pic32c/lib/thumb/v7e-m+fp/hard/libc-musl.a(__push_float.o)
 .debug_info    0x000000000000c61c      0x18f /Applications/microchip/xc32/v4.60/bin/bin/../../lib/gcc/pic32c/8.3.1/../../../../pic32c/lib/thumb/v7e-m+fp/hard/libc-musl.a(__push_int.o)
 .debug_info    0x000000000000c7ab      0x476 /Applications/microchip/xc32/v4.60/bin/bin/../../lib/gcc/pic32c/8.3.1/../../../../pic32c/lib/thumb/v7e-m+fp/hard/libc-musl.a(__read_int.o)
 .debug_info    0x000000000000cc21      0x406 /Applications/microchip/xc32/v4.60/bin/bin/../../lib/gcc/pic32c/8.3.1/../../../../pic32c/lib/thumb/v7e-m+fp/hard/libc-musl.a(vfprintf.o)
 .debug_info    0x000000000000d027      0x3db /Applications/microchip/xc32/v4.60/bin/bin/../../lib/gcc/pic32c/8.3.1/../../../../pic32c/lib/thumb/v7e-m+fp/hard/libc-musl.a(__int_vfscanf.o)
 .debug_info    0x000000000000d402      0x37e /Applications/microchip/xc32/v4.60/bin/bin/../../lib/gcc/pic32c/8.3.1/../../../../pic32c/lib/thumb/v7e-m+fp/hard/libc-musl.a(__toread.o)
 .debug_info    0x000000000000d780      0x2b2 /Applications/microchip/xc32/v4.60/bin/bin/../../lib/gcc/pic32c/8.3.1/../../../../pic32c/lib/thumb/v7e-m+fp/hard/libc-musl.a(__out.o)
 .debug_info    0x000000000000da32      0x162 /Applications/microchip/xc32/v4.60/bin/bin/../../lib/gcc/pic32c/8.3.1/../../../../pic32c/lib/thumb/v7e-m+fp/hard/libc-musl.a(__pop_float.o)
 .debug_info    0x000000000000db94      0x183 /Applications/microchip/xc32/v4.60/bin/bin/../../lib/gcc/pic32c/8.3.1/../../../../pic32c/lib/thumb/v7e-m+fp/hard/libc-musl.a(__pop_int.o)
 .debug_info    0x000000000000dd17      0x187 /Applications/microchip/xc32/v4.60/bin/bin/../../lib/gcc/pic32c/8.3.1/../../../../pic32c/lib/thumb/v7e-m+fp/hard/libc-musl.a(__pop_ptr.o)
 .debug_info    0x000000000000de9e      0x646 /Applications/microchip/xc32/v4.60/bin/bin/../../lib/gcc/pic32c/8.3.1/../../../../pic32c/lib/thumb/v7e-m+fp/hard/libc-musl.a(__fmt_a.o)
 .debug_info    0x000000000000e4e4      0x330 /Applications/microchip/xc32/v4.60/bin/bin/../../lib/gcc/pic32c/8.3.1/../../../../pic32c/lib/thumb/v7e-m+fp/hard/libc-musl.a(__fmt_d.o)
 .debug_info    0x000000000000e814      0x673 /Applications/microchip/xc32/v4.60/bin/bin/../../lib/gcc/pic32c/8.3.1/../../../../pic32c/lib/thumb/v7e-m+fp/hard/libc-musl.a(__fmt_fp.o)
 .debug_info    0x000000000000ee87      0x301 /Applications/microchip/xc32/v4.60/bin/bin/../../lib/gcc/pic32c/8.3.1/../../../../pic32c/lib/thumb/v7e-m+fp/hard/libc-musl.a(__fmt_o.o)
 .debug_info    0x000000000000f188      0x2b2 /Applications/microchip/xc32/v4.60/bin/bin/../../lib/gcc/pic32c/8.3.1/../../../../pic32c/lib/thumb/v7e-m+fp/hard/libc-musl.a(__fmt_s.o)
 .debug_info    0x000000000000f43a      0x301 /Applications/microchip/xc32/v4.60/bin/bin/../../lib/gcc/pic32c/8.3.1/../../../../pic32c/lib/thumb/v7e-m+fp/hard/libc-musl.a(__fmt_u.o)
 .debug_info    0x000000000000f73b      0x331 /Applications/microchip/xc32/v4.60/bin/bin/../../lib/gcc/pic32c/8.3.1/../../../../pic32c/lib/thumb/v7e-m+fp/hard/libc-musl.a(__fmt_x.o)
 .debug_info    0x000000000000fa6c      0x2b9 /Applications/microchip/xc32/v4.60/bin/bin/../../lib/gcc/pic32c/8.3.1/../../../../pic32c/lib/thumb/v7e-m+fp/hard/libc-musl.a(__fwrite.o)
 .debug_info    0x000000000000fd25      0x12b /Applications/microchip/xc32/v4.60/bin/bin/../../lib/gcc/pic32c/8.3.1/../../../../pic32c/lib/thumb/v7e-m+fp/hard/libc-musl.a(toupper.o)
 .debug_info    0x000000000000fe50      0x1d9 /Applications/microchip/xc32/v4.60/bin/bin/../../lib/gcc/pic32c/8.3.1/../../../../pic32c/lib/thumb/v7e-m+fp/hard/libc-musl.a(__cvt_u.o)
 .debug_info    0x0000000000010029       0xc3 /Applications/microchip/xc32/v4.60/bin/bin/../../lib/gcc/pic32c/8.3.1/../../../../pic32c/lib/thumb/v7e-m+fp/hard/libc-musl.a(__init_stdio.o)
 .debug_info    0x00000000000100ec       0x26 /Applications/microchip/xc32/v4.60/bin/bin/../../lib/gcc/pic32c/8.3.1/thumb/v7e-m+fp/hard/libgcc.a(_aeabi_uldivmod.o)
 .debug_info    0x0000000000010112      0x52a /Applications/microchip/xc32/v4.60/bin/bin/../../lib/gcc/pic32c/8.3.1/thumb/v7e-m+fp/hard/libgcc.a(_udivmoddi4.o)
 .debug_info    0x000000000001063c       0x26 /Applications/microchip/xc32/v4.60/bin/bin/../../lib/gcc/pic32c/8.3.1/thumb/v7e-m+fp/hard/libgcc.a(_dvmd_tls.o)
 .debug_info    0x0000000000010662       0xe6 /Applications/microchip/xc32/v4.60/bin/bin/../../lib/gcc/pic32c/8.3.1/../../../../pic32c/lib/thumb/v7e-m+fp/hard/libc-size-musl.a(memchr.o)
 .debug_info    0x0000000000010748       0xbb /Applications/microchip/xc32/v4.60/bin/bin/../../lib/gcc/pic32c/8.3.1/../../../../pic32c/lib/thumb/v7e-m+fp/hard/libc-size-musl.a(memset.o)
 .debug_info    0x0000000000010803       0xbd /Applications/microchip/xc32/v4.60/bin/bin/../../lib/gcc/pic32c/8.3.1/../../../../pic32c/lib/thumb/v7e-m+fp/hard/libc-size-musl.a(strcpy.o)
 .debug_info    0x00000000000108c0       0xac /Applications/microchip/xc32/v4.60/bin/bin/../../lib/gcc/pic32c/8.3.1/../../../../pic32c/lib/thumb/v7e-m+fp/hard/libc-size-musl.a(stpcpy.o)
 .debug_info    0x000000000001096c       0x3f /Applications/microchip/xc32/v4.60/bin/bin/../../lib/gcc/pic32c/8.3.1/../../../../pic32c/lib/thumb/v7e-m+fp/hard/libpic32c.a(pic32_data_init_clear.o)
 .debug_info    0x00000000000109ab       0x40 /Applications/microchip/xc32/v4.60/bin/bin/../../lib/gcc/pic32c/8.3.1/../../../../pic32c/lib/thumb/v7e-m+fp/hard/libpic32c.a(pic32_data_init_copy.o)

.debug_abbrev   0x0000000000000000     0x57a4
 .debug_abbrev  0x0000000000000000      0x2ec build/default/production/_ext/1360937237/myprintf.o
 .debug_abbrev  0x00000000000002ec       0x96 build/default/production/_ext/1171490990/initialization.o
 .debug_abbrev  0x0000000000000382       0xc0 build/default/production/_ext/1171490990/interrupts.o
 .debug_abbrev  0x0000000000000442       0xb2 build/default/production/_ext/163028504/xc32_monitor.o
 .debug_abbrev  0x00000000000004f4      0x318 build/default/production/_ext/504274921/plib_sercom1_usart.o
 .debug_abbrev  0x000000000000080c      0x1ea build/default/production/_ext/1865521619/plib_port.o
 .debug_abbrev  0x00000000000009f6      0x14d build/default/production/_ext/1360937237/main.o
 .debug_abbrev  0x0000000000000b43      0x1be build/default/production/_ext/829342655/plib_tc1.o
 .debug_abbrev  0x0000000000000d01      0x10b build/default/production/_ext/1984496892/plib_clock.o
 .debug_abbrev  0x0000000000000e0c       0x46 build/default/production/_ext/1986646378/plib_evsys.o
 .debug_abbrev  0x0000000000000e52       0x49 build/default/production/_ext/1171490990/exceptions.o
 .debug_abbrev  0x0000000000000e9b      0x23c build/default/production/_ext/1593096446/plib_nvmctrl.o
 .debug_abbrev  0x00000000000010d7      0x1be build/default/production/_ext/829342655/plib_tc0.o
 .debug_abbrev  0x0000000000001295      0x1e3 build/default/production/_ext/1171490990/startup_xc32.o
 .debug_abbrev  0x0000000000001478      0x258 build/default/production/_ext/1865468468/plib_nvic.o
 .debug_abbrev  0x00000000000016d0       0x44 /Applications/microchip/xc32/v4.60/bin/bin/../../lib/gcc/pic32c/8.3.1/../../../../pic32c/lib/thumb/v7e-m+fp/hard/libpic32c.a(data_init.o)
 .debug_abbrev  0x0000000000001714       0xbb /Applications/microchip/xc32/v4.60/bin/bin/../../lib/gcc/pic32c/8.3.1/../../../../pic32c/lib/thumb/v7e-m+fp/hard/libc-size-musl.a(memcpy.o)
 .debug_abbrev  0x00000000000017cf       0x91 /Applications/microchip/xc32/v4.60/bin/bin/../../lib/gcc/pic32c/8.3.1/../../../../pic32c/lib/thumb/v7e-m+fp/hard/libc-size-musl.a(strlen.o)
 .debug_abbrev  0x0000000000001860       0xad /Applications/microchip/xc32/v4.60/bin/bin/../../lib/gcc/pic32c/8.3.1/../../../../pic32c/lib/thumb/v7e-m+fp/hard/libc-size-musl.a(strchr.o)
 .debug_abbrev  0x000000000000190d       0xb0 /Applications/microchip/xc32/v4.60/bin/bin/../../lib/gcc/pic32c/8.3.1/../../../../pic32c/lib/thumb/v7e-m+fp/hard/libc-size-musl.a(strchrnul.o)
 .debug_abbrev  0x00000000000019bd       0x91 /Applications/microchip/xc32/v4.60/bin/bin/../../lib/gcc/pic32c/8.3.1/../../../../pic32c/lib/thumb/v7e-m+fp/hard/libc-size-musl.a(strncmp.o)
 .debug_abbrev  0x0000000000001a4e       0x9d /Applications/microchip/xc32/v4.60/bin/bin/../../lib/gcc/pic32c/8.3.1/../../../../pic32c/lib/thumb/v7e-m+fp/hard/libc-size-musl.a(strncpy.o)
 .debug_abbrev  0x0000000000001aeb       0xa5 /Applications/microchip/xc32/v4.60/bin/bin/../../lib/gcc/pic32c/8.3.1/../../../../pic32c/lib/thumb/v7e-m+fp/hard/libc-size-musl.a(stpncpy.o)
 .debug_abbrev  0x0000000000001b90      0x108 /Applications/microchip/xc32/v4.60/bin/bin/../../lib/gcc/pic32c/8.3.1/../../../../pic32c/lib/thumb/v7e-m+fp/hard/libc-musl.a(isalnum.o)
 .debug_abbrev  0x0000000000001c98      0x133 /Applications/microchip/xc32/v4.60/bin/bin/../../lib/gcc/pic32c/8.3.1/../../../../pic32c/lib/thumb/v7e-m+fp/hard/libc-musl.a(__libc_start_main.o)
 .debug_abbrev  0x0000000000001dcb       0xd4 /Applications/microchip/xc32/v4.60/bin/bin/../../lib/gcc/pic32c/8.3.1/../../../../pic32c/lib/thumb/v7e-m+fp/hard/libc-musl.a(libc.o)
 .debug_abbrev  0x0000000000001e9f      0x139 /Applications/microchip/xc32/v4.60/bin/bin/../../lib/gcc/pic32c/8.3.1/../../../../pic32c/lib/thumb/v7e-m+fp/hard/libc-musl.a(__sio_sscanf_dnpxX.o)
 .debug_abbrev  0x0000000000001fd8      0x1c4 /Applications/microchip/xc32/v4.60/bin/bin/../../lib/gcc/pic32c/8.3.1/../../../../pic32c/lib/thumb/v7e-m+fp/hard/libc-musl.a(__scan_d.o)
 .debug_abbrev  0x000000000000219c      0x1dd /Applications/microchip/xc32/v4.60/bin/bin/../../lib/gcc/pic32c/8.3.1/../../../../pic32c/lib/thumb/v7e-m+fp/hard/libc-musl.a(__scan_i.o)
 .debug_abbrev  0x0000000000002379      0x1cc /Applications/microchip/xc32/v4.60/bin/bin/../../lib/gcc/pic32c/8.3.1/../../../../pic32c/lib/thumb/v7e-m+fp/hard/libc-musl.a(__scan_x.o)
 .debug_abbrev  0x0000000000002545      0x320 /Applications/microchip/xc32/v4.60/bin/bin/../../lib/gcc/pic32c/8.3.1/../../../../pic32c/lib/thumb/v7e-m+fp/hard/libc-musl.a(__scanf_core.o)
 .debug_abbrev  0x0000000000002865      0x195 /Applications/microchip/xc32/v4.60/bin/bin/../../lib/gcc/pic32c/8.3.1/../../../../pic32c/lib/thumb/v7e-m+fp/hard/libc-musl.a(vsnprintf.o)
 .debug_abbrev  0x00000000000029fa       0xc6 /Applications/microchip/xc32/v4.60/bin/bin/../../lib/gcc/pic32c/8.3.1/../../../../pic32c/lib/thumb/v7e-m+fp/hard/libc-musl.a(atoi.o)
 .debug_abbrev  0x0000000000002ac0      0x1cf /Applications/microchip/xc32/v4.60/bin/bin/../../lib/gcc/pic32c/8.3.1/../../../../pic32c/lib/thumb/v7e-m+fp/hard/libc-musl.a(strtol.o)
 .debug_abbrev  0x0000000000002c8f      0x108 /Applications/microchip/xc32/v4.60/bin/bin/../../lib/gcc/pic32c/8.3.1/../../../../pic32c/lib/thumb/v7e-m+fp/hard/libc-musl.a(isxdigit.o)
 .debug_abbrev  0x0000000000002d97      0x108 /Applications/microchip/xc32/v4.60/bin/bin/../../lib/gcc/pic32c/8.3.1/../../../../pic32c/lib/thumb/v7e-m+fp/hard/libc-musl.a(tolower.o)
 .debug_abbrev  0x0000000000002e9f       0x62 /Applications/microchip/xc32/v4.60/bin/bin/../../lib/gcc/pic32c/8.3.1/../../../../pic32c/lib/thumb/v7e-m+fp/hard/libc-musl.a(__environ.o)
 .debug_abbrev  0x0000000000002f01       0x39 /Applications/microchip/xc32/v4.60/bin/bin/../../lib/gcc/pic32c/8.3.1/../../../../pic32c/lib/thumb/v7e-m+fp/hard/libc-musl.a(__errno_location.o)
 .debug_abbrev  0x0000000000002f3a      0x1f8 /Applications/microchip/xc32/v4.60/bin/bin/../../lib/gcc/pic32c/8.3.1/../../../../pic32c/lib/thumb/v7e-m+fp/hard/libc-musl.a(intscan.o)
 .debug_abbrev  0x0000000000003132      0x166 /Applications/microchip/xc32/v4.60/bin/bin/../../lib/gcc/pic32c/8.3.1/../../../../pic32c/lib/thumb/v7e-m+fp/hard/libc-musl.a(shgetc.o)
 .debug_abbrev  0x0000000000003298      0x19b /Applications/microchip/xc32/v4.60/bin/bin/../../lib/gcc/pic32c/8.3.1/../../../../pic32c/lib/thumb/v7e-m+fp/hard/libc-musl.a(__int_vsscanf.o)
 .debug_abbrev  0x0000000000003433      0x146 /Applications/microchip/xc32/v4.60/bin/bin/../../lib/gcc/pic32c/8.3.1/../../../../pic32c/lib/thumb/v7e-m+fp/hard/libc-musl.a(__string_read.o)
 .debug_abbrev  0x0000000000003579      0x141 /Applications/microchip/xc32/v4.60/bin/bin/../../lib/gcc/pic32c/8.3.1/../../../../pic32c/lib/thumb/v7e-m+fp/hard/libc-musl.a(__uflow.o)
 .debug_abbrev  0x00000000000036ba      0x332 /Applications/microchip/xc32/v4.60/bin/bin/../../lib/gcc/pic32c/8.3.1/../../../../pic32c/lib/thumb/v7e-m+fp/hard/libc-musl.a(__printf_core.o)
 .debug_abbrev  0x00000000000039ec       0xdc /Applications/microchip/xc32/v4.60/bin/bin/../../lib/gcc/pic32c/8.3.1/../../../../pic32c/lib/thumb/v7e-m+fp/hard/libc-musl.a(__push_float.o)
 .debug_abbrev  0x0000000000003ac8       0xdc /Applications/microchip/xc32/v4.60/bin/bin/../../lib/gcc/pic32c/8.3.1/../../../../pic32c/lib/thumb/v7e-m+fp/hard/libc-musl.a(__push_int.o)
 .debug_abbrev  0x0000000000003ba4      0x190 /Applications/microchip/xc32/v4.60/bin/bin/../../lib/gcc/pic32c/8.3.1/../../../../pic32c/lib/thumb/v7e-m+fp/hard/libc-musl.a(__read_int.o)
 .debug_abbrev  0x0000000000003d34      0x189 /Applications/microchip/xc32/v4.60/bin/bin/../../lib/gcc/pic32c/8.3.1/../../../../pic32c/lib/thumb/v7e-m+fp/hard/libc-musl.a(vfprintf.o)
 .debug_abbrev  0x0000000000003ebd      0x161 /Applications/microchip/xc32/v4.60/bin/bin/../../lib/gcc/pic32c/8.3.1/../../../../pic32c/lib/thumb/v7e-m+fp/hard/libc-musl.a(__int_vfscanf.o)
 .debug_abbrev  0x000000000000401e      0x14b /Applications/microchip/xc32/v4.60/bin/bin/../../lib/gcc/pic32c/8.3.1/../../../../pic32c/lib/thumb/v7e-m+fp/hard/libc-musl.a(__toread.o)
 .debug_abbrev  0x0000000000004169      0x18c /Applications/microchip/xc32/v4.60/bin/bin/../../lib/gcc/pic32c/8.3.1/../../../../pic32c/lib/thumb/v7e-m+fp/hard/libc-musl.a(__out.o)
 .debug_abbrev  0x00000000000042f5       0xdc /Applications/microchip/xc32/v4.60/bin/bin/../../lib/gcc/pic32c/8.3.1/../../../../pic32c/lib/thumb/v7e-m+fp/hard/libc-musl.a(__pop_float.o)
 .debug_abbrev  0x00000000000043d1       0xdc /Applications/microchip/xc32/v4.60/bin/bin/../../lib/gcc/pic32c/8.3.1/../../../../pic32c/lib/thumb/v7e-m+fp/hard/libc-musl.a(__pop_int.o)
 .debug_abbrev  0x00000000000044ad       0xed /Applications/microchip/xc32/v4.60/bin/bin/../../lib/gcc/pic32c/8.3.1/../../../../pic32c/lib/thumb/v7e-m+fp/hard/libc-musl.a(__pop_ptr.o)
 .debug_abbrev  0x000000000000459a      0x1d5 /Applications/microchip/xc32/v4.60/bin/bin/../../lib/gcc/pic32c/8.3.1/../../../../pic32c/lib/thumb/v7e-m+fp/hard/libc-musl.a(__fmt_a.o)
 .debug_abbrev  0x000000000000476f      0x161 /Applications/microchip/xc32/v4.60/bin/bin/../../lib/gcc/pic32c/8.3.1/../../../../pic32c/lib/thumb/v7e-m+fp/hard/libc-musl.a(__fmt_d.o)
 .debug_abbrev  0x00000000000048d0      0x1f4 /Applications/microchip/xc32/v4.60/bin/bin/../../lib/gcc/pic32c/8.3.1/../../../../pic32c/lib/thumb/v7e-m+fp/hard/libc-musl.a(__fmt_fp.o)
 .debug_abbrev  0x0000000000004ac4      0x161 /Applications/microchip/xc32/v4.60/bin/bin/../../lib/gcc/pic32c/8.3.1/../../../../pic32c/lib/thumb/v7e-m+fp/hard/libc-musl.a(__fmt_o.o)
 .debug_abbrev  0x0000000000004c25      0x14c /Applications/microchip/xc32/v4.60/bin/bin/../../lib/gcc/pic32c/8.3.1/../../../../pic32c/lib/thumb/v7e-m+fp/hard/libc-musl.a(__fmt_s.o)
 .debug_abbrev  0x0000000000004d71      0x161 /Applications/microchip/xc32/v4.60/bin/bin/../../lib/gcc/pic32c/8.3.1/../../../../pic32c/lib/thumb/v7e-m+fp/hard/libc-musl.a(__fmt_u.o)
 .debug_abbrev  0x0000000000004ed2      0x150 /Applications/microchip/xc32/v4.60/bin/bin/../../lib/gcc/pic32c/8.3.1/../../../../pic32c/lib/thumb/v7e-m+fp/hard/libc-musl.a(__fmt_x.o)
 .debug_abbrev  0x0000000000005022      0x127 /Applications/microchip/xc32/v4.60/bin/bin/../../lib/gcc/pic32c/8.3.1/../../../../pic32c/lib/thumb/v7e-m+fp/hard/libc-musl.a(__fwrite.o)
 .debug_abbrev  0x0000000000005149      0x108 /Applications/microchip/xc32/v4.60/bin/bin/../../lib/gcc/pic32c/8.3.1/../../../../pic32c/lib/thumb/v7e-m+fp/hard/libc-musl.a(toupper.o)
 .debug_abbrev  0x0000000000005251       0xe5 /Applications/microchip/xc32/v4.60/bin/bin/../../lib/gcc/pic32c/8.3.1/../../../../pic32c/lib/thumb/v7e-m+fp/hard/libc-musl.a(__cvt_u.o)
 .debug_abbrev  0x0000000000005336       0x65 /Applications/microchip/xc32/v4.60/bin/bin/../../lib/gcc/pic32c/8.3.1/../../../../pic32c/lib/thumb/v7e-m+fp/hard/libc-musl.a(__init_stdio.o)
 .debug_abbrev  0x000000000000539b       0x14 /Applications/microchip/xc32/v4.60/bin/bin/../../lib/gcc/pic32c/8.3.1/thumb/v7e-m+fp/hard/libgcc.a(_aeabi_uldivmod.o)
 .debug_abbrev  0x00000000000053af      0x122 /Applications/microchip/xc32/v4.60/bin/bin/../../lib/gcc/pic32c/8.3.1/thumb/v7e-m+fp/hard/libgcc.a(_udivmoddi4.o)
 .debug_abbrev  0x00000000000054d1       0x14 /Applications/microchip/xc32/v4.60/bin/bin/../../lib/gcc/pic32c/8.3.1/thumb/v7e-m+fp/hard/libgcc.a(_dvmd_tls.o)
 .debug_abbrev  0x00000000000054e5       0xb1 /Applications/microchip/xc32/v4.60/bin/bin/../../lib/gcc/pic32c/8.3.1/../../../../pic32c/lib/thumb/v7e-m+fp/hard/libc-size-musl.a(memchr.o)
 .debug_abbrev  0x0000000000005596       0xa2 /Applications/microchip/xc32/v4.60/bin/bin/../../lib/gcc/pic32c/8.3.1/../../../../pic32c/lib/thumb/v7e-m+fp/hard/libc-size-musl.a(memset.o)
 .debug_abbrev  0x0000000000005638       0xa2 /Applications/microchip/xc32/v4.60/bin/bin/../../lib/gcc/pic32c/8.3.1/../../../../pic32c/lib/thumb/v7e-m+fp/hard/libc-size-musl.a(strcpy.o)
 .debug_abbrev  0x00000000000056da       0x6e /Applications/microchip/xc32/v4.60/bin/bin/../../lib/gcc/pic32c/8.3.1/../../../../pic32c/lib/thumb/v7e-m+fp/hard/libc-size-musl.a(stpcpy.o)
 .debug_abbrev  0x0000000000005748       0x2e /Applications/microchip/xc32/v4.60/bin/bin/../../lib/gcc/pic32c/8.3.1/../../../../pic32c/lib/thumb/v7e-m+fp/hard/libpic32c.a(pic32_data_init_clear.o)
 .debug_abbrev  0x0000000000005776       0x2e /Applications/microchip/xc32/v4.60/bin/bin/../../lib/gcc/pic32c/8.3.1/../../../../pic32c/lib/thumb/v7e-m+fp/hard/libpic32c.a(pic32_data_init_copy.o)

.debug_loc      0x0000000000000000     0x8a75
 .debug_loc     0x0000000000000000      0x614 build/default/production/_ext/1360937237/myprintf.o
 .debug_loc     0x0000000000000614       0x45 build/default/production/_ext/1171490990/initialization.o
 .debug_loc     0x0000000000000659       0x4a build/default/production/_ext/163028504/xc32_monitor.o
 .debug_loc     0x00000000000006a3      0x7d8 build/default/production/_ext/504274921/plib_sercom1_usart.o
 .debug_loc     0x0000000000000e7b      0x23d build/default/production/_ext/1865521619/plib_port.o
 .debug_loc     0x00000000000010b8       0x20 build/default/production/_ext/1360937237/main.o
 .debug_loc     0x00000000000010d8       0x74 build/default/production/_ext/829342655/plib_tc1.o
 .debug_loc     0x000000000000114c      0x83e build/default/production/_ext/1593096446/plib_nvmctrl.o
 .debug_loc     0x000000000000198a       0x74 build/default/production/_ext/829342655/plib_tc0.o
 .debug_loc     0x00000000000019fe       0x4a build/default/production/_ext/1171490990/startup_xc32.o
 .debug_loc     0x0000000000001a48      0x2f3 build/default/production/_ext/1865468468/plib_nvic.o
 .debug_loc     0x0000000000001d3b       0x14 /Applications/microchip/xc32/v4.60/bin/bin/../../lib/gcc/pic32c/8.3.1/../../../../pic32c/lib/thumb/v7e-m+fp/hard/libpic32c.a(data_init.o)
 .debug_loc     0x0000000000001d4f      0x10b /Applications/microchip/xc32/v4.60/bin/bin/../../lib/gcc/pic32c/8.3.1/../../../../pic32c/lib/thumb/v7e-m+fp/hard/libc-size-musl.a(memcpy.o)
 .debug_loc     0x0000000000001e5a       0x90 /Applications/microchip/xc32/v4.60/bin/bin/../../lib/gcc/pic32c/8.3.1/../../../../pic32c/lib/thumb/v7e-m+fp/hard/libc-size-musl.a(strlen.o)
 .debug_loc     0x0000000000001eea       0x8c /Applications/microchip/xc32/v4.60/bin/bin/../../lib/gcc/pic32c/8.3.1/../../../../pic32c/lib/thumb/v7e-m+fp/hard/libc-size-musl.a(strchr.o)
 .debug_loc     0x0000000000001f76      0x11a /Applications/microchip/xc32/v4.60/bin/bin/../../lib/gcc/pic32c/8.3.1/../../../../pic32c/lib/thumb/v7e-m+fp/hard/libc-size-musl.a(strchrnul.o)
 .debug_loc     0x0000000000002090      0x1b1 /Applications/microchip/xc32/v4.60/bin/bin/../../lib/gcc/pic32c/8.3.1/../../../../pic32c/lib/thumb/v7e-m+fp/hard/libc-size-musl.a(strncmp.o)
 .debug_loc     0x0000000000002241       0x8c /Applications/microchip/xc32/v4.60/bin/bin/../../lib/gcc/pic32c/8.3.1/../../../../pic32c/lib/thumb/v7e-m+fp/hard/libc-size-musl.a(strncpy.o)
 .debug_loc     0x00000000000022cd      0x13f /Applications/microchip/xc32/v4.60/bin/bin/../../lib/gcc/pic32c/8.3.1/../../../../pic32c/lib/thumb/v7e-m+fp/hard/libc-size-musl.a(stpncpy.o)
 .debug_loc     0x000000000000240c       0x76 /Applications/microchip/xc32/v4.60/bin/bin/../../lib/gcc/pic32c/8.3.1/../../../../pic32c/lib/thumb/v7e-m+fp/hard/libc-musl.a(isalnum.o)
 .debug_loc     0x0000000000002482       0x51 /Applications/microchip/xc32/v4.60/bin/bin/../../lib/gcc/pic32c/8.3.1/../../../../pic32c/lib/thumb/v7e-m+fp/hard/libc-musl.a(__libc_start_main.o)
 .debug_loc     0x00000000000024d3       0xb6 /Applications/microchip/xc32/v4.60/bin/bin/../../lib/gcc/pic32c/8.3.1/../../../../pic32c/lib/thumb/v7e-m+fp/hard/libc-musl.a(__sio_sscanf_dnpxX.o)
 .debug_loc     0x0000000000002589       0xdf /Applications/microchip/xc32/v4.60/bin/bin/../../lib/gcc/pic32c/8.3.1/../../../../pic32c/lib/thumb/v7e-m+fp/hard/libc-musl.a(__scan_d.o)
 .debug_loc     0x0000000000002668      0x305 /Applications/microchip/xc32/v4.60/bin/bin/../../lib/gcc/pic32c/8.3.1/../../../../pic32c/lib/thumb/v7e-m+fp/hard/libc-musl.a(__scan_i.o)
 .debug_loc     0x000000000000296d      0x176 /Applications/microchip/xc32/v4.60/bin/bin/../../lib/gcc/pic32c/8.3.1/../../../../pic32c/lib/thumb/v7e-m+fp/hard/libc-musl.a(__scan_x.o)
 .debug_loc     0x0000000000002ae3      0xa0e /Applications/microchip/xc32/v4.60/bin/bin/../../lib/gcc/pic32c/8.3.1/../../../../pic32c/lib/thumb/v7e-m+fp/hard/libc-musl.a(__scanf_core.o)
 .debug_loc     0x00000000000034f1       0xeb /Applications/microchip/xc32/v4.60/bin/bin/../../lib/gcc/pic32c/8.3.1/../../../../pic32c/lib/thumb/v7e-m+fp/hard/libc-musl.a(vsnprintf.o)
 .debug_loc     0x00000000000035dc       0xd8 /Applications/microchip/xc32/v4.60/bin/bin/../../lib/gcc/pic32c/8.3.1/../../../../pic32c/lib/thumb/v7e-m+fp/hard/libc-musl.a(atoi.o)
 .debug_loc     0x00000000000036b4      0x440 /Applications/microchip/xc32/v4.60/bin/bin/../../lib/gcc/pic32c/8.3.1/../../../../pic32c/lib/thumb/v7e-m+fp/hard/libc-musl.a(strtol.o)
 .debug_loc     0x0000000000003af4       0x65 /Applications/microchip/xc32/v4.60/bin/bin/../../lib/gcc/pic32c/8.3.1/../../../../pic32c/lib/thumb/v7e-m+fp/hard/libc-musl.a(isxdigit.o)
 .debug_loc     0x0000000000003b59       0x4a /Applications/microchip/xc32/v4.60/bin/bin/../../lib/gcc/pic32c/8.3.1/../../../../pic32c/lib/thumb/v7e-m+fp/hard/libc-musl.a(tolower.o)
 .debug_loc     0x0000000000003ba3      0x5df /Applications/microchip/xc32/v4.60/bin/bin/../../lib/gcc/pic32c/8.3.1/../../../../pic32c/lib/thumb/v7e-m+fp/hard/libc-musl.a(intscan.o)
 .debug_loc     0x0000000000004182       0x91 /Applications/microchip/xc32/v4.60/bin/bin/../../lib/gcc/pic32c/8.3.1/../../../../pic32c/lib/thumb/v7e-m+fp/hard/libc-musl.a(shgetc.o)
 .debug_loc     0x0000000000004213      0x12e /Applications/microchip/xc32/v4.60/bin/bin/../../lib/gcc/pic32c/8.3.1/../../../../pic32c/lib/thumb/v7e-m+fp/hard/libc-musl.a(__int_vsscanf.o)
 .debug_loc     0x0000000000004341       0xc5 /Applications/microchip/xc32/v4.60/bin/bin/../../lib/gcc/pic32c/8.3.1/../../../../pic32c/lib/thumb/v7e-m+fp/hard/libc-musl.a(__string_read.o)
 .debug_loc     0x0000000000004406       0x5a /Applications/microchip/xc32/v4.60/bin/bin/../../lib/gcc/pic32c/8.3.1/../../../../pic32c/lib/thumb/v7e-m+fp/hard/libc-musl.a(__uflow.o)
 .debug_loc     0x0000000000004460      0x5e9 /Applications/microchip/xc32/v4.60/bin/bin/../../lib/gcc/pic32c/8.3.1/../../../../pic32c/lib/thumb/v7e-m+fp/hard/libc-musl.a(__printf_core.o)
 .debug_loc     0x0000000000004a49      0x177 /Applications/microchip/xc32/v4.60/bin/bin/../../lib/gcc/pic32c/8.3.1/../../../../pic32c/lib/thumb/v7e-m+fp/hard/libc-musl.a(__push_float.o)
 .debug_loc     0x0000000000004bc0      0x2db /Applications/microchip/xc32/v4.60/bin/bin/../../lib/gcc/pic32c/8.3.1/../../../../pic32c/lib/thumb/v7e-m+fp/hard/libc-musl.a(__push_int.o)
 .debug_loc     0x0000000000004e9b      0x142 /Applications/microchip/xc32/v4.60/bin/bin/../../lib/gcc/pic32c/8.3.1/../../../../pic32c/lib/thumb/v7e-m+fp/hard/libc-musl.a(__read_int.o)
 .debug_loc     0x0000000000004fdd       0x88 /Applications/microchip/xc32/v4.60/bin/bin/../../lib/gcc/pic32c/8.3.1/../../../../pic32c/lib/thumb/v7e-m+fp/hard/libc-musl.a(vfprintf.o)
 .debug_loc     0x0000000000005065       0x88 /Applications/microchip/xc32/v4.60/bin/bin/../../lib/gcc/pic32c/8.3.1/../../../../pic32c/lib/thumb/v7e-m+fp/hard/libc-musl.a(__int_vfscanf.o)
 .debug_loc     0x00000000000050ed       0x42 /Applications/microchip/xc32/v4.60/bin/bin/../../lib/gcc/pic32c/8.3.1/../../../../pic32c/lib/thumb/v7e-m+fp/hard/libc-musl.a(__toread.o)
 .debug_loc     0x000000000000512f      0x1a8 /Applications/microchip/xc32/v4.60/bin/bin/../../lib/gcc/pic32c/8.3.1/../../../../pic32c/lib/thumb/v7e-m+fp/hard/libc-musl.a(__out.o)
 .debug_loc     0x00000000000052d7       0xa6 /Applications/microchip/xc32/v4.60/bin/bin/../../lib/gcc/pic32c/8.3.1/../../../../pic32c/lib/thumb/v7e-m+fp/hard/libc-musl.a(__pop_float.o)
 .debug_loc     0x000000000000537d      0x2f5 /Applications/microchip/xc32/v4.60/bin/bin/../../lib/gcc/pic32c/8.3.1/../../../../pic32c/lib/thumb/v7e-m+fp/hard/libc-musl.a(__pop_int.o)
 .debug_loc     0x0000000000005672      0x1db /Applications/microchip/xc32/v4.60/bin/bin/../../lib/gcc/pic32c/8.3.1/../../../../pic32c/lib/thumb/v7e-m+fp/hard/libc-musl.a(__pop_ptr.o)
 .debug_loc     0x000000000000584d      0xb29 /Applications/microchip/xc32/v4.60/bin/bin/../../lib/gcc/pic32c/8.3.1/../../../../pic32c/lib/thumb/v7e-m+fp/hard/libc-musl.a(__fmt_a.o)
 .debug_loc     0x0000000000006376      0x1ef /Applications/microchip/xc32/v4.60/bin/bin/../../lib/gcc/pic32c/8.3.1/../../../../pic32c/lib/thumb/v7e-m+fp/hard/libc-musl.a(__fmt_d.o)
 .debug_loc     0x0000000000006565      0xa5d /Applications/microchip/xc32/v4.60/bin/bin/../../lib/gcc/pic32c/8.3.1/../../../../pic32c/lib/thumb/v7e-m+fp/hard/libc-musl.a(__fmt_fp.o)
 .debug_loc     0x0000000000006fc2      0x10a /Applications/microchip/xc32/v4.60/bin/bin/../../lib/gcc/pic32c/8.3.1/../../../../pic32c/lib/thumb/v7e-m+fp/hard/libc-musl.a(__fmt_o.o)
 .debug_loc     0x00000000000070cc      0x157 /Applications/microchip/xc32/v4.60/bin/bin/../../lib/gcc/pic32c/8.3.1/../../../../pic32c/lib/thumb/v7e-m+fp/hard/libc-musl.a(__fmt_s.o)
 .debug_loc     0x0000000000007223      0x10a /Applications/microchip/xc32/v4.60/bin/bin/../../lib/gcc/pic32c/8.3.1/../../../../pic32c/lib/thumb/v7e-m+fp/hard/libc-musl.a(__fmt_u.o)
 .debug_loc     0x000000000000732d      0x26d /Applications/microchip/xc32/v4.60/bin/bin/../../lib/gcc/pic32c/8.3.1/../../../../pic32c/lib/thumb/v7e-m+fp/hard/libc-musl.a(__fmt_x.o)
 .debug_loc     0x000000000000759a      0x10a /Applications/microchip/xc32/v4.60/bin/bin/../../lib/gcc/pic32c/8.3.1/../../../../pic32c/lib/thumb/v7e-m+fp/hard/libc-musl.a(__fwrite.o)
 .debug_loc     0x00000000000076a4       0x4a /Applications/microchip/xc32/v4.60/bin/bin/../../lib/gcc/pic32c/8.3.1/../../../../pic32c/lib/thumb/v7e-m+fp/hard/libc-musl.a(toupper.o)
 .debug_loc     0x00000000000076ee      0x197 /Applications/microchip/xc32/v4.60/bin/bin/../../lib/gcc/pic32c/8.3.1/../../../../pic32c/lib/thumb/v7e-m+fp/hard/libc-musl.a(__cvt_u.o)
 .debug_loc     0x0000000000007885       0x20 /Applications/microchip/xc32/v4.60/bin/bin/../../lib/gcc/pic32c/8.3.1/../../../../pic32c/lib/thumb/v7e-m+fp/hard/libc-musl.a(__init_stdio.o)
 .debug_loc     0x00000000000078a5      0xe69 /Applications/microchip/xc32/v4.60/bin/bin/../../lib/gcc/pic32c/8.3.1/thumb/v7e-m+fp/hard/libgcc.a(_udivmoddi4.o)
 .debug_loc     0x000000000000870e      0x20f /Applications/microchip/xc32/v4.60/bin/bin/../../lib/gcc/pic32c/8.3.1/../../../../pic32c/lib/thumb/v7e-m+fp/hard/libc-size-musl.a(memchr.o)
 .debug_loc     0x000000000000891d       0x7d /Applications/microchip/xc32/v4.60/bin/bin/../../lib/gcc/pic32c/8.3.1/../../../../pic32c/lib/thumb/v7e-m+fp/hard/libc-size-musl.a(memset.o)
 .debug_loc     0x000000000000899a       0x67 /Applications/microchip/xc32/v4.60/bin/bin/../../lib/gcc/pic32c/8.3.1/../../../../pic32c/lib/thumb/v7e-m+fp/hard/libc-size-musl.a(strcpy.o)
 .debug_loc     0x0000000000008a01       0x60 /Applications/microchip/xc32/v4.60/bin/bin/../../lib/gcc/pic32c/8.3.1/../../../../pic32c/lib/thumb/v7e-m+fp/hard/libc-size-musl.a(stpcpy.o)
 .debug_loc     0x0000000000008a61       0x14 /Applications/microchip/xc32/v4.60/bin/bin/../../lib/gcc/pic32c/8.3.1/../../../../pic32c/lib/thumb/v7e-m+fp/hard/libpic32c.a(pic32_data_init_copy.o)

.debug_aranges  0x0000000000000000      0xd20
 .debug_aranges
                0x0000000000000000       0x30 build/default/production/_ext/1360937237/myprintf.o
 .debug_aranges
                0x0000000000000030       0x20 build/default/production/_ext/1171490990/initialization.o
 .debug_aranges
                0x0000000000000050       0x20 build/default/production/_ext/1171490990/interrupts.o
 .debug_aranges
                0x0000000000000070       0x28 build/default/production/_ext/163028504/xc32_monitor.o
 .debug_aranges
                0x0000000000000098       0xe0 build/default/production/_ext/504274921/plib_sercom1_usart.o
 .debug_aranges
                0x0000000000000178       0x70 build/default/production/_ext/1865521619/plib_port.o
 .debug_aranges
                0x00000000000001e8       0x40 build/default/production/_ext/1360937237/main.o
 .debug_aranges
                0x0000000000000228       0x70 build/default/production/_ext/829342655/plib_tc1.o
 .debug_aranges
                0x0000000000000298       0x20 build/default/production/_ext/1984496892/plib_clock.o
 .debug_aranges
                0x00000000000002b8       0x20 build/default/production/_ext/1986646378/plib_evsys.o
 .debug_aranges
                0x00000000000002d8       0x48 build/default/production/_ext/1171490990/exceptions.o
 .debug_aranges
                0x0000000000000320       0xd0 build/default/production/_ext/1593096446/plib_nvmctrl.o
 .debug_aranges
                0x00000000000003f0       0x70 build/default/production/_ext/829342655/plib_tc0.o
 .debug_aranges
                0x0000000000000460       0x28 build/default/production/_ext/1171490990/startup_xc32.o
 .debug_aranges
                0x0000000000000488       0x48 build/default/production/_ext/1865468468/plib_nvic.o
 .debug_aranges
                0x00000000000004d0       0x30 /Applications/microchip/xc32/v4.60/bin/bin/../../lib/gcc/pic32c/8.3.1/../../../../pic32c/lib/thumb/v7e-m+fp/hard/libpic32c.a(data_init.o)
 .debug_aranges
                0x0000000000000500       0x20 /Applications/microchip/xc32/v4.60/bin/bin/../../lib/gcc/pic32c/8.3.1/../../../../pic32c/lib/thumb/v7e-m+fp/hard/libc-size-musl.a(memcpy.o)
 .debug_aranges
                0x0000000000000520       0x20 /Applications/microchip/xc32/v4.60/bin/bin/../../lib/gcc/pic32c/8.3.1/../../../../pic32c/lib/thumb/v7e-m+fp/hard/libc-size-musl.a(strlen.o)
 .debug_aranges
                0x0000000000000540       0x20 /Applications/microchip/xc32/v4.60/bin/bin/../../lib/gcc/pic32c/8.3.1/../../../../pic32c/lib/thumb/v7e-m+fp/hard/libc-size-musl.a(strchr.o)
 .debug_aranges
                0x0000000000000560       0x20 /Applications/microchip/xc32/v4.60/bin/bin/../../lib/gcc/pic32c/8.3.1/../../../../pic32c/lib/thumb/v7e-m+fp/hard/libc-size-musl.a(strchrnul.o)
 .debug_aranges
                0x0000000000000580       0x20 /Applications/microchip/xc32/v4.60/bin/bin/../../lib/gcc/pic32c/8.3.1/../../../../pic32c/lib/thumb/v7e-m+fp/hard/libc-size-musl.a(strncmp.o)
 .debug_aranges
                0x00000000000005a0       0x20 /Applications/microchip/xc32/v4.60/bin/bin/../../lib/gcc/pic32c/8.3.1/../../../../pic32c/lib/thumb/v7e-m+fp/hard/libc-size-musl.a(strncpy.o)
 .debug_aranges
                0x00000000000005c0       0x20 /Applications/microchip/xc32/v4.60/bin/bin/../../lib/gcc/pic32c/8.3.1/../../../../pic32c/lib/thumb/v7e-m+fp/hard/libc-size-musl.a(stpncpy.o)
 .debug_aranges
                0x00000000000005e0       0x28 /Applications/microchip/xc32/v4.60/bin/bin/../../lib/gcc/pic32c/8.3.1/../../../../pic32c/lib/thumb/v7e-m+fp/hard/libc-musl.a(isalnum.o)
 .debug_aranges
                0x0000000000000608       0x28 /Applications/microchip/xc32/v4.60/bin/bin/../../lib/gcc/pic32c/8.3.1/../../../../pic32c/lib/thumb/v7e-m+fp/hard/libc-musl.a(__libc_start_main.o)
 .debug_aranges
                0x0000000000000630       0x18 /Applications/microchip/xc32/v4.60/bin/bin/../../lib/gcc/pic32c/8.3.1/../../../../pic32c/lib/thumb/v7e-m+fp/hard/libc-musl.a(libc.o)
 .debug_aranges
                0x0000000000000648       0x28 /Applications/microchip/xc32/v4.60/bin/bin/../../lib/gcc/pic32c/8.3.1/../../../../pic32c/lib/thumb/v7e-m+fp/hard/libc-musl.a(__sio_sscanf_dnpxX.o)
 .debug_aranges
                0x0000000000000670       0x28 /Applications/microchip/xc32/v4.60/bin/bin/../../lib/gcc/pic32c/8.3.1/../../../../pic32c/lib/thumb/v7e-m+fp/hard/libc-musl.a(__scan_d.o)
 .debug_aranges
                0x0000000000000698       0x20 /Applications/microchip/xc32/v4.60/bin/bin/../../lib/gcc/pic32c/8.3.1/../../../../pic32c/lib/thumb/v7e-m+fp/hard/libc-musl.a(__scan_i.o)
 .debug_aranges
                0x00000000000006b8       0x20 /Applications/microchip/xc32/v4.60/bin/bin/../../lib/gcc/pic32c/8.3.1/../../../../pic32c/lib/thumb/v7e-m+fp/hard/libc-musl.a(__scan_x.o)
 .debug_aranges
                0x00000000000006d8       0x48 /Applications/microchip/xc32/v4.60/bin/bin/../../lib/gcc/pic32c/8.3.1/../../../../pic32c/lib/thumb/v7e-m+fp/hard/libc-musl.a(__scanf_core.o)
 .debug_aranges
                0x0000000000000720       0x20 /Applications/microchip/xc32/v4.60/bin/bin/../../lib/gcc/pic32c/8.3.1/../../../../pic32c/lib/thumb/v7e-m+fp/hard/libc-musl.a(vsnprintf.o)
 .debug_aranges
                0x0000000000000740       0x20 /Applications/microchip/xc32/v4.60/bin/bin/../../lib/gcc/pic32c/8.3.1/../../../../pic32c/lib/thumb/v7e-m+fp/hard/libc-musl.a(atoi.o)
 .debug_aranges
                0x0000000000000760       0x50 /Applications/microchip/xc32/v4.60/bin/bin/../../lib/gcc/pic32c/8.3.1/../../../../pic32c/lib/thumb/v7e-m+fp/hard/libc-musl.a(strtol.o)
 .debug_aranges
                0x00000000000007b0       0x28 /Applications/microchip/xc32/v4.60/bin/bin/../../lib/gcc/pic32c/8.3.1/../../../../pic32c/lib/thumb/v7e-m+fp/hard/libc-musl.a(isxdigit.o)
 .debug_aranges
                0x00000000000007d8       0x28 /Applications/microchip/xc32/v4.60/bin/bin/../../lib/gcc/pic32c/8.3.1/../../../../pic32c/lib/thumb/v7e-m+fp/hard/libc-musl.a(tolower.o)
 .debug_aranges
                0x0000000000000800       0x18 /Applications/microchip/xc32/v4.60/bin/bin/../../lib/gcc/pic32c/8.3.1/../../../../pic32c/lib/thumb/v7e-m+fp/hard/libc-musl.a(__environ.o)
 .debug_aranges
                0x0000000000000818       0x18 /Applications/microchip/xc32/v4.60/bin/bin/../../lib/gcc/pic32c/8.3.1/../../../../pic32c/lib/thumb/v7e-m+fp/hard/libc-musl.a(__errno_location.o)
 .debug_aranges
                0x0000000000000830       0x20 /Applications/microchip/xc32/v4.60/bin/bin/../../lib/gcc/pic32c/8.3.1/../../../../pic32c/lib/thumb/v7e-m+fp/hard/libc-musl.a(intscan.o)
 .debug_aranges
                0x0000000000000850       0x28 /Applications/microchip/xc32/v4.60/bin/bin/../../lib/gcc/pic32c/8.3.1/../../../../pic32c/lib/thumb/v7e-m+fp/hard/libc-musl.a(shgetc.o)
 .debug_aranges
                0x0000000000000878       0x28 /Applications/microchip/xc32/v4.60/bin/bin/../../lib/gcc/pic32c/8.3.1/../../../../pic32c/lib/thumb/v7e-m+fp/hard/libc-musl.a(__int_vsscanf.o)
 .debug_aranges
                0x00000000000008a0       0x20 /Applications/microchip/xc32/v4.60/bin/bin/../../lib/gcc/pic32c/8.3.1/../../../../pic32c/lib/thumb/v7e-m+fp/hard/libc-musl.a(__string_read.o)
 .debug_aranges
                0x00000000000008c0       0x20 /Applications/microchip/xc32/v4.60/bin/bin/../../lib/gcc/pic32c/8.3.1/../../../../pic32c/lib/thumb/v7e-m+fp/hard/libc-musl.a(__uflow.o)
 .debug_aranges
                0x00000000000008e0       0x50 /Applications/microchip/xc32/v4.60/bin/bin/../../lib/gcc/pic32c/8.3.1/../../../../pic32c/lib/thumb/v7e-m+fp/hard/libc-musl.a(__printf_core.o)
 .debug_aranges
                0x0000000000000930       0x20 /Applications/microchip/xc32/v4.60/bin/bin/../../lib/gcc/pic32c/8.3.1/../../../../pic32c/lib/thumb/v7e-m+fp/hard/libc-musl.a(__push_float.o)
 .debug_aranges
                0x0000000000000950       0x20 /Applications/microchip/xc32/v4.60/bin/bin/../../lib/gcc/pic32c/8.3.1/../../../../pic32c/lib/thumb/v7e-m+fp/hard/libc-musl.a(__push_int.o)
 .debug_aranges
                0x0000000000000970       0x20 /Applications/microchip/xc32/v4.60/bin/bin/../../lib/gcc/pic32c/8.3.1/../../../../pic32c/lib/thumb/v7e-m+fp/hard/libc-musl.a(__read_int.o)
 .debug_aranges
                0x0000000000000990       0x28 /Applications/microchip/xc32/v4.60/bin/bin/../../lib/gcc/pic32c/8.3.1/../../../../pic32c/lib/thumb/v7e-m+fp/hard/libc-musl.a(vfprintf.o)
 .debug_aranges
                0x00000000000009b8       0x20 /Applications/microchip/xc32/v4.60/bin/bin/../../lib/gcc/pic32c/8.3.1/../../../../pic32c/lib/thumb/v7e-m+fp/hard/libc-musl.a(__int_vfscanf.o)
 .debug_aranges
                0x00000000000009d8       0x28 /Applications/microchip/xc32/v4.60/bin/bin/../../lib/gcc/pic32c/8.3.1/../../../../pic32c/lib/thumb/v7e-m+fp/hard/libc-musl.a(__toread.o)
 .debug_aranges
                0x0000000000000a00       0x28 /Applications/microchip/xc32/v4.60/bin/bin/../../lib/gcc/pic32c/8.3.1/../../../../pic32c/lib/thumb/v7e-m+fp/hard/libc-musl.a(__out.o)
 .debug_aranges
                0x0000000000000a28       0x20 /Applications/microchip/xc32/v4.60/bin/bin/../../lib/gcc/pic32c/8.3.1/../../../../pic32c/lib/thumb/v7e-m+fp/hard/libc-musl.a(__pop_float.o)
 .debug_aranges
                0x0000000000000a48       0x20 /Applications/microchip/xc32/v4.60/bin/bin/../../lib/gcc/pic32c/8.3.1/../../../../pic32c/lib/thumb/v7e-m+fp/hard/libc-musl.a(__pop_int.o)
 .debug_aranges
                0x0000000000000a68       0x20 /Applications/microchip/xc32/v4.60/bin/bin/../../lib/gcc/pic32c/8.3.1/../../../../pic32c/lib/thumb/v7e-m+fp/hard/libc-musl.a(__pop_ptr.o)
 .debug_aranges
                0x0000000000000a88       0x20 /Applications/microchip/xc32/v4.60/bin/bin/../../lib/gcc/pic32c/8.3.1/../../../../pic32c/lib/thumb/v7e-m+fp/hard/libc-musl.a(__fmt_a.o)
 .debug_aranges
                0x0000000000000aa8       0x20 /Applications/microchip/xc32/v4.60/bin/bin/../../lib/gcc/pic32c/8.3.1/../../../../pic32c/lib/thumb/v7e-m+fp/hard/libc-musl.a(__fmt_d.o)
 .debug_aranges
                0x0000000000000ac8       0x20 /Applications/microchip/xc32/v4.60/bin/bin/../../lib/gcc/pic32c/8.3.1/../../../../pic32c/lib/thumb/v7e-m+fp/hard/libc-musl.a(__fmt_fp.o)
 .debug_aranges
                0x0000000000000ae8       0x20 /Applications/microchip/xc32/v4.60/bin/bin/../../lib/gcc/pic32c/8.3.1/../../../../pic32c/lib/thumb/v7e-m+fp/hard/libc-musl.a(__fmt_o.o)
 .debug_aranges
                0x0000000000000b08       0x20 /Applications/microchip/xc32/v4.60/bin/bin/../../lib/gcc/pic32c/8.3.1/../../../../pic32c/lib/thumb/v7e-m+fp/hard/libc-musl.a(__fmt_s.o)
 .debug_aranges
                0x0000000000000b28       0x20 /Applications/microchip/xc32/v4.60/bin/bin/../../lib/gcc/pic32c/8.3.1/../../../../pic32c/lib/thumb/v7e-m+fp/hard/libc-musl.a(__fmt_u.o)
 .debug_aranges
                0x0000000000000b48       0x20 /Applications/microchip/xc32/v4.60/bin/bin/../../lib/gcc/pic32c/8.3.1/../../../../pic32c/lib/thumb/v7e-m+fp/hard/libc-musl.a(__fmt_x.o)
 .debug_aranges
                0x0000000000000b68       0x28 /Applications/microchip/xc32/v4.60/bin/bin/../../lib/gcc/pic32c/8.3.1/../../../../pic32c/lib/thumb/v7e-m+fp/hard/libc-musl.a(__fwrite.o)
 .debug_aranges
                0x0000000000000b90       0x28 /Applications/microchip/xc32/v4.60/bin/bin/../../lib/gcc/pic32c/8.3.1/../../../../pic32c/lib/thumb/v7e-m+fp/hard/libc-musl.a(toupper.o)
 .debug_aranges
                0x0000000000000bb8       0x20 /Applications/microchip/xc32/v4.60/bin/bin/../../lib/gcc/pic32c/8.3.1/../../../../pic32c/lib/thumb/v7e-m+fp/hard/libc-musl.a(__cvt_u.o)
 .debug_aranges
                0x0000000000000bd8       0x28 /Applications/microchip/xc32/v4.60/bin/bin/../../lib/gcc/pic32c/8.3.1/../../../../pic32c/lib/thumb/v7e-m+fp/hard/libc-musl.a(__init_stdio.o)
 .debug_aranges
                0x0000000000000c00       0x20 /Applications/microchip/xc32/v4.60/bin/bin/../../lib/gcc/pic32c/8.3.1/thumb/v7e-m+fp/hard/libgcc.a(_aeabi_uldivmod.o)
 .debug_aranges
                0x0000000000000c20       0x20 /Applications/microchip/xc32/v4.60/bin/bin/../../lib/gcc/pic32c/8.3.1/thumb/v7e-m+fp/hard/libgcc.a(_udivmoddi4.o)
 .debug_aranges
                0x0000000000000c40       0x20 /Applications/microchip/xc32/v4.60/bin/bin/../../lib/gcc/pic32c/8.3.1/thumb/v7e-m+fp/hard/libgcc.a(_dvmd_tls.o)
 .debug_aranges
                0x0000000000000c60       0x20 /Applications/microchip/xc32/v4.60/bin/bin/../../lib/gcc/pic32c/8.3.1/../../../../pic32c/lib/thumb/v7e-m+fp/hard/libc-size-musl.a(memchr.o)
 .debug_aranges
                0x0000000000000c80       0x20 /Applications/microchip/xc32/v4.60/bin/bin/../../lib/gcc/pic32c/8.3.1/../../../../pic32c/lib/thumb/v7e-m+fp/hard/libc-size-musl.a(memset.o)
 .debug_aranges
                0x0000000000000ca0       0x20 /Applications/microchip/xc32/v4.60/bin/bin/../../lib/gcc/pic32c/8.3.1/../../../../pic32c/lib/thumb/v7e-m+fp/hard/libc-size-musl.a(strcpy.o)
 .debug_aranges
                0x0000000000000cc0       0x20 /Applications/microchip/xc32/v4.60/bin/bin/../../lib/gcc/pic32c/8.3.1/../../../../pic32c/lib/thumb/v7e-m+fp/hard/libc-size-musl.a(stpcpy.o)
 .debug_aranges
                0x0000000000000ce0       0x20 /Applications/microchip/xc32/v4.60/bin/bin/../../lib/gcc/pic32c/8.3.1/../../../../pic32c/lib/thumb/v7e-m+fp/hard/libpic32c.a(pic32_data_init_clear.o)
 .debug_aranges
                0x0000000000000d00       0x20 /Applications/microchip/xc32/v4.60/bin/bin/../../lib/gcc/pic32c/8.3.1/../../../../pic32c/lib/thumb/v7e-m+fp/hard/libpic32c.a(pic32_data_init_copy.o)

.debug_ranges   0x0000000000000000      0xab8
 .debug_ranges  0x0000000000000000       0xc8 build/default/production/_ext/1360937237/myprintf.o
 .debug_ranges  0x00000000000000c8       0x10 build/default/production/_ext/1171490990/initialization.o
 .debug_ranges  0x00000000000000d8       0x10 build/default/production/_ext/1171490990/interrupts.o
 .debug_ranges  0x00000000000000e8       0x18 build/default/production/_ext/163028504/xc32_monitor.o
 .debug_ranges  0x0000000000000100      0x120 build/default/production/_ext/504274921/plib_sercom1_usart.o
 .debug_ranges  0x0000000000000220       0x60 build/default/production/_ext/1865521619/plib_port.o
 .debug_ranges  0x0000000000000280       0x30 build/default/production/_ext/1360937237/main.o
 .debug_ranges  0x00000000000002b0       0x60 build/default/production/_ext/829342655/plib_tc1.o
 .debug_ranges  0x0000000000000310       0x10 build/default/production/_ext/1984496892/plib_clock.o
 .debug_ranges  0x0000000000000320       0x10 build/default/production/_ext/1986646378/plib_evsys.o
 .debug_ranges  0x0000000000000330       0x38 build/default/production/_ext/1171490990/exceptions.o
 .debug_ranges  0x0000000000000368       0xc0 build/default/production/_ext/1593096446/plib_nvmctrl.o
 .debug_ranges  0x0000000000000428       0x60 build/default/production/_ext/829342655/plib_tc0.o
 .debug_ranges  0x0000000000000488       0x18 build/default/production/_ext/1171490990/startup_xc32.o
 .debug_ranges  0x00000000000004a0       0x38 build/default/production/_ext/1865468468/plib_nvic.o
 .debug_ranges  0x00000000000004d8       0x20 /Applications/microchip/xc32/v4.60/bin/bin/../../lib/gcc/pic32c/8.3.1/../../../../pic32c/lib/thumb/v7e-m+fp/hard/libpic32c.a(data_init.o)
 .debug_ranges  0x00000000000004f8       0x10 /Applications/microchip/xc32/v4.60/bin/bin/../../lib/gcc/pic32c/8.3.1/../../../../pic32c/lib/thumb/v7e-m+fp/hard/libc-size-musl.a(memcpy.o)
 .debug_ranges  0x0000000000000508       0x10 /Applications/microchip/xc32/v4.60/bin/bin/../../lib/gcc/pic32c/8.3.1/../../../../pic32c/lib/thumb/v7e-m+fp/hard/libc-size-musl.a(strlen.o)
 .debug_ranges  0x0000000000000518       0x10 /Applications/microchip/xc32/v4.60/bin/bin/../../lib/gcc/pic32c/8.3.1/../../../../pic32c/lib/thumb/v7e-m+fp/hard/libc-size-musl.a(strchr.o)
 .debug_ranges  0x0000000000000528       0x10 /Applications/microchip/xc32/v4.60/bin/bin/../../lib/gcc/pic32c/8.3.1/../../../../pic32c/lib/thumb/v7e-m+fp/hard/libc-size-musl.a(strchrnul.o)
 .debug_ranges  0x0000000000000538       0x10 /Applications/microchip/xc32/v4.60/bin/bin/../../lib/gcc/pic32c/8.3.1/../../../../pic32c/lib/thumb/v7e-m+fp/hard/libc-size-musl.a(strncmp.o)
 .debug_ranges  0x0000000000000548       0x10 /Applications/microchip/xc32/v4.60/bin/bin/../../lib/gcc/pic32c/8.3.1/../../../../pic32c/lib/thumb/v7e-m+fp/hard/libc-size-musl.a(strncpy.o)
 .debug_ranges  0x0000000000000558       0x10 /Applications/microchip/xc32/v4.60/bin/bin/../../lib/gcc/pic32c/8.3.1/../../../../pic32c/lib/thumb/v7e-m+fp/hard/libc-size-musl.a(stpncpy.o)
 .debug_ranges  0x0000000000000568       0x18 /Applications/microchip/xc32/v4.60/bin/bin/../../lib/gcc/pic32c/8.3.1/../../../../pic32c/lib/thumb/v7e-m+fp/hard/libc-musl.a(isalnum.o)
 .debug_ranges  0x0000000000000580       0x40 /Applications/microchip/xc32/v4.60/bin/bin/../../lib/gcc/pic32c/8.3.1/../../../../pic32c/lib/thumb/v7e-m+fp/hard/libc-musl.a(__libc_start_main.o)
 .debug_ranges  0x00000000000005c0       0x18 /Applications/microchip/xc32/v4.60/bin/bin/../../lib/gcc/pic32c/8.3.1/../../../../pic32c/lib/thumb/v7e-m+fp/hard/libc-musl.a(__sio_sscanf_dnpxX.o)
 .debug_ranges  0x00000000000005d8       0x18 /Applications/microchip/xc32/v4.60/bin/bin/../../lib/gcc/pic32c/8.3.1/../../../../pic32c/lib/thumb/v7e-m+fp/hard/libc-musl.a(__scan_d.o)
 .debug_ranges  0x00000000000005f0       0x10 /Applications/microchip/xc32/v4.60/bin/bin/../../lib/gcc/pic32c/8.3.1/../../../../pic32c/lib/thumb/v7e-m+fp/hard/libc-musl.a(__scan_i.o)
 .debug_ranges  0x0000000000000600       0x10 /Applications/microchip/xc32/v4.60/bin/bin/../../lib/gcc/pic32c/8.3.1/../../../../pic32c/lib/thumb/v7e-m+fp/hard/libc-musl.a(__scan_x.o)
 .debug_ranges  0x0000000000000610       0xb8 /Applications/microchip/xc32/v4.60/bin/bin/../../lib/gcc/pic32c/8.3.1/../../../../pic32c/lib/thumb/v7e-m+fp/hard/libc-musl.a(__scanf_core.o)
 .debug_ranges  0x00000000000006c8       0x10 /Applications/microchip/xc32/v4.60/bin/bin/../../lib/gcc/pic32c/8.3.1/../../../../pic32c/lib/thumb/v7e-m+fp/hard/libc-musl.a(vsnprintf.o)
 .debug_ranges  0x00000000000006d8       0x10 /Applications/microchip/xc32/v4.60/bin/bin/../../lib/gcc/pic32c/8.3.1/../../../../pic32c/lib/thumb/v7e-m+fp/hard/libc-musl.a(atoi.o)
 .debug_ranges  0x00000000000006e8       0x40 /Applications/microchip/xc32/v4.60/bin/bin/../../lib/gcc/pic32c/8.3.1/../../../../pic32c/lib/thumb/v7e-m+fp/hard/libc-musl.a(strtol.o)
 .debug_ranges  0x0000000000000728       0x18 /Applications/microchip/xc32/v4.60/bin/bin/../../lib/gcc/pic32c/8.3.1/../../../../pic32c/lib/thumb/v7e-m+fp/hard/libc-musl.a(isxdigit.o)
 .debug_ranges  0x0000000000000740       0x18 /Applications/microchip/xc32/v4.60/bin/bin/../../lib/gcc/pic32c/8.3.1/../../../../pic32c/lib/thumb/v7e-m+fp/hard/libc-musl.a(tolower.o)
 .debug_ranges  0x0000000000000758       0x28 /Applications/microchip/xc32/v4.60/bin/bin/../../lib/gcc/pic32c/8.3.1/../../../../pic32c/lib/thumb/v7e-m+fp/hard/libc-musl.a(intscan.o)
 .debug_ranges  0x0000000000000780       0x18 /Applications/microchip/xc32/v4.60/bin/bin/../../lib/gcc/pic32c/8.3.1/../../../../pic32c/lib/thumb/v7e-m+fp/hard/libc-musl.a(shgetc.o)
 .debug_ranges  0x0000000000000798       0x18 /Applications/microchip/xc32/v4.60/bin/bin/../../lib/gcc/pic32c/8.3.1/../../../../pic32c/lib/thumb/v7e-m+fp/hard/libc-musl.a(__int_vsscanf.o)
 .debug_ranges  0x00000000000007b0       0x10 /Applications/microchip/xc32/v4.60/bin/bin/../../lib/gcc/pic32c/8.3.1/../../../../pic32c/lib/thumb/v7e-m+fp/hard/libc-musl.a(__string_read.o)
 .debug_ranges  0x00000000000007c0       0x10 /Applications/microchip/xc32/v4.60/bin/bin/../../lib/gcc/pic32c/8.3.1/../../../../pic32c/lib/thumb/v7e-m+fp/hard/libc-musl.a(__uflow.o)
 .debug_ranges  0x00000000000007d0       0x58 /Applications/microchip/xc32/v4.60/bin/bin/../../lib/gcc/pic32c/8.3.1/../../../../pic32c/lib/thumb/v7e-m+fp/hard/libc-musl.a(__printf_core.o)
 .debug_ranges  0x0000000000000828       0x10 /Applications/microchip/xc32/v4.60/bin/bin/../../lib/gcc/pic32c/8.3.1/../../../../pic32c/lib/thumb/v7e-m+fp/hard/libc-musl.a(__push_float.o)
 .debug_ranges  0x0000000000000838       0x10 /Applications/microchip/xc32/v4.60/bin/bin/../../lib/gcc/pic32c/8.3.1/../../../../pic32c/lib/thumb/v7e-m+fp/hard/libc-musl.a(__push_int.o)
 .debug_ranges  0x0000000000000848       0x10 /Applications/microchip/xc32/v4.60/bin/bin/../../lib/gcc/pic32c/8.3.1/../../../../pic32c/lib/thumb/v7e-m+fp/hard/libc-musl.a(__read_int.o)
 .debug_ranges  0x0000000000000858       0x18 /Applications/microchip/xc32/v4.60/bin/bin/../../lib/gcc/pic32c/8.3.1/../../../../pic32c/lib/thumb/v7e-m+fp/hard/libc-musl.a(vfprintf.o)
 .debug_ranges  0x0000000000000870       0x10 /Applications/microchip/xc32/v4.60/bin/bin/../../lib/gcc/pic32c/8.3.1/../../../../pic32c/lib/thumb/v7e-m+fp/hard/libc-musl.a(__int_vfscanf.o)
 .debug_ranges  0x0000000000000880       0x18 /Applications/microchip/xc32/v4.60/bin/bin/../../lib/gcc/pic32c/8.3.1/../../../../pic32c/lib/thumb/v7e-m+fp/hard/libc-musl.a(__toread.o)
 .debug_ranges  0x0000000000000898       0x18 /Applications/microchip/xc32/v4.60/bin/bin/../../lib/gcc/pic32c/8.3.1/../../../../pic32c/lib/thumb/v7e-m+fp/hard/libc-musl.a(__out.o)
 .debug_ranges  0x00000000000008b0       0x10 /Applications/microchip/xc32/v4.60/bin/bin/../../lib/gcc/pic32c/8.3.1/../../../../pic32c/lib/thumb/v7e-m+fp/hard/libc-musl.a(__pop_float.o)
 .debug_ranges  0x00000000000008c0       0x10 /Applications/microchip/xc32/v4.60/bin/bin/../../lib/gcc/pic32c/8.3.1/../../../../pic32c/lib/thumb/v7e-m+fp/hard/libc-musl.a(__pop_int.o)
 .debug_ranges  0x00000000000008d0       0x10 /Applications/microchip/xc32/v4.60/bin/bin/../../lib/gcc/pic32c/8.3.1/../../../../pic32c/lib/thumb/v7e-m+fp/hard/libc-musl.a(__pop_ptr.o)