Archive member included to satisfy reference by file (symbol)

/Applications/microchip/xc32/v4.60/bin/bin/../../lib/gcc/pic32c/8.3.1/../../../../pic32c/lib/thumb/v7e-m+fp/hard/libpic32c.a(data_init.o)
                              build/default/production/_ext/1171490990/startup_xc32.o (__pic32c_data_initialization)
/Applications/microchip/xc32/v4.60/bin/bin/../../lib/gcc/pic32c/8.3.1/../../../../pic32c/lib/thumb/v7e-m+fp/hard/libc-size-musl.a(memcpy.o)
                              build/default/production/_ext/1593096446/plib_nvmctrl.o (memcpy)
/Applications/microchip/xc32/v4.60/bin/bin/../../lib/gcc/pic32c/8.3.1/../../../../pic32c/lib/thumb/v7e-m+fp/hard/libc-size-musl.a(memset.o)
                              build/default/production/_ext/1360937237/GraphicLib.o (memset)
/Applications/microchip/xc32/v4.60/bin/bin/../../lib/gcc/pic32c/8.3.1/../../../../pic32c/lib/thumb/v7e-m+fp/hard/libc-size-musl.a(strlen.o)
                              build/default/production/_ext/1360937237/myprintf.o (strlen)
/Applications/microchip/xc32/v4.60/bin/bin/../../lib/gcc/pic32c/8.3.1/../../../../pic32c/lib/thumb/v7e-m+fp/hard/libc-size-musl.a(strchr.o)
                              build/default/production/_ext/1360937237/myprintf.o (strchr)
/Applications/microchip/xc32/v4.60/bin/bin/../../lib/gcc/pic32c/8.3.1/../../../../pic32c/lib/thumb/v7e-m+fp/hard/libc-size-musl.a(strchrnul.o)
                              /Applications/microchip/xc32/v4.60/bin/bin/../../lib/gcc/pic32c/8.3.1/../../../../pic32c/lib/thumb/v7e-m+fp/hard/libc-size-musl.a(strchr.o) (__strchrnul)
/Applications/microchip/xc32/v4.60/bin/bin/../../lib/gcc/pic32c/8.3.1/../../../../pic32c/lib/thumb/v7e-m+fp/hard/libc-size-musl.a(strncmp.o)
                              build/default/production/_ext/1360937237/myprintf.o (strncmp)
/Applications/microchip/xc32/v4.60/bin/bin/../../lib/gcc/pic32c/8.3.1/../../../../pic32c/lib/thumb/v7e-m+fp/hard/libc-size-musl.a(strncpy.o)
                              build/default/production/_ext/1360937237/myprintf.o (strncpy)
/Applications/microchip/xc32/v4.60/bin/bin/../../lib/gcc/pic32c/8.3.1/../../../../pic32c/lib/thumb/v7e-m+fp/hard/libc-size-musl.a(stpncpy.o)
                              /Applications/microchip/xc32/v4.60/bin/bin/../../lib/gcc/pic32c/8.3.1/../../../../pic32c/lib/thumb/v7e-m+fp/hard/libc-size-musl.a(strncpy.o) (__stpncpy)
/Applications/microchip/xc32/v4.60/bin/bin/../../lib/gcc/pic32c/8.3.1/../../../../pic32c/lib/thumb/v7e-m+fp/hard/libm-fast-emfloat.a(floorf.o)
                              build/default/production/_ext/1360937237/GraphicLib.o (floorf)
/Applications/microchip/xc32/v4.60/bin/bin/../../lib/gcc/pic32c/8.3.1/../../../../pic32c/lib/thumb/v7e-m+fp/hard/libm-fast-emfloat.a(sin.o)
                              build/default/production/_ext/1360937237/GraphicApp.o (sin)
/Applications/microchip/xc32/v4.60/bin/bin/../../lib/gcc/pic32c/8.3.1/../../../../pic32c/lib/thumb/v7e-m+fp/hard/libm-fast-emfloat.a(cos.o)
                              build/default/production/_ext/1360937237/GraphicApp.o (cos)
/Applications/microchip/xc32/v4.60/bin/bin/../../lib/gcc/pic32c/8.3.1/../../../../pic32c/lib/thumb/v7e-m+fp/hard/libm-fast-emfloat.a(atan2.o)
                              build/default/production/_ext/1360937237/GraphicLib.o (atan2)
/Applications/microchip/xc32/v4.60/bin/bin/../../lib/gcc/pic32c/8.3.1/../../../../pic32c/lib/thumb/v7e-m+fp/hard/libm-fast-emfloat.a(__SEGGER_RTL_float64_SinCos.o)
                              /Applications/microchip/xc32/v4.60/bin/bin/../../lib/gcc/pic32c/8.3.1/../../../../pic32c/lib/thumb/v7e-m+fp/hard/libm-fast-emfloat.a(sin.o) (__SEGGER_RTL_float64_SinCos)
/Applications/microchip/xc32/v4.60/bin/bin/../../lib/gcc/pic32c/8.3.1/../../../../pic32c/lib/thumb/v7e-m+fp/hard/libm-fast-emfloat.a(__aeabi_dadd.o)
                              build/default/production/_ext/1360937237/GraphicLib.o (__aeabi_dadd)
/Applications/microchip/xc32/v4.60/bin/bin/../../lib/gcc/pic32c/8.3.1/../../../../pic32c/lib/thumb/v7e-m+fp/hard/libm-fast-emfloat.a(__aeabi_dsub.o)
                              build/default/production/_ext/1360937237/GraphicLib.o (__aeabi_dsub)
/Applications/microchip/xc32/v4.60/bin/bin/../../lib/gcc/pic32c/8.3.1/../../../../pic32c/lib/thumb/v7e-m+fp/hard/libm-fast-emfloat.a(__aeabi_dmul.o)
                              build/default/production/_ext/1360937237/GraphicApp.o (__aeabi_dmul)
/Applications/microchip/xc32/v4.60/bin/bin/../../lib/gcc/pic32c/8.3.1/../../../../pic32c/lib/thumb/v7e-m+fp/hard/libm-fast-emfloat.a(__aeabi_ddiv.o)
                              build/default/production/_ext/1360937237/GraphicApp.o (__aeabi_ddiv)
/Applications/microchip/xc32/v4.60/bin/bin/../../lib/gcc/pic32c/8.3.1/../../../../pic32c/lib/thumb/v7e-m+fp/hard/libm-fast-emfloat.a(__aeabi_dcmpeq.o)
                              /Applications/microchip/xc32/v4.60/bin/bin/../../lib/gcc/pic32c/8.3.1/../../../../pic32c/lib/thumb/v7e-m+fp/hard/libm-fast-emfloat.a(atan2.o) (__aeabi_dcmpeq)
[...]
Memory Configuration

Name             Origin             Length             Attributes
rom              0x0000000000000000 0x0000000000100000 xrl
ram              0x0000000020000000 0x0000000000040000 xw !r
tcm              0x0000000003000000 0x0000000000000000 xw
bkupram          0x0000000047000000 0x0000000000002000
config_00804000  0x0000000000804000 0x0000000000000004
config_00804004  0x0000000000804004 0x0000000000000004
config_00804008  0x0000000000804008 0x0000000000000004
*default*        0x0000000000000000 0xffffffffffffffff

Linker script and memory map

LOAD /Applications/microchip/xc32/v4.60/bin/bin/../../lib/gcc/pic32c/8.3.1/thumb/v7e-m+fp/hard/crti.o
LOAD /Applications/microchip/xc32/v4.60/bin/bin/../../lib/gcc/pic32c/8.3.1/thumb/v7e-m+fp/hard/crtbegin.o
LOAD build/default/production/_ext/1865521619/plib_port.o
LOAD build/default/production/_ext/17022449/plib_sercom5_spi_master.o
LOAD build/default/production/_ext/60181570/plib_tcc1.o
LOAD build/default/production/_ext/1865131932/plib_cmcc.o
LOAD build/default/production/_ext/829342655/plib_tc1.o
LOAD build/default/production/_ext/163028504/xc32_monitor.o
LOAD build/default/production/_ext/1360937237/main.o
LOAD build/default/production/_ext/829342655/plib_tc0.o
LOAD build/default/production/_ext/1593096446/plib_nvmctrl.o
LOAD build/default/production/_ext/1984496892/plib_clock.o
LOAD build/default/production/_ext/1171490990/libc_syscalls.o
LOAD build/default/production/_ext/1171490990/exceptions.o
LOAD build/default/production/_ext/60163342/plib_adc0.o
LOAD build/default/production/_ext/1171490990/initialization.o
LOAD build/default/production/_ext/1171490990/startup_xc32.o
LOAD build/default/production/_ext/504274921/plib_sercom1_usart.o
LOAD build/default/production/_ext/1986646378/plib_evsys.o
LOAD build/default/production/_ext/1865468468/plib_nvic.o
LOAD build/default/production/_ext/60163342/plib_adc1.o
LOAD build/default/production/_ext/1171490990/interrupts.o
LOAD build/default/production/_ext/829342655/plib_tc2.o
LOAD build/default/production/_ext/1360937237/myprintf.o
LOAD build/default/production/_ext/1360937237/Delay.o
LOAD build/default/production/_ext/1360937237/GraphicApp.o
LOAD build/default/production/_ext/1360937237/GraphicLib.o
LOAD build/default/production/_ext/1360937237/LCM.o
                0x0000000000000001                __MPLAB_BUILD = 0x1
                0x0000000000100000                __rom_end = (ORIGIN (rom) + LENGTH (rom))
                0x0000000020040000                __ram_end = (ORIGIN (ram) + LENGTH (ram))

.config_00804000
 *(.config_00804000)

.config_00804004
 *(.config_00804004)

.config_00804008
 *(.config_00804008)

.vectors        0x0000000000000000      0x264
                0x0000000000000000                . = ALIGN (0x4)
                0x0000000000000000                _sfixed = .
 *(.vectors .vectors.* .vectors_default .vectors_default.*)
 .vectors.exception_table
                0x0000000000000000      0x264 build/default/production/_ext/1171490990/interrupts.o
                0x0000000000000000                exception_table
 *(.isr_vector)
 *(.reset*)
 *(.after_vectors)

.text           0x0000000000000264       0x20
                0x0000000000000264                . = ALIGN (0x4)
 *(.glue_7t)
 .glue_7t       0x0000000000000264        0x0 linker stubs
 *(.glue_7)
 .glue_7        0x0000000000000264        0x0 linker stubs
 *(.gnu.linkonce.r.*)
 *(.ARM.extab* .gnu.linkonce.armextab.*)
                0x0000000000000264                . = ALIGN (0x4)
 *(.init)
 .init          0x0000000000000264        0x4 /Applications/microchip/xc32/v4.60/bin/bin/../../lib/gcc/pic32c/8.3.1/thumb/v7e-m+fp/hard/crti.o
                0x0000000000000264                _init
 .init          0x0000000000000268        0x8 /Applications/microchip/xc32/v4.60/bin/bin/../../lib/gcc/pic32c/8.3.1/thumb/v7e-m+fp/hard/crtn.o
                0x0000000000000270                . = ALIGN (0x4)
                0x0000000000000270                __preinit_array_start = .
 *(.preinit_array)
                0x0000000000000270                __preinit_array_end = .
                0x0000000000000270                . = ALIGN (0x4)
                0x0000000000000270                __init_array_start = .
 *(SORT_BY_NAME(.init_array.*))
 *(.init_array)
 .init_array    0x0000000000000270        0x4 /Applications/microchip/xc32/v4.60/bin/bin/../../lib/gcc/pic32c/8.3.1/thumb/v7e-m+fp/hard/crtbegin.o
                0x0000000000000274                __init_array_end = .
                0x0000000000000274                . = ALIGN (0x4)
 *crtbegin.o(.ctors)
 *(EXCLUDE_FILE(*crtend.o) .ctors)
 *(SORT_BY_NAME(.ctors.*))
 *crtend.o(.ctors)
                0x0000000000000274                . = ALIGN (0x4)
 *(.fini)
 .fini          0x0000000000000274        0x4 /Applications/microchip/xc32/v4.60/bin/bin/../../lib/gcc/pic32c/8.3.1/thumb/v7e-m+fp/hard/crti.o
                0x0000000000000274                _fini
 .fini          0x0000000000000278        0x8 /Applications/microchip/xc32/v4.60/bin/bin/../../lib/gcc/pic32c/8.3.1/thumb/v7e-m+fp/hard/crtn.o
                0x0000000000000280                . = ALIGN (0x4)
                0x0000000000000280                __fini_array_start = .
 *(.fini_array)
 .fini_array    0x0000000000000280        0x4 /Applications/microchip/xc32/v4.60/bin/bin/../../lib/gcc/pic32c/8.3.1/thumb/v7e-m+fp/hard/crtbegin.o
 *(SORT_BY_NAME(.fini_array.*))
                0x0000000000000284                __fini_array_end = .
 *crtbegin.o(.dtors)
 *(EXCLUDE_FILE(*crtend.o) .dtors)
 *(SORT_BY_NAME(.dtors.*))
 *crtend.o(.dtors)
                0x0000000000000284                . = ALIGN (0x4)
                0x0000000000000284                _efixed = .
                [!provide]                        PROVIDE (__exidx_start = .)

.ARM.exidx      0x0000000000000284        0x8
 *(.ARM.exidx* .gnu.linkonce.armexidx.*)
 .ARM.exidx     0x0000000000000284        0x8 /Applications/microchip/xc32/v4.60/bin/bin/../../lib/gcc/pic32c/8.3.1/thumb/v7e-m+fp/hard/libgcc.a(_udivmoddi4.o)
                [!provide]                        PROVIDE (__exidx_end = .)
                0x000000000000028c                . = ALIGN (0x4)
                0x000000000000028c                _etext = .

.bss            0x0000000020000000        0x0
                0x0000000020000000                . = ALIGN (0x4)
                0x0000000020000000                __bss_start__ = .
                0x0000000020000000                _sbss = .
                0x0000000020000000                _szero = .
 *(COMMON)
                0x0000000020000000                . = ALIGN (0x4)
                0x0000000020000000                __bss_end__ = .
                0x0000000020000000                _ebss = .
                0x0000000020000000                _ezero = .
                0x0000000020000000                . = ALIGN (0x4)
                0x0000000020000000                _end = .
                0x000000002003ffff                _ram_end_ = ((ORIGIN (ram) + LENGTH (ram)) - 0x1)

.bkupram_bss
 *(.bkupram_bss .bkupram_bss.*)
 *(.pbss .pbss.*)
                0x0000000000000200                _min_heap_size = 0x200
START GROUP
LOAD /Applications/microchip/xc32/v4.60/bin/bin/../../lib/gcc/pic32c/8.3.1/../../../../pic32c/lib/thumb/v7e-m+fp/hard/libpic32c.a
LOAD /Applications/microchip/xc32/v4.60/bin/bin/../../lib/gcc/pic32c/8.3.1/../../../../pic32c/lib/thumb/v7e-m+fp/hard/libc-size-musl.a
LOAD /Applications/microchip/xc32/v4.60/bin/bin/../../lib/gcc/pic32c/8.3.1/../../../../pic32c/lib/thumb/v7e-m+fp/hard/liblmalloc-musl.a
LOAD /Applications/microchip/xc32/v4.60/bin/bin/../../lib/gcc/pic32c/8.3.1/../../../../pic32c/lib/thumb/v7e-m+fp/hard/libm-fast-emfloat.a
LOAD /Applications/microchip/xc32/v4.60/bin/bin/../../lib/gcc/pic32c/8.3.1/../../../../pic32c/lib/thumb/v7e-m+fp/hard/libm-musl.a
LOAD /Applications/microchip/xc32/v4.60/bin/bin/../../lib/gcc/pic32c/8.3.1/../../../../pic32c/lib/thumb/v7e-m+fp/hard/libc-musl.a
LOAD /Applications/microchip/xc32/v4.60/bin/bin/../../lib/gcc/pic32c/8.3.1/../../../../pic32c/lib/thumb/v7e-m+fp/hard/libm-fast-emfloat.a
LOAD /Applications/microchip/xc32/v4.60/bin/bin/../../lib/gcc/pic32c/8.3.1/../../../../pic32c/lib/thumb/v7e-m+fp/hard/libm-musl.a
LOAD /Applications/microchip/xc32/v4.60/bin/bin/../../lib/gcc/pic32c/8.3.1/thumb/v7e-m+fp/hard/libgcc.a
END GROUP
LOAD /Applications/microchip/xc32/v4.60/bin/bin/../../lib/gcc/pic32c/8.3.1/thumb/v7e-m+fp/hard/crtend.o
LOAD /Applications/microchip/xc32/v4.60/bin/bin/../../lib/gcc/pic32c/8.3.1/thumb/v7e-m+fp/hard/crtn.o
OUTPUT(dist/default/production/Lab15_Design_Your_Own_Logo.X.production.elf elf32-littlearm)
LOAD data_init
LOAD stack

.ARM.attributes
                0x0000000000000000       0x32
 .ARM.attributes
                0x0000000000000000       0x1e /Applications/microchip/xc32/v4.60/bin/bin/../../lib/gcc/pic32c/8.3.1/thumb/v7e-m+fp/hard/crti.o
 .ARM.attributes
                0x000000000000001e       0x34 /Applications/microchip/xc32/v4.60/bin/bin/../../lib/gcc/pic32c/8.3.1/thumb/v7e-m+fp/hard/crtbegin.o
 .ARM.attributes
                0x0000000000000052       0x34 build/default/production/_ext/1865521619/plib_port.o
 .ARM.attributes
                0x0000000000000086       0x34 build/default/production/_ext/17022449/plib_sercom5_spi_master.o
 .ARM.attributes
                0x00000000000000ba       0x34 build/default/production/_ext/60181570/plib_tcc1.o
 .ARM.attributes
                0x00000000000000ee       0x34 build/default/production/_ext/829342655/plib_tc1.o
 .ARM.attributes
                0x0000000000000122       0x34 build/default/production/_ext/163028504/xc32_monitor.o
 .ARM.attributes
                0x0000000000000156       0x34 build/default/production/_ext/1360937237/main.o
 .ARM.attributes
                0x000000000000018a       0x34 build/default/production/_ext/829342655/plib_tc0.o
 .ARM.attributes
                0x00000000000001be       0x34 build/default/production/_ext/1593096446/plib_nvmctrl.o
 .ARM.attributes
                0x00000000000001f2       0x34 build/default/production/_ext/1984496892/plib_clock.o
 .ARM.attributes
                0x0000000000000226       0x34 build/default/production/_ext/1171490990/exceptions.o
 .ARM.attributes
                0x000000000000025a       0x34 build/default/production/_ext/60163342/plib_adc0.o
 .ARM.attributes
                0x000000000000028e       0x34 build/default/production/_ext/1171490990/initialization.o
 .ARM.attributes
                0x00000000000002c2       0x34 build/default/production/_ext/1171490990/startup_xc32.o
 .ARM.attributes
                0x00000000000002f6       0x34 build/default/production/_ext/504274921/plib_sercom1_usart.o
 .ARM.attributes
                0x000000000000032a       0x34 build/default/production/_ext/1986646378/plib_evsys.o
 .ARM.attributes
                0x000000000000035e       0x34 build/default/production/_ext/1865468468/plib_nvic.o
 .ARM.attributes
                0x0000000000000392       0x34 build/default/production/_ext/60163342/plib_adc1.o
 .ARM.attributes
                0x00000000000003c6       0x34 build/default/production/_ext/1171490990/interrupts.o
 .ARM.attributes
                0x00000000000003fa       0x34 build/default/production/_ext/829342655/plib_tc2.o
 .ARM.attributes
                0x000000000000042e       0x34 build/default/production/_ext/1360937237/myprintf.o
 .ARM.attributes
                0x0000000000000462       0x34 build/default/production/_ext/1360937237/Delay.o
 .ARM.attributes
                0x0000000000000496       0x34 build/default/production/_ext/1360937237/GraphicApp.o
 .ARM.attributes
                0x00000000000004ca       0x34 build/default/production/_ext/1360937237/GraphicLib.o
 .ARM.attributes
                0x00000000000004fe       0x34 build/default/production/_ext/1360937237/LCM.o
 .ARM.attributes
                0x0000000000000532       0x34 /Applications/microchip/xc32/v4.60/bin/bin/../../lib/gcc/pic32c/8.3.1/../../../../pic32c/lib/thumb/v7e-m+fp/hard/libpic32c.a(data_init.o)
 .ARM.attributes
                0x0000000000000566       0x36 /Applications/microchip/xc32/v4.60/bin/bin/../../lib/gcc/pic32c/8.3.1/../../../../pic32c/lib/thumb/v7e-m+fp/hard/libc-size-musl.a(memcpy.o)
 .ARM.attributes
                0x000000000000059c       0x36 /Applications/microchip/xc32/v4.60/bin/bin/../../lib/gcc/pic32c/8.3.1/../../../../pic32c/lib/thumb/v7e-m+fp/hard/libc-size-musl.a(memset.o)
 .ARM.attributes
                0x00000000000005d2       0x36 /Applications/microchip/xc32/v4.60/bin/bin/../../lib/gcc/pic32c/8.3.1/../../../../pic32c/lib/thumb/v7e-m+fp/hard/libc-size-musl.a(strlen.o)
 .ARM.attributes
                0x0000000000000608       0x36 /Applications/microchip/xc32/v4.60/bin/bin/../../lib/gcc/pic32c/8.3.1/../../../../pic32c/lib/thumb/v7e-m+fp/hard/libc-size-musl.a(strchr.o)
 .ARM.attributes
                0x000000000000063e       0x36 /Applications/microchip/xc32/v4.60/bin/bin/../../lib/gcc/pic32c/8.3.1/../../../../pic32c/lib/thumb/v7e-m+fp/hard/libc-size-musl.a(strchrnul.o)
 .ARM.attributes
                0x0000000000000674       0x36 /Applications/microchip/xc32/v4.60/bin/bin/../../lib/gcc/pic32c/8.3.1/../../../../pic32c/lib/thumb/v7e-m+fp/hard/libc-size-musl.a(strncmp.o)
 .ARM.attributes
                0x00000000000006aa       0x36 /Applications/microchip/xc32/v4.60/bin/bin/../../lib/gcc/pic32c/8.3.1/../../../../pic32c/lib/thumb/v7e-m+fp/hard/libc-size-musl.a(strncpy.o)
 .ARM.attributes
                0x00000000000006e0       0x36 /Applications/microchip/xc32/v4.60/bin/bin/../../lib/gcc/pic32c/8.3.1/../../../../pic32c/lib/thumb/v7e-m+fp/hard/libc-size-musl.a(stpncpy.o)
 .ARM.attributes
                0x0000000000000716       0x20 /Applications/microchip/xc32/v4.60/bin/bin/../../lib/gcc/pic32c/8.3.1/../../../../pic32c/lib/thumb/v7e-m+fp/hard/libm-fast-emfloat.a(__aeabi_dadd.o)
 .ARM.attributes
                0x0000000000000736       0x20 /Applications/microchip/xc32/v4.60/bin/bin/../../lib/gcc/pic32c/8.3.1/../../../../pic32c/lib/thumb/v7e-m+fp/hard/libm-fast-emfloat.a(__aeabi_dsub.o)
 .ARM.attributes
                0x0000000000000756       0x20 /Applications/microchip/xc32/v4.60/bin/bin/../../lib/gcc/pic32c/8.3.1/../../../../pic32c/lib/thumb/v7e-m+fp/hard/libm-fast-emfloat.a(__aeabi_dmul.o)
 .ARM.attributes
                0x0000000000000776       0x20 /Applications/microchip/xc32/v4.60/bin/bin/../../lib/gcc/pic32c/8.3.1/../../../../pic32c/lib/thumb/v7e-m+fp/hard/libm-fast-emfloat.a(__aeabi_ddiv.o)
 .ARM.attributes
                0x0000000000000796       0x20 /Applications/microchip/xc32/v4.60/bin/bin/../../lib/gcc/pic32c/8.3.1/../../../../pic32c/lib/thumb/v7e-m+fp/hard/libm-fast-emfloat.a(__aeabi_dcmpeq.o)
 .ARM.attributes
                0x00000000000007b6       0x20 /Applications/microchip/xc32/v4.60/bin/bin/../../lib/gcc/pic32c/8.3.1/../../../../pic32c/lib/thumb/v7e-m+fp/hard/libm-fast-emfloat.a(__aeabi_dcmpgt.o)
 .ARM.attributes
                0x00000000000007d6       0x20 /Applications/microchip/xc32/v4.60/bin/bin/../../lib/gcc/pic32c/8.3.1/../../../../pic32c/lib/thumb/v7e-m+fp/hard/libm-fast-emfloat.a(__aeabi_dcmplt.o)
 .ARM.attributes
                0x00000000000007f6       0x20 /Applications/microchip/xc32/v4.60/bin/bin/../../lib/gcc/pic32c/8.3.1/../../../../pic32c/lib/thumb/v7e-m+fp/hard/libm-fast-emfloat.a(__aeabi_d2iz.o)
 .ARM.attributes
                0x0000000000000816       0x20 /Applications/microchip/xc32/v4.60/bin/bin/../../lib/gcc/pic32c/8.3.1/../../../../pic32c/lib/thumb/v7e-m+fp/hard/libm-fast-emfloat.a(__aeabi_d2f.o)
 .ARM.attributes
                0x0000000000000836       0x36 /Applications/microchip/xc32/v4.60/bin/bin/../../lib/gcc/pic32c/8.3.1/../../../../pic32c/lib/thumb/v7e-m+fp/hard/libc-musl.a(isalnum.o)
 .ARM.attributes
                0x000000000000086c       0x36 /Applications/microchip/xc32/v4.60/bin/bin/../../lib/gcc/pic32c/8.3.1/../../../../pic32c/lib/thumb/v7e-m+fp/hard/libc-musl.a(__libc_start_main.o)
 .ARM.attributes
                0x00000000000008a2       0x34 /Applications/microchip/xc32/v4.60/bin/bin/../../lib/gcc/pic32c/8.3.1/../../../../pic32c/lib/thumb/v7e-m+fp/hard/libc-musl.a(__errno_location.o)
 .ARM.attributes
                0x00000000000008d6       0x34 /Applications/microchip/xc32/v4.60/bin/bin/../../lib/gcc/pic32c/8.3.1/../../../../pic32c/lib/thumb/v7e-m+fp/hard/libc-musl.a(libc.o)
 .ARM.attributes
                0x000000000000090a       0x36 /Applications/microchip/xc32/v4.60/bin/bin/../../lib/gcc/pic32c/8.3.1/../../../../pic32c/lib/thumb/v7e-m+fp/hard/libc-musl.a(__sio_sscanf_dnpxX.o)
 .ARM.attributes
                0x0000000000000940       0x36 /Applications/microchip/xc32/v4.60/bin/bin/../../lib/gcc/pic32c/8.3.1/../../../../pic32c/lib/thumb/v7e-m+fp/hard/libc-musl.a(__scan_d.o)
 .ARM.attributes
                0x0000000000000976       0x36 /Applications/microchip/xc32/v4.60/bin/bin/../../lib/gcc/pic32c/8.3.1/../../../../pic32c/lib/thumb/v7e-m+fp/hard/libc-musl.a(__scan_i.o)
 .ARM.attributes
                0x00000000000009ac       0x36 /Applications/microchip/xc32/v4.60/bin/bin/../../lib/gcc/pic32c/8.3.1/../../../../pic32c/lib/thumb/v7e-m+fp/hard/libc-musl.a(__scan_x.o)
 .ARM.attributes
                0x00000000000009e2       0x36 /Applications/microchip/xc32/v4.60/bin/bin/../../lib/gcc/pic32c/8.3.1/../../../../pic32c/lib/thumb/v7e-m+fp/hard/libc-musl.a(__scanf_core.o)
 .ARM.attributes
                0x0000000000000a18       0x36 /Applications/microchip/xc32/v4.60/bin/bin/../../lib/gcc/pic32c/8.3.1/../../../../pic32c/lib/thumb/v7e-m+fp/hard/libc-musl.a(vsnprintf.o)
 .ARM.attributes
                0x0000000000000a4e       0x36 /Applications/microchip/xc32/v4.60/bin/bin/../../lib/gcc/pic32c/8.3.1/../../../../pic32c/lib/thumb/v7e-m+fp/hard/libc-musl.a(atoi.o)
 .ARM.attributes
                0x0000000000000a84       0x36 /Applications/microchip/xc32/v4.60/bin/bin/../../lib/gcc/pic32c/8.3.1/../../../../pic32c/lib/thumb/v7e-m+fp/hard/libc-musl.a(strtol.o)
 .ARM.attributes
                0x0000000000000aba       0x36 /Applications/microchip/xc32/v4.60/bin/bin/../../lib/gcc/pic32c/8.3.1/../../../../pic32c/lib/thumb/v7e-m+fp/hard/libc-musl.a(isxdigit.o)
 .ARM.attributes
                0x0000000000000af0       0x36 /Applications/microchip/xc32/v4.60/bin/bin/../../lib/gcc/pic32c/8.3.1/../../../../pic32c/lib/thumb/v7e-m+fp/hard/libc-musl.a(tolower.o)
 .ARM.attributes
                0x0000000000000b26       0x34 /Applications/microchip/xc32/v4.60/bin/bin/../../lib/gcc/pic32c/8.3.1/../../../../pic32c/lib/thumb/v7e-m+fp/hard/libc-musl.a(__environ.o)
 .ARM.attributes
                0x0000000000000b5a       0x36 /Applications/microchip/xc32/v4.60/bin/bin/../../lib/gcc/pic32c/8.3.1/../../../../pic32c/lib/thumb/v7e-m+fp/hard/libc-musl.a(intscan.o)
 .ARM.attributes
                0x0000000000000b90       0x36 /Applications/microchip/xc32/v4.60/bin/bin/../../lib/gcc/pic32c/8.3.1/../../../../pic32c/lib/thumb/v7e-m+fp/hard/libc-musl.a(shgetc.o)
 .ARM.attributes
                0x0000000000000bc6       0x36 /Applications/microchip/xc32/v4.60/bin/bin/../../lib/gcc/pic32c/8.3.1/../../../../pic32c/lib/thumb/v7e-m+fp/hard/libc-musl.a(__int_vsscanf.o)
 .ARM.attributes
                0x0000000000000bfc       0x36 /Applications/microchip/xc32/v4.60/bin/bin/../../lib/gcc/pic32c/8.3.1/../../../../pic32c/lib/thumb/v7e-m+fp/hard/libc-musl.a(__string_read.o)
 .ARM.attributes
                0x0000000000000c32       0x36 /Applications/microchip/xc32/v4.60/bin/bin/../../lib/gcc/pic32c/8.3.1/../../../../pic32c/lib/thumb/v7e-m+fp/hard/libc-musl.a(__uflow.o)
 .ARM.attributes
                0x0000000000000c68       0x36 /Applications/microchip/xc32/v4.60/bin/bin/../../lib/gcc/pic32c/8.3.1/../../../../pic32c/lib/thumb/v7e-m+fp/hard/libc-musl.a(__printf_core.o)
 .ARM.attributes
                0x0000000000000c9e       0x36 /Applications/microchip/xc32/v4.60/bin/bin/../../lib/gcc/pic32c/8.3.1/../../../../pic32c/lib/thumb/v7e-m+fp/hard/libc-musl.a(__push_float.o)
 .ARM.attributes
                0x0000000000000cd4       0x36 /Applications/microchip/xc32/v4.60/bin/bin/../../lib/gcc/pic32c/8.3.1/../../../../pic32c/lib/thumb/v7e-m+fp/hard/libc-musl.a(__push_int.o)
 .ARM.attributes
                0x0000000000000d0a       0x36 /Applications/microchip/xc32/v4.60/bin/bin/../../lib/gcc/pic32c/8.3.1/../../../../pic32c/lib/thumb/v7e-m+fp/hard/libc-musl.a(__read_int.o)
 .ARM.attributes
                0x0000000000000d40       0x36 /Applications/microchip/xc32/v4.60/bin/bin/../../lib/gcc/pic32c/8.3.1/../../../../pic32c/lib/thumb/v7e-m+fp/hard/libc-musl.a(vfprintf.o)
 .ARM.attributes
                0x0000000000000d76       0x36 /Applications/microchip/xc32/v4.60/bin/bin/../../lib/gcc/pic32c/8.3.1/../../../../pic32c/lib/thumb/v7e-m+fp/hard/libc-musl.a(__int_vfscanf.o)
 .ARM.attributes
                0x0000000000000dac       0x36 /Applications/microchip/xc32/v4.60/bin/bin/../../lib/gcc/pic32c/8.3.1/../../../../pic32c/lib/thumb/v7e-m+fp/hard/libc-musl.a(__toread.o)
 .ARM.attributes
                0x0000000000000de2       0x36 /Applications/microchip/xc32/v4.60/bin/bin/../../lib/gcc/pic32c/8.3.1/../../../../pic32c/lib/thumb/v7e-m+fp/hard/libc-musl.a(__out.o)
 .ARM.attributes
                0x0000000000000e18       0x36 /Applications/microchip/xc32/v4.60/bin/bin/../../lib/gcc/pic32c/8.3.1/../../../../pic32c/lib/thumb/v7e-m+fp/hard/libc-musl.a(__pop_float.o)
 .ARM.attributes
                0x0000000000000e4e       0x36 /Applications/microchip/xc32/v4.60/bin/bin/../../lib/gcc/pic32c/8.3.1/../../../../pic32c/lib/thumb/v7e-m+fp/hard/libc-musl.a(__pop_int.o)
 .ARM.attributes
                0x0000000000000e84       0x36 /Applications/microchip/xc32/v4.60/bin/bin/../../lib/gcc/pic32c/8.3.1/../../../../pic32c/lib/thumb/v7e-m+fp/hard/libc-musl.a(__pop_ptr.o)
 .ARM.attributes
                0x0000000000000eba       0x36 /Applications/microchip/xc32/v4.60/bin/bin/../../lib/gcc/pic32c/8.3.1/../../../../pic32c/lib/thumb/v7e-m+fp/hard/libc-musl.a(__fmt_a.o)
 .ARM.attributes
                0x0000000000000ef0       0x36 /Applications/microchip/xc32/v4.60/bin/bin/../../lib/gcc/pic32c/8.3.1/../../../../pic32c/lib/thumb/v7e-m+fp/hard/libc-musl.a(__fmt_d.o)
 .ARM.attributes
                0x0000000000000f26       0x36 /Applications/microchip/xc32/v4.60/bin/bin/../../lib/gcc/pic32c/8.3.1/../../../../pic32c/lib/thumb/v7e-m+fp/hard/libc-musl.a(__fmt_fp.o)
 .ARM.attributes
                0x0000000000000f5c       0x36 /Applications/microchip/xc32/v4.60/bin/bin/../../lib/gcc/pic32c/8.3.1/../../../../pic32c/lib/thumb/v7e-m+fp/hard/libc-musl.a(__fmt_o.o)
 .ARM.attributes
                0x0000000000000f92       0x36 /Applications/microchip/xc32/v4.60/bin/bin/../../lib/gcc/pic32c/8.3.1/../../../../pic32c/lib/thumb/v7e-m+fp/hard/libc-musl.a(__fmt_s.o)
 .ARM.attributes
                0x0000000000000fc8       0x36 /Applications/microchip/xc32/v4.60/bin/bin/../../lib/gcc/pic32c/8.3.1/../../../../pic32c/lib/thumb/v7e-m+fp/hard/libc-musl.a(__fmt_u.o)
 .ARM.attributes
                0x0000000000000ffe       0x36 /Applications/microchip/xc32/v4.60/bin/bin/../../lib/gcc/pic32c/8.3.1/../../../../pic32c/lib/thumb/v7e-m+fp/hard/libc-musl.a(__fmt_x.o)
 .ARM.attributes
                0x0000000000001034       0x36 /Applications/microchip/xc32/v4.60/bin/bin/../../lib/gcc/pic32c/8.3.1/../../../../pic32c/lib/thumb/v7e-m+fp/hard/libc-musl.a(__fwrite.o)
 .ARM.attributes
                0x000000000000106a       0x36 /Applications/microchip/xc32/v4.60/bin/bin/../../lib/gcc/pic32c/8.3.1/../../../../pic32c/lib/thumb/v7e-m+fp/hard/libc-musl.a(toupper.o)
 .ARM.attributes
                0x00000000000010a0       0x36 /Applications/microchip/xc32/v4.60/bin/bin/../../lib/gcc/pic32c/8.3.1/../../../../pic32c/lib/thumb/v7e-m+fp/hard/libc-musl.a(__cvt_u.o)
 .ARM.attributes
                0x00000000000010d6       0x36 /Applications/microchip/xc32/v4.60/bin/bin/../../lib/gcc/pic32c/8.3.1/../../../../pic32c/lib/thumb/v7e-m+fp/hard/libc-musl.a(__init_stdio.o)
 .ARM.attributes
                0x000000000000110c       0x34 /Applications/microchip/xc32/v4.60/bin/bin/../../lib/gcc/pic32c/8.3.1/../../../../pic32c/lib/thumb/v7e-m+fp/hard/libm-fast-emfloat.a(fma.o)
 .ARM.attributes
                0x0000000000001140       0x34 /Applications/microchip/xc32/v4.60/bin/bin/../../lib/gcc/pic32c/8.3.1/../../../../pic32c/lib/thumb/v7e-m+fp/hard/libm-fast-emfloat.a(floor.o)
 .ARM.attributes
                0x0000000000001174       0x20 /Applications/microchip/xc32/v4.60/bin/bin/../../lib/gcc/pic32c/8.3.1/../../../../pic32c/lib/thumb/v7e-m+fp/hard/libm-fast-emfloat.a(__aeabi_dcmple.o)
 .ARM.attributes
                0x0000000000001194       0x1e /Applications/microchip/xc32/v4.60/bin/bin/../../lib/gcc/pic32c/8.3.1/thumb/v7e-m+fp/hard/libgcc.a(_aeabi_uldivmod.o)
 .ARM.attributes
                0x00000000000011b2       0x34 /Applications/microchip/xc32/v4.60/bin/bin/../../lib/gcc/pic32c/8.3.1/thumb/v7e-m+fp/hard/libgcc.a(_udivmoddi4.o)
 .ARM.attributes
                0x00000000000011e6       0x1e /Applications/microchip/xc32/v4.60/bin/bin/../../lib/gcc/pic32c/8.3.1/thumb/v7e-m+fp/hard/libgcc.a(_dvmd_tls.o)
 .ARM.attributes
                0x0000000000001204       0x36 /Applications/microchip/xc32/v4.60/bin/bin/../../lib/gcc/pic32c/8.3.1/../../../../pic32c/lib/thumb/v7e-m+fp/hard/libc-size-musl.a(memchr.o)
 .ARM.attributes
                0x000000000000123a       0x36 /Applications/microchip/xc32/v4.60/bin/bin/../../lib/gcc/pic32c/8.3.1/../../../../pic32c/lib/thumb/v7e-m+fp/hard/libc-size-musl.a(strcpy.o)
 .ARM.attributes
                0x0000000000001270       0x36 /Applications/microchip/xc32/v4.60/bin/bin/../../lib/gcc/pic32c/8.3.1/../../../../pic32c/lib/thumb/v7e-m+fp/hard/libc-size-musl.a(stpcpy.o)
 .ARM.attributes
                0x00000000000012a6       0x1e /Applications/microchip/xc32/v4.60/bin/bin/../../lib/gcc/pic32c/8.3.1/thumb/v7e-m+fp/hard/crtn.o
 .ARM.attributes
                0x00000000000012c4       0x34 /Applications/microchip/xc32/v4.60/bin/bin/../../lib/gcc/pic32c/8.3.1/../../../../pic32c/lib/thumb/v7e-m+fp/hard/libpic32c.a(pic32_data_init_clear.o)
 .ARM.attributes
                0x00000000000012f8       0x34 /Applications/microchip/xc32/v4.60/bin/bin/../../lib/gcc/pic32c/8.3.1/../../../../pic32c/lib/thumb/v7e-m+fp/hard/libpic32c.a(pic32_data_init_copy.o)

.comment        0x0000000000000000       0x2b
 .comment       0x0000000000000000       0x2b /Applications/microchip/xc32/v4.60/bin/bin/../../lib/gcc/pic32c/8.3.1/thumb/v7e-m+fp/hard/crtbegin.o
                                         0x2c (size before relaxing)
 .comment       0x000000000000002b       0x2c build/default/production/_ext/1865521619/plib_port.o
 .comment       0x000000000000002b       0x2c build/default/production/_ext/17022449/plib_sercom5_spi_master.o
 .comment       0x000000000000002b       0x2c build/default/production/_ext/60181570/plib_tcc1.o
 .comment       0x000000000000002b       0x2c build/default/production/_ext/829342655/plib_tc1.o
 .comment       0x000000000000002b       0x2c build/default/production/_ext/163028504/xc32_monitor.o
 .comment       0x000000000000002b       0x2c build/default/production/_ext/1360937237/main.o
 .comment       0x000000000000002b       0x2c build/default/production/_ext/829342655/plib_tc0.o
 .comment       0x000000000000002b       0x2c build/default/production/_ext/1593096446/plib_nvmctrl.o
 .comment       0x000000000000002b       0x2c build/default/production/_ext/1984496892/plib_clock.o
 .comment       0x000000000000002b       0x2c build/default/production/_ext/1171490990/exceptions.o
 .comment       0x000000000000002b       0x2c build/default/production/_ext/60163342/plib_adc0.o
 .comment       0x000000000000002b       0x2c build/default/production/_ext/1171490990/initialization.o
 .comment       0x000000000000002b       0x2c build/default/production/_ext/1171490990/startup_xc32.o
 .comment       0x000000000000002b       0x2c build/default/production/_ext/504274921/plib_sercom1_usart.o
 .comment       0x000000000000002b       0x2c build/default/production/_ext/1986646378/plib_evsys.o
 .comment       0x000000000000002b       0x2c build/default/production/_ext/1865468468/plib_nvic.o
 .comment       0x000000000000002b       0x2c build/default/production/_ext/60163342/plib_adc1.o
 .comment       0x000000000000002b       0x2c build/default/production/_ext/1171490990/interrupts.o
 .comment       0x000000000000002b       0x2c build/default/production/_ext/829342655/plib_tc2.o
 .comment       0x000000000000002b       0x2c build/default/production/_ext/1360937237/myprintf.o
 .comment       0x000000000000002b       0x2c build/default/production/_ext/1360937237/Delay.o
 .comment       0x000000000000002b       0x2c build/default/production/_ext/1360937237/GraphicApp.o
 .comment       0x000000000000002b       0x2c build/default/production/_ext/1360937237/GraphicLib.o
 .comment       0x000000000000002b       0x2c build/default/production/_ext/1360937237/LCM.o
 .comment       0x000000000000002b       0x2c /Applications/microchip/xc32/v4.60/bin/bin/../../lib/gcc/pic32c/8.3.1/../../../../pic32c/lib/thumb/v7e-m+fp/hard/libpic32c.a(data_init.o)
 .comment       0x000000000000002b       0x2c /Applications/microchip/xc32/v4.60/bin/bin/../../lib/gcc/pic32c/8.3.1/../../../../pic32c/lib/thumb/v7e-m+fp/hard/libc-size-musl.a(memcpy.o)
 .comment       0x000000000000002b       0x2c /Applications/microchip/xc32/v4.60/bin/bin/../../lib/gcc/pic32c/8.3.1/../../../../pic32c/lib/thumb/v7e-m+fp/hard/libc-size-musl.a(memset.o)
 .comment       0x000000000000002b       0x2c /Applications/microchip/xc32/v4.60/bin/bin/../../lib/gcc/pic32c/8.3.1/../../../../pic32c/lib/thumb/v7e-m+fp/hard/libc-size-musl.a(strlen.o)
 .comment       0x000000000000002b       0x2c /Applications/microchip/xc32/v4.60/bin/bin/../../lib/gcc/pic32c/8.3.1/../../../../pic32c/lib/thumb/v7e-m+fp/hard/libc-size-musl.a(strchr.o)
 .comment       0x000000000000002b       0x2c /Applications/microchip/xc32/v4.60/bin/bin/../../lib/gcc/pic32c/8.3.1/../../../../pic32c/lib/thumb/v7e-m+fp/hard/libc-size-musl.a(strchrnul.o)
 .comment       0x000000000000002b       0x2c /Applications/microchip/xc32/v4.60/bin/bin/../../lib/gcc/pic32c/8.3.1/../../../../pic32c/lib/thumb/v7e-m+fp/hard/libc-size-musl.a(strncmp.o)
 .comment       0x000000000000002b       0x2c /Applications/microchip/xc32/v4.60/bin/bin/../../lib/gcc/pic32c/8.3.1/../../../../pic32c/lib/thumb/v7e-m+fp/hard/libc-size-musl.a(strncpy.o)
 .comment       0x000000000000002b       0x2c /Applications/microchip/xc32/v4.60/bin/bin/../../lib/gcc/pic32c/8.3.1/../../../../pic32c/lib/thumb/v7e-m+fp/hard/libc-size-musl.a(stpncpy.o)
 .comment       0x000000000000002b       0x2c /Applications/microchip/xc32/v4.60/bin/bin/../../lib/gcc/pic32c/8.3.1/../../../../pic32c/lib/thumb/v7e-m+fp/hard/libc-musl.a(isalnum.o)
 .comment       0x000000000000002b       0x2c /Applications/microchip/xc32/v4.60/bin/bin/../../lib/gcc/pic32c/8.3.1/../../../../pic32c/lib/thumb/v7e-m+fp/hard/libc-musl.a(__libc_start_main.o)
 .comment       0x000000000000002b       0x2c /Applications/microchip/xc32/v4.60/bin/bin/../../lib/gcc/pic32c/8.3.1/../../../../pic32c/lib/thumb/v7e-m+fp/hard/libc-musl.a(__errno_location.o)
 .comment       0x000000000000002b       0x2c /Applications/microchip/xc32/v4.60/bin/bin/../../lib/gcc/pic32c/8.3.1/../../../../pic32c/lib/thumb/v7e-m+fp/hard/libc-musl.a(libc.o)
 .comment       0x000000000000002b       0x2c /Applications/microchip/xc32/v4.60/bin/bin/../../lib/gcc/pic32c/8.3.1/../../../../pic32c/lib/thumb/v7e-m+fp/hard/libc-musl.a(__sio_sscanf_dnpxX.o)
 .comment       0x000000000000002b       0x2c /Applications/microchip/xc32/v4.60/bin/bin/../../lib/gcc/pic32c/8.3.1/../../../../pic32c/lib/thumb/v7e-m+fp/hard/libc-musl.a(__scan_d.o)
 .comment       0x000000000000002b       0x2c /Applications/microchip/xc32/v4.60/bin/bin/../../lib/gcc/pic32c/8.3.1/../../../../pic32c/lib/thumb/v7e-m+fp/hard/libc-musl.a(__scan_i.o)
 .comment       0x000000000000002b       0x2c /Applications/microchip/xc32/v4.60/bin/bin/../../lib/gcc/pic32c/8.3.1/../../../../pic32c/lib/thumb/v7e-m+fp/hard/libc-musl.a(__scan_x.o)
 .comment       0x000000000000002b       0x2c /Applications/microchip/xc32/v4.60/bin/bin/../../lib/gcc/pic32c/8.3.1/../../../../pic32c/lib/thumb/v7e-m+fp/hard/libc-musl.a(__scanf_core.o)
 .comment       0x000000000000002b       0x2c /Applications/microchip/xc32/v4.60/bin/bin/../../lib/gcc/pic32c/8.3.1/../../../../pic32c/lib/thumb/v7e-m+fp/hard/libc-musl.a(vsnprintf.o)
 .comment       0x000000000000002b       0x2c /Applications/microchip/xc32/v4.60/bin/bin/../../lib/gcc/pic32c/8.3.1/../../../../pic32c/lib/thumb/v7e-m+fp/hard/libc-musl.a(atoi.o)
 .comment       0x000000000000002b       0x2c /Applications/microchip/xc32/v4.60/bin/bin/../../lib/gcc/pic32c/8.3.1/../../../../pic32c/lib/thumb/v7e-m+fp/hard/libc-musl.a(strtol.o)
 .comment       0x000000000000002b       0x2c /Applications/microchip/xc32/v4.60/bin/bin/../../lib/gcc/pic32c/8.3.1/../../../../pic32c/lib/thumb/v7e-m+fp/hard/libc-musl.a(isxdigit.o)
 .comment       0x000000000000002b       0x2c /Applications/microchip/xc32/v4.60/bin/bin/../../lib/gcc/pic32c/8.3.1/../../../../pic32c/lib/thumb/v7e-m+fp/hard/libc-musl.a(tolower.o)
 .comment       0x000000000000002b       0x2c /Applications/microchip/xc32/v4.60/bin/bin/../../lib/gcc/pic32c/8.3.1/../../../../pic32c/lib/thumb/v7e-m+fp/hard/libc-musl.a(__environ.o)
 .comment       0x000000000000002b       0x2c /Applications/microchip/xc32/v4.60/bin/bin/../../lib/gcc/pic32c/8.3.1/../../../../pic32c/lib/thumb/v7e-m+fp/hard/libc-musl.a(intscan.o)
 .comment       0x000000000000002b       0x2c /Applications/microchip/xc32/v4.60/bin/bin/../../lib/gcc/pic32c/8.3.1/../../../../pic32c/lib/thumb/v7e-m+fp/hard/libc-musl.a(shgetc.o)
 .comment       0x000000000000002b       0x2c /Applications/microchip/xc32/v4.60/bin/bin/../../lib/gcc/pic32c/8.3.1/../../../../pic32c/lib/thumb/v7e-m+fp/hard/libc-musl.a(__int_vsscanf.o)
 .comment       0x000000000000002b       0x2c /Applications/microchip/xc32/v4.60/bin/bin/../../lib/gcc/pic32c/8.3.1/../../../../pic32c/lib/thumb/v7e-m+fp/hard/libc-musl.a(__string_read.o)
 .comment       0x000000000000002b       0x2c /Applications/microchip/xc32/v4.60/bin/bin/../../lib/gcc/pic32c/8.3.1/../../../../pic32c/lib/thumb/v7e-m+fp/hard/libc-musl.a(__uflow.o)
 .comment       0x000000000000002b       0x2c /Applications/microchip/xc32/v4.60/bin/bin/../../lib/gcc/pic32c/8.3.1/../../../../pic32c/lib/thumb/v7e-m+fp/hard/libc-musl.a(__printf_core.o)
 .comment       0x000000000000002b       0x2c /Applications/microchip/xc32/v4.60/bin/bin/../../lib/gcc/pic32c/8.3.1/../../../../pic32c/lib/thumb/v7e-m+fp/hard/libc-musl.a(__push_float.o)
 .comment       0x000000000000002b       0x2c /Applications/microchip/xc32/v4.60/bin/bin/../../lib/gcc/pic32c/8.3.1/../../../../pic32c/lib/thumb/v7e-m+fp/hard/libc-musl.a(__push_int.o)
 .comment       0x000000000000002b       0x2c /Applications/microchip/xc32/v4.60/bin/bin/../../lib/gcc/pic32c/8.3.1/../../../../pic32c/lib/thumb/v7e-m+fp/hard/libc-musl.a(__read_int.o)
 .comment       0x000000000000002b       0x2c /Applications/microchip/xc32/v4.60/bin/bin/../../lib/gcc/pic32c/8.3.1/../../../../pic32c/lib/thumb/v7e-m+fp/hard/libc-musl.a(vfprintf.o)
 .comment       0x000000000000002b       0x2c /Applications/microchip/xc32/v4.60/bin/bin/../../lib/gcc/pic32c/8.3.1/../../../../pic32c/lib/thumb/v7e-m+fp/hard/libc-musl.a(__int_vfscanf.o)
 .comment       0x000000000000002b       0x2c /Applications/microchip/xc32/v4.60/bin/bin/../../lib/gcc/pic32c/8.3.1/../../../../pic32c/lib/thumb/v7e-m+fp/hard/libc-musl.a(__toread.o)
 .comment       0x000000000000002b       0x2c /Applications/microchip/xc32/v4.60/bin/bin/../../lib/gcc/pic32c/8.3.1/../../../../pic32c/lib/thumb/v7e-m+fp/hard/libc-musl.a(__out.o)
 .comment       0x000000000000002b       0x2c /Applications/microchip/xc32/v4.60/bin/bin/../../lib/gcc/pic32c/8.3.1/../../../../pic32c/lib/thumb/v7e-m+fp/hard/libc-musl.a(__pop_float.o)
 .comment       0x000000000000002b       0x2c /Applications/microchip/xc32/v4.60/bin/bin/../../lib/gcc/pic32c/8.3.1/../../../../pic32c/lib/thumb/v7e-m+fp/hard/libc-musl.a(__pop_int.o)
 .comment       0x000000000000002b       0x2c /Applications/microchip/xc32/v4.60/bin/bin/../../lib/gcc/pic32c/8.3.1/../../../../pic32c/lib/thumb/v7e-m+fp/hard/libc-musl.a(__pop_ptr.o)
 .comment       0x000000000000002b       0x2c /Applications/microchip/xc32/v4.60/bin/bin/../../lib/gcc/pic32c/8.3.1/../../../../pic32c/lib/thumb/v7e-m+fp/hard/libc-musl.a(__fmt_a.o)
 .comment       0x000000000000002b       0x2c /Applications/microchip/xc32/v4.60/bin/bin/../../lib/gcc/pic32c/8.3.1/../../../../pic32c/lib/thumb/v7e-m+fp/hard/libc-musl.a(__fmt_d.o)
 .comment       0x000000000000002b       0x2c /Applications/microchip/xc32/v4.60/bin/bin/../../lib/gcc/pic32c/8.3.1/../../../../pic32c/lib/thumb/v7e-m+fp/hard/libc-musl.a(__fmt_fp.o)
 .comment       0x000000000000002b       0x2c /Applications/microchip/xc32/v4.60/bin/bin/../../lib/gcc/pic32c/8.3.1/../../../../pic32c/lib/thumb/v7e-m+fp/hard/libc-musl.a(__fmt_o.o)
 .comment       0x000000000000002b       0x2c /Applications/microchip/xc32/v4.60/bin/bin/../../lib/gcc/pic32c/8.3.1/../../../../pic32c/lib/thumb/v7e-m+fp/hard/libc-musl.a(__fmt_s.o)
 .comment       0x000000000000002b       0x2c /Applications/microchip/xc32/v4.60/bin/bin/../../lib/gcc/pic32c/8.3.1/../../../../pic32c/lib/thumb/v7e-m+fp/hard/libc-musl.a(__fmt_u.o)
 .comment       0x000000000000002b       0x2c /Applications/microchip/xc32/v4.60/bin/bin/../../lib/gcc/pic32c/8.3.1/../../../../pic32c/lib/thumb/v7e-m+fp/hard/libc-musl.a(__fmt_x.o)
 .comment       0x000000000000002b       0x2c /Applications/microchip/xc32/v4.60/bin/bin/../../lib/gcc/pic32c/8.3.1/../../../../pic32c/lib/thumb/v7e-m+fp/hard/libc-musl.a(__fwrite.o)
 .comment       0x000000000000002b       0x2c /Applications/microchip/xc32/v4.60/bin/bin/../../lib/gcc/pic32c/8.3.1/../../../../pic32c/lib/thumb/v7e-m+fp/hard/libc-musl.a(toupper.o)
 .comment       0x000000000000002b       0x2c /Applications/microchip/xc32/v4.60/bin/bin/../../lib/gcc/pic32c/8.3.1/../../../../pic32c/lib/thumb/v7e-m+fp/hard/libc-musl.a(__cvt_u.o)
 .comment       0x000000000000002b       0x2c /Applications/microchip/xc32/v4.60/bin/bin/../../lib/gcc/pic32c/8.3.1/../../../../pic32c/lib/thumb/v7e-m+fp/hard/libc-musl.a(__init_stdio.o)
 .comment       0x000000000000002b       0x2c /Applications/microchip/xc32/v4.60/bin/bin/../../lib/gcc/pic32c/8.3.1/../../../../pic32c/lib/thumb/v7e-m+fp/hard/libm-fast-emfloat.a(fma.o)
 .comment       0x000000000000002b       0x2c /Applications/microchip/xc32/v4.60/bin/bin/../../lib/gcc/pic32c/8.3.1/../../../../pic32c/lib/thumb/v7e-m+fp/hard/libm-fast-emfloat.a(floor.o)
 .comment       0x000000000000002b       0x2c /Applications/microchip/xc32/v4.60/bin/bin/../../lib/gcc/pic32c/8.3.1/thumb/v7e-m+fp/hard/libgcc.a(_udivmoddi4.o)
 .comment       0x000000000000002b       0x2c /Applications/microchip/xc32/v4.60/bin/bin/../../lib/gcc/pic32c/8.3.1/../../../../pic32c/lib/thumb/v7e-m+fp/hard/libc-size-musl.a(memchr.o)
 .comment       0x000000000000002b       0x2c /Applications/microchip/xc32/v4.60/bin/bin/../../lib/gcc/pic32c/8.3.1/../../../../pic32c/lib/thumb/v7e-m+fp/hard/libc-size-musl.a(strcpy.o)
 .comment       0x000000000000002b       0x2c /Applications/microchip/xc32/v4.60/bin/bin/../../lib/gcc/pic32c/8.3.1/../../../../pic32c/lib/thumb/v7e-m+fp/hard/libc-size-musl.a(stpcpy.o)
 .comment       0x000000000000002b       0x2c /Applications/microchip/xc32/v4.60/bin/bin/../../lib/gcc/pic32c/8.3.1/../../../../pic32c/lib/thumb/v7e-m+fp/hard/libpic32c.a(pic32_data_init_clear.o)
 .comment       0x000000000000002b       0x2c /Applications/microchip/xc32/v4.60/bin/bin/../../lib/gcc/pic32c/8.3.1/../../../../pic32c/lib/thumb/v7e-m+fp/hard/libpic32c.a(pic32_data_init_copy.o)

.debug_info     0x0000000000000000    0x177ae
 .debug_info    0x0000000000000000      0x81e build/default/production/_ext/1865521619/plib_port.o
 .debug_info    0x000000000000081e      0xd75 build/default/production/_ext/17022449/plib_sercom5_spi_master.o
 .debug_info    0x0000000000001593      0x51d build/default/production/_ext/60181570/plib_tcc1.o
 .debug_info    0x0000000000001ab0      0x814 build/default/production/_ext/829342655/plib_tc1.o
 .debug_info    0x00000000000022c4       0xf5 build/default/production/_ext/163028504/xc32_monitor.o
 .debug_info    0x00000000000023b9     0x104d build/default/production/_ext/1360937237/main.o
 .debug_info    0x0000000000003406      0x814 build/default/production/_ext/829342655/plib_tc0.o
 .debug_info    0x0000000000003c1a      0x8c9 build/default/production/_ext/1593096446/plib_nvmctrl.o
 .debug_info    0x00000000000044e3      0x639 build/default/production/_ext/1984496892/plib_clock.o
 .debug_info    0x0000000000004b1c      0x116 build/default/production/_ext/1171490990/exceptions.o
 .debug_info    0x0000000000004c32      0x6e8 build/default/production/_ext/60163342/plib_adc0.o
 .debug_info    0x000000000000531a      0x1ea build/default/production/_ext/1171490990/initialization.o
 .debug_info    0x0000000000005504      0x55b build/default/production/_ext/1171490990/startup_xc32.o
 .debug_info    0x0000000000005a5f     0x121b build/default/production/_ext/504274921/plib_sercom1_usart.o
 .debug_info    0x0000000000006c7a       0x9b build/default/production/_ext/1986646378/plib_evsys.o
 .debug_info    0x0000000000006d15      0xebf build/default/production/_ext/1865468468/plib_nvic.o
 .debug_info    0x0000000000007bd4      0x6e8 build/default/production/_ext/60163342/plib_adc1.o
 .debug_info    0x00000000000082bc      0xa90 build/default/production/_ext/1171490990/interrupts.o
 .debug_info    0x0000000000008d4c      0x814 build/default/production/_ext/829342655/plib_tc2.o
 .debug_info    0x0000000000009560      0xa5b build/default/production/_ext/1360937237/myprintf.o
 .debug_info    0x0000000000009fbb      0x2cb build/default/production/_ext/1360937237/Delay.o
 .debug_info    0x000000000000a286     0x14d7 build/default/production/_ext/1360937237/GraphicApp.o
 .debug_info    0x000000000000b75d     0x1911 build/default/production/_ext/1360937237/GraphicLib.o
 .debug_info    0x000000000000d06e      0x80b build/default/production/_ext/1360937237/LCM.o
 .debug_info    0x000000000000d879       0x68 /Applications/microchip/xc32/v4.60/bin/bin/../../lib/gcc/pic32c/8.3.1/../../../../pic32c/lib/thumb/v7e-m+fp/hard/libpic32c.a(data_init.o)
 .debug_info    0x000000000000d8e1       0xf3 /Applications/microchip/xc32/v4.60/bin/bin/../../lib/gcc/pic32c/8.3.1/../../../../pic32c/lib/thumb/v7e-m+fp/hard/libc-size-musl.a(memcpy.o)
 .debug_info    0x000000000000d9d4       0xbb /Applications/microchip/xc32/v4.60/bin/bin/../../lib/gcc/pic32c/8.3.1/../../../../pic32c/lib/thumb/v7e-m+fp/hard/libc-size-musl.a(memset.o)
 .debug_info    0x000000000000da8f       0xa4 /Applications/microchip/xc32/v4.60/bin/bin/../../lib/gcc/pic32c/8.3.1/../../../../pic32c/lib/thumb/v7e-m+fp/hard/libc-size-musl.a(strlen.o)
 .debug_info    0x000000000000db33       0xd2 /Applications/microchip/xc32/v4.60/bin/bin/../../lib/gcc/pic32c/8.3.1/../../../../pic32c/lib/thumb/v7e-m+fp/hard/libc-size-musl.a(strchr.o)
 .debug_info    0x000000000000dc05      0x12c /Applications/microchip/xc32/v4.60/bin/bin/../../lib/gcc/pic32c/8.3.1/../../../../pic32c/lib/thumb/v7e-m+fp/hard/libc-size-musl.a(strchrnul.o)
 .debug_info    0x000000000000dd31       0xeb /Applications/microchip/xc32/v4.60/bin/bin/../../lib/gcc/pic32c/8.3.1/../../../../pic32c/lib/thumb/v7e-m+fp/hard/libc-size-musl.a(strncmp.o)
 .debug_info    0x000000000000de1c       0xde /Applications/microchip/xc32/v4.60/bin/bin/../../lib/gcc/pic32c/8.3.1/../../../../pic32c/lib/thumb/v7e-m+fp/hard/libc-size-musl.a(strncpy.o)
 .debug_info    0x000000000000defa       0xe1 /Applications/microchip/xc32/v4.60/bin/bin/../../lib/gcc/pic32c/8.3.1/../../../../pic32c/lib/thumb/v7e-m+fp/hard/libc-size-musl.a(stpncpy.o)
 .debug_info    0x000000000000dfdb      0x12b /Applications/microchip/xc32/v4.60/bin/bin/../../lib/gcc/pic32c/8.3.1/../../../../pic32c/lib/thumb/v7e-m+fp/hard/libc-musl.a(isalnum.o)
 .debug_info    0x000000000000e106      0x2fb /Applications/microchip/xc32/v4.60/bin/bin/../../lib/gcc/pic32c/8.3.1/../../../../pic32c/lib/thumb/v7e-m+fp/hard/libc-musl.a(__libc_start_main.o)
 .debug_info    0x000000000000e401       0x5b /Applications/microchip/xc32/v4.60/bin/bin/../../lib/gcc/pic32c/8.3.1/../../../../pic32c/lib/thumb/v7e-m+fp/hard/libc-musl.a(__errno_location.o)
 .debug_info    0x000000000000e45c      0x276 /Applications/microchip/xc32/v4.60/bin/bin/../../lib/gcc/pic32c/8.3.1/../../../../pic32c/lib/thumb/v7e-m+fp/hard/libc-musl.a(libc.o)
 .debug_info    0x000000000000e6d2      0x1a2 /Applications/microchip/xc32/v4.60/bin/bin/../../lib/gcc/pic32c/8.3.1/../../../../pic32c/lib/thumb/v7e-m+fp/hard/libc-musl.a(__sio_sscanf_dnpxX.o)
 .debug_info    0x000000000000e874      0x4e8 /Applications/microchip/xc32/v4.60/bin/bin/../../lib/gcc/pic32c/8.3.1/../../../../pic32c/lib/thumb/v7e-m+fp/hard/libc-musl.a(__scan_d.o)
 .debug_info    0x000000000000ed5c      0x5f0 /Applications/microchip/xc32/v4.60/bin/bin/../../lib/gcc/pic32c/8.3.1/../../../../pic32c/lib/thumb/v7e-m+fp/hard/libc-musl.a(__scan_i.o)
 .debug_info    0x000000000000f34c      0x594 /Applications/microchip/xc32/v4.60/bin/bin/../../lib/gcc/pic32c/8.3.1/../../../../pic32c/lib/thumb/v7e-m+fp/hard/libc-musl.a(__scan_x.o)
 .debug_info    0x000000000000f8e0      0xba3 /Applications/microchip/xc32/v4.60/bin/bin/../../lib/gcc/pic32c/8.3.1/../../../../pic32c/lib/thumb/v7e-m+fp/hard/libc-musl.a(__scanf_core.o)
 .debug_info    0x0000000000010483      0x43a /Applications/microchip/xc32/v4.60/bin/bin/../../lib/gcc/pic32c/8.3.1/../../../../pic32c/lib/thumb/v7e-m+fp/hard/libc-musl.a(vsnprintf.o)
 .debug_info    0x00000000000108bd       0xf4 /Applications/microchip/xc32/v4.60/bin/bin/../../lib/gcc/pic32c/8.3.1/../../../../pic32c/lib/thumb/v7e-m+fp/hard/libc-musl.a(atoi.o)
 .debug_info    0x00000000000109b1      0x722 /Applications/microchip/xc32/v4.60/bin/bin/../../lib/gcc/pic32c/8.3.1/../../../../pic32c/lib/thumb/v7e-m+fp/hard/libc-musl.a(strtol.o)
 .debug_info    0x00000000000110d3      0x12b /Applications/microchip/xc32/v4.60/bin/bin/../../lib/gcc/pic32c/8.3.1/../../../../pic32c/lib/thumb/v7e-m+fp/hard/libc-musl.a(isxdigit.o)
 .debug_info    0x00000000000111fe      0x12b /Applications/microchip/xc32/v4.60/bin/bin/../../lib/gcc/pic32c/8.3.1/../../../../pic32c/lib/thumb/v7e-m+fp/hard/libc-musl.a(tolower.o)
 .debug_info    0x0000000000011329       0x97 /Applications/microchip/xc32/v4.60/bin/bin/../../lib/gcc/pic32c/8.3.1/../../../../pic32c/lib/thumb/v7e-m+fp/hard/libc-musl.a(__environ.o)
 .debug_info    0x00000000000113c0      0x595 /Applications/microchip/xc32/v4.60/bin/bin/../../lib/gcc/pic32c/8.3.1/../../../../pic32c/lib/thumb/v7e-m+fp/hard/libc-musl.a(intscan.o)
 .debug_info    0x0000000000011955      0x39c /Applications/microchip/xc32/v4.60/bin/bin/../../lib/gcc/pic32c/8.3.1/../../../../pic32c/lib/thumb/v7e-m+fp/hard/libc-musl.a(shgetc.o)
 .debug_info    0x0000000000011cf1      0x478 /Applications/microchip/xc32/v4.60/bin/bin/../../lib/gcc/pic32c/8.3.1/../../../../pic32c/lib/thumb/v7e-m+fp/hard/libc-musl.a(__int_vsscanf.o)
 .debug_info    0x0000000000012169      0x3f5 /Applications/microchip/xc32/v4.60/bin/bin/../../lib/gcc/pic32c/8.3.1/../../../../pic32c/lib/thumb/v7e-m+fp/hard/libc-musl.a(__string_read.o)
 .debug_info    0x000000000001255e      0x37c /Applications/microchip/xc32/v4.60/bin/bin/../../lib/gcc/pic32c/8.3.1/../../../../pic32c/lib/thumb/v7e-m+fp/hard/libc-musl.a(__uflow.o)
 .debug_info    0x00000000000128da      0xa5d /Applications/microchip/xc32/v4.60/bin/bin/../../lib/gcc/pic32c/8.3.1/../../../../pic32c/lib/thumb/v7e-m+fp/hard/libc-musl.a(__printf_core.o)
 .debug_info    0x0000000000013337      0x163 /Applications/microchip/xc32/v4.60/bin/bin/../../lib/gcc/pic32c/8.3.1/../../../../pic32c/lib/thumb/v7e-m+fp/hard/libc-musl.a(__push_float.o)
 .debug_info    0x000000000001349a      0x18f /Applications/microchip/xc32/v4.60/bin/bin/../../lib/gcc/pic32c/8.3.1/../../../../pic32c/lib/thumb/v7e-m+fp/hard/libc-musl.a(__push_int.o)
 .debug_info    0x0000000000013629      0x476 /Applications/microchip/xc32/v4.60/bin/bin/../../lib/gcc/pic32c/8.3.1/../../../../pic32c/lib/thumb/v7e-m+fp/hard/libc-musl.a(__read_int.o)
 .debug_info    0x0000000000013a9f      0x406 /Applications/microchip/xc32/v4.60/bin/bin/../../lib/gcc/pic32c/8.3.1/../../../../pic32c/lib/thumb/v7e-m+fp/hard/libc-musl.a(vfprintf.o)
 .debug_info    0x0000000000013ea5      0x3db /Applications/microchip/xc32/v4.60/bin/bin/../../lib/gcc/pic32c/8.3.1/../../../../pic32c/lib/thumb/v7e-m+fp/hard/libc-musl.a(__int_vfscanf.o)
 .debug_info    0x0000000000014280      0x37e /Applications/microchip/xc32/v4.60/bin/bin/../../lib/gcc/pic32c/8.3.1/../../../../pic32c/lib/thumb/v7e-m+fp/hard/libc-musl.a(__toread.o)
 .debug_info    0x00000000000145fe      0x2b2 /Applications/microchip/xc32/v4.60/bin/bin/../../lib/gcc/pic32c/8.3.1/../../../../pic32c/lib/thumb/v7e-m+fp/hard/libc-musl.a(__out.o)
 .debug_info    0x00000000000148b0      0x162 /Applications/microchip/xc32/v4.60/bin/bin/../../lib/gcc/pic32c/8.3.1/../../../../pic32c/lib/thumb/v7e-m+fp/hard/libc-musl.a(__pop_float.o)
 .debug_info    0x0000000000014a12      0x183 /Applications/microchip/xc32/v4.60/bin/bin/../../lib/gcc/pic32c/8.3.1/../../../../pic32c/lib/thumb/v7e-m+fp/hard/libc-musl.a(__pop_int.o)
 .debug_info    0x0000000000014b95      0x187 /Applications/microchip/xc32/v4.60/bin/bin/../../lib/gcc/pic32c/8.3.1/../../../../pic32c/lib/thumb/v7e-m+fp/hard/libc-musl.a(__pop_ptr.o)
 .debug_info    0x0000000000014d1c      0x646 /Applications/microchip/xc32/v4.60/bin/bin/../../lib/gcc/pic32c/8.3.1/../../../../pic32c/lib/thumb/v7e-m+fp/hard/libc-musl.a(__fmt_a.o)
 .debug_info    0x0000000000015362      0x330 /Applications/microchip/xc32/v4.60/bin/bin/../../lib/gcc/pic32c/8.3.1/../../../../pic32c/lib/thumb/v7e-m+fp/hard/libc-musl.a(__fmt_d.o)
 .debug_info    0x0000000000015692      0x673 /Applications/microchip/xc32/v4.60/bin/bin/../../lib/gcc/pic32c/8.3.1/../../../../pic32c/lib/thumb/v7e-m+fp/hard/libc-musl.a(__fmt_fp.o)
 .debug_info    0x0000000000015d05      0x301 /Applications/microchip/xc32/v4.60/bin/bin/../../lib/gcc/pic32c/8.3.1/../../../../pic32c/lib/thumb/v7e-m+fp/hard/libc-musl.a(__fmt_o.o)
 .debug_info    0x0000000000016006      0x2b2 /Applications/microchip/xc32/v4.60/bin/bin/../../lib/gcc/pic32c/8.3.1/../../../../pic32c/lib/thumb/v7e-m+fp/hard/libc-musl.a(__fmt_s.o)
 .debug_info    0x00000000000162b8      0x301 /Applications/microchip/xc32/v4.60/bin/bin/../../lib/gcc/pic32c/8.3.1/../../../../pic32c/lib/thumb/v7e-m+fp/hard/libc-musl.a(__fmt_u.o)
 .debug_info    0x00000000000165b9      0x331 /Applications/microchip/xc32/v4.60/bin/bin/../../lib/gcc/pic32c/8.3.1/../../../../pic32c/lib/thumb/v7e-m+fp/hard/libc-musl.a(__fmt_x.o)
 .debug_info    0x00000000000168ea      0x2b9 /Applications/microchip/xc32/v4.60/bin/bin/../../lib/gcc/pic32c/8.3.1/../../../../pic32c/lib/thumb/v7e-m+fp/hard/libc-musl.a(__fwrite.o)
 .debug_info    0x0000000000016ba3      0x12b /Applications/microchip/xc32/v4.60/bin/bin/../../lib/gcc/pic32c/8.3.1/../../../../pic32c/lib/thumb/v7e-m+fp/hard/libc-musl.a(toupper.o)
 .debug_info    0x0000000000016cce      0x1d9 /Applications/microchip/xc32/v4.60/bin/bin/../../lib/gcc/pic32c/8.3.1/../../../../pic32c/lib/thumb/v7e-m+fp/hard/libc-musl.a(__cvt_u.o)
 .debug_info    0x0000000000016ea7       0xc3 /Applications/microchip/xc32/v4.60/bin/bin/../../lib/gcc/pic32c/8.3.1/../../../../pic32c/lib/thumb/v7e-m+fp/hard/libc-musl.a(__init_stdio.o)
 .debug_info    0x0000000000016f6a       0x26 /Applications/microchip/xc32/v4.60/bin/bin/../../lib/gcc/pic32c/8.3.1/thumb/v7e-m+fp/hard/libgcc.a(_aeabi_uldivmod.o)
 .debug_info    0x0000000000016f90      0x52a /Applications/microchip/xc32/v4.60/bin/bin/../../lib/gcc/pic32c/8.3.1/thumb/v7e-m+fp/hard/libgcc.a(_udivmoddi4.o)
 .debug_info    0x00000000000174ba       0x26 /Applications/microchip/xc32/v4.60/bin/bin/../../lib/gcc/pic32c/8.3.1/thumb/v7e-m+fp/hard/libgcc.a(_dvmd_tls.o)
 .debug_info    0x00000000000174e0       0xe6 /Applications/microchip/xc32/v4.60/bin/bin/../../lib/gcc/pic32c/8.3.1/../../../../pic32c/lib/thumb/v7e-m+fp/hard/libc-size-musl.a(memchr.o)
 .debug_info    0x00000000000175c6       0xbd /Applications/microchip/xc32/v4.60/bin/bin/../../lib/gcc/pic32c/8.3.1/../../../../pic32c/lib/thumb/v7e-m+fp/hard/libc-size-musl.a(strcpy.o)
 .debug_info    0x0000000000017683       0xac /Applications/microchip/xc32/v4.60/bin/bin/../../lib/gcc/pic32c/8.3.1/../../../../pic32c/lib/thumb/v7e-m+fp/hard/libc-size-musl.a(stpcpy.o)
 .debug_info    0x000000000001772f       0x3f /Applications/microchip/xc32/v4.60/bin/bin/../../lib/gcc/pic32c/8.3.1/../../../../pic32c/lib/thumb/v7e-m+fp/hard/libpic32c.a(pic32_data_init_clear.o)
 .debug_info    0x000000000001776e       0x40 /Applications/microchip/xc32/v4.60/bin/bin/../../lib/gcc/pic32c/8.3.1/../../../../pic32c/lib/thumb/v7e-m+fp/hard/libpic32c.a(pic32_data_init_copy.o)

.debug_abbrev   0x0000000000000000     0x6b5b
 .debug_abbrev  0x0000000000000000      0x1ea build/default/production/_ext/1865521619/plib_port.o
 .debug_abbrev  0x00000000000001ea      0x1e7 build/default/production/_ext/17022449/plib_sercom5_spi_master.o
 .debug_abbrev  0x00000000000003d1      0x133 build/default/production/_ext/60181570/plib_tcc1.o
 .debug_abbrev  0x0000000000000504      0x1be build/default/production/_ext/829342655/plib_tc1.o
 .debug_abbrev  0x00000000000006c2       0xb2 build/default/production/_ext/163028504/xc32_monitor.o
 .debug_abbrev  0x0000000000000774      0x20a build/default/production/_ext/1360937237/main.o
 .debug_abbrev  0x000000000000097e      0x1be build/default/production/_ext/829342655/plib_tc0.o
 .debug_abbrev  0x0000000000000b3c      0x23c build/default/production/_ext/1593096446/plib_nvmctrl.o
 .debug_abbrev  0x0000000000000d78      0x10b build/default/production/_ext/1984496892/plib_clock.o
 .debug_abbrev  0x0000000000000e83       0x49 build/default/production/_ext/1171490990/exceptions.o
 .debug_abbrev  0x0000000000000ecc      0x1a9 build/default/production/_ext/60163342/plib_adc0.o
 .debug_abbrev  0x0000000000001075       0x96 build/default/production/_ext/1171490990/initialization.o
 .debug_abbrev  0x000000000000110b      0x1e3 build/default/production/_ext/1171490990/startup_xc32.o
 .debug_abbrev  0x00000000000012ee      0x318 build/default/production/_ext/504274921/plib_sercom1_usart.o
 .debug_abbrev  0x0000000000001606       0x46 build/default/production/_ext/1986646378/plib_evsys.o
 .debug_abbrev  0x000000000000164c      0x258 build/default/production/_ext/1865468468/plib_nvic.o
 .debug_abbrev  0x00000000000018a4      0x1a9 build/default/production/_ext/60163342/plib_adc1.o
 .debug_abbrev  0x0000000000001a4d       0xc0 build/default/production/_ext/1171490990/interrupts.o
 .debug_abbrev  0x0000000000001b0d      0x1be build/default/production/_ext/829342655/plib_tc2.o
 .debug_abbrev  0x0000000000001ccb      0x2ec build/default/production/_ext/1360937237/myprintf.o
 .debug_abbrev  0x0000000000001fb7      0x173 build/default/production/_ext/1360937237/Delay.o
 .debug_abbrev  0x000000000000212a      0x224 build/default/production/_ext/1360937237/GraphicApp.o
 .debug_abbrev  0x000000000000234e      0x41f build/default/production/_ext/1360937237/GraphicLib.o
 .debug_abbrev  0x000000000000276d      0x31a build/default/production/_ext/1360937237/LCM.o
 .debug_abbrev  0x0000000000002a87       0x44 /Applications/microchip/xc32/v4.60/bin/bin/../../lib/gcc/pic32c/8.3.1/../../../../pic32c/lib/thumb/v7e-m+fp/hard/libpic32c.a(data_init.o)
 .debug_abbrev  0x0000000000002acb       0xbb /Applications/microchip/xc32/v4.60/bin/bin/../../lib/gcc/pic32c/8.3.1/../../../../pic32c/lib/thumb/v7e-m+fp/hard/libc-size-musl.a(memcpy.o)
 .debug_abbrev  0x0000000000002b86       0xa2 /Applications/microchip/xc32/v4.60/bin/bin/../../lib/gcc/pic32c/8.3.1/../../../../pic32c/lib/thumb/v7e-m+fp/hard/libc-size-musl.a(memset.o)
 .debug_abbrev  0x0000000000002c28       0x91 /Applications/microchip/xc32/v4.60/bin/bin/../../lib/gcc/pic32c/8.3.1/../../../../pic32c/lib/thumb/v7e-m+fp/hard/libc-size-musl.a(strlen.o)
 .debug_abbrev  0x0000000000002cb9       0xad /Applications/microchip/xc32/v4.60/bin/bin/../../lib/gcc/pic32c/8.3.1/../../../../pic32c/lib/thumb/v7e-m+fp/hard/libc-size-musl.a(strchr.o)
 .debug_abbrev  0x0000000000002d66       0xb0 /Applications/microchip/xc32/v4.60/bin/bin/../../lib/gcc/pic32c/8.3.1/../../../../pic32c/lib/thumb/v7e-m+fp/hard/libc-size-musl.a(strchrnul.o)
 .debug_abbrev  0x0000000000002e16       0x91 /Applications/microchip/xc32/v4.60/bin/bin/../../lib/gcc/pic32c/8.3.1/../../../../pic32c/lib/thumb/v7e-m+fp/hard/libc-size-musl.a(strncmp.o)
 .debug_abbrev  0x0000000000002ea7       0x9d /Applications/microchip/xc32/v4.60/bin/bin/../../lib/gcc/pic32c/8.3.1/../../../../pic32c/lib/thumb/v7e-m+fp/hard/libc-size-musl.a(strncpy.o)
 .debug_abbrev  0x0000000000002f44       0xa5 /Applications/microchip/xc32/v4.60/bin/bin/../../lib/gcc/pic32c/8.3.1/../../../../pic32c/lib/thumb/v7e-m+fp/hard/libc-size-musl.a(stpncpy.o)
 .debug_abbrev  0x0000000000002fe9      0x108 /Applications/microchip/xc32/v4.60/bin/bin/../../lib/gcc/pic32c/8.3.1/../../../../pic32c/lib/thumb/v7e-m+fp/hard/libc-musl.a(isalnum.o)
 .debug_abbrev  0x00000000000030f1      0x133 /Applications/microchip/xc32/v4.60/bin/bin/../../lib/gcc/pic32c/8.3.1/../../../../pic32c/lib/thumb/v7e-m+fp/hard/libc-musl.a(__libc_start_main.o)
 .debug_abbrev  0x0000000000003224       0x39 /Applications/microchip/xc32/v4.60/bin/bin/../../lib/gcc/pic32c/8.3.1/../../../../pic32c/lib/thumb/v7e-m+fp/hard/libc-musl.a(__errno_location.o)
 .debug_abbrev  0x000000000000325d       0xd4 /Applications/microchip/xc32/v4.60/bin/bin/../../lib/gcc/pic32c/8.3.1/../../../../pic32c/lib/thumb/v7e-m+fp/hard/libc-musl.a(libc.o)
 .debug_abbrev  0x0000000000003331      0x139 /Applications/microchip/xc32/v4.60/bin/bin/../../lib/gcc/pic32c/8.3.1/../../../../pic32c/lib/thumb/v7e-m+fp/hard/libc-musl.a(__sio_sscanf_dnpxX.o)
 .debug_abbrev  0x000000000000346a      0x1c4 /Applications/microchip/xc32/v4.60/bin/bin/../../lib/gcc/pic32c/8.3.1/../../../../pic32c/lib/thumb/v7e-m+fp/hard/libc-musl.a(__scan_d.o)
 .debug_abbrev  0x000000000000362e      0x1dd /Applications/microchip/xc32/v4.60/bin/bin/../../lib/gcc/pic32c/8.3.1/../../../../pic32c/lib/thumb/v7e-m+fp/hard/libc-musl.a(__scan_i.o)
 .debug_abbrev  0x000000000000380b      0x1cc /Applications/microchip/xc32/v4.60/bin/bin/../../lib/gcc/pic32c/8.3.1/../../../../pic32c/lib/thumb/v7e-m+fp/hard/libc-musl.a(__scan_x.o)
 .debug_abbrev  0x00000000000039d7      0x320 /Applications/microchip/xc32/v4.60/bin/bin/../../lib/gcc/pic32c/8.3.1/../../../../pic32c/lib/thumb/v7e-m+fp/hard/libc-musl.a(__scanf_core.o)
 .debug_abbrev  0x0000000000003cf7      0x195 /Applications/microchip/xc32/v4.60/bin/bin/../../lib/gcc/pic32c/8.3.1/../../../../pic32c/lib/thumb/v7e-m+fp/hard/libc-musl.a(vsnprintf.o)
 .debug_abbrev  0x0000000000003e8c       0xc6 /Applications/microchip/xc32/v4.60/bin/bin/../../lib/gcc/pic32c/8.3.1/../../../../pic32c/lib/thumb/v7e-m+fp/hard/libc-musl.a(atoi.o)
 .debug_abbrev  0x0000000000003f52      0x1cf /Applications/microchip/xc32/v4.60/bin/bin/../../lib/gcc/pic32c/8.3.1/../../../../pic32c/lib/thumb/v7e-m+fp/hard/libc-musl.a(strtol.o)
 .debug_abbrev  0x0000000000004121      0x108 /Applications/microchip/xc32/v4.60/bin/bin/../../lib/gcc/pic32c/8.3.1/../../../../pic32c/lib/thumb/v7e-m+fp/hard/libc-musl.a(isxdigit.o)
 .debug_abbrev  0x0000000000004229      0x108 /Applications/microchip/xc32/v4.60/bin/bin/../../lib/gcc/pic32c/8.3.1/../../../../pic32c/lib/thumb/v7e-m+fp/hard/libc-musl.a(tolower.o)
 .debug_abbrev  0x0000000000004331       0x62 /Applications/microchip/xc32/v4.60/bin/bin/../../lib/gcc/pic32c/8.3.1/../../../../pic32c/lib/thumb/v7e-m+fp/hard/libc-musl.a(__environ.o)
 .debug_abbrev  0x0000000000004393      0x1f8 /Applications/microchip/xc32/v4.60/bin/bin/../../lib/gcc/pic32c/8.3.1/../../../../pic32c/lib/thumb/v7e-m+fp/hard/libc-musl.a(intscan.o)
 .debug_abbrev  0x000000000000458b      0x166 /Applications/microchip/xc32/v4.60/bin/bin/../../lib/gcc/pic32c/8.3.1/../../../../pic32c/lib/thumb/v7e-m+fp/hard/libc-musl.a(shgetc.o)
 .debug_abbrev  0x00000000000046f1      0x19b /Applications/microchip/xc32/v4.60/bin/bin/../../lib/gcc/pic32c/8.3.1/../../../../pic32c/lib/thumb/v7e-m+fp/hard/libc-musl.a(__int_vsscanf.o)
 .debug_abbrev  0x000000000000488c      0x146 /Applications/microchip/xc32/v4.60/bin/bin/../../lib/gcc/pic32c/8.3.1/../../../../pic32c/lib/thumb/v7e-m+fp/hard/libc-musl.a(__string_read.o)
 .debug_abbrev  0x00000000000049d2      0x141 /Applications/microchip/xc32/v4.60/bin/bin/../../lib/gcc/pic32c/8.3.1/../../../../pic32c/lib/thumb/v7e-m+fp/hard/libc-musl.a(__uflow.o)
 .debug_abbrev  0x0000000000004b13      0x332 /Applications/microchip/xc32/v4.60/bin/bin/../../lib/gcc/pic32c/8.3.1/../../../../pic32c/lib/thumb/v7e-m+fp/hard/libc-musl.a(__printf_core.o)
 .debug_abbrev  0x0000000000004e45       0xdc /Applications/microchip/xc32/v4.60/bin/bin/../../lib/gcc/pic32c/8.3.1/../../../../pic32c/lib/thumb/v7e-m+fp/hard/libc-musl.a(__push_float.o)
 .debug_abbrev  0x0000000000004f21       0xdc /Applications/microchip/xc32/v4.60/bin/bin/../../lib/gcc/pic32c/8.3.1/../../../../pic32c/lib/thumb/v7e-m+fp/hard/libc-musl.a(__push_int.o)
 .debug_abbrev  0x0000000000004ffd      0x190 /Applications/microchip/xc32/v4.60/bin/bin/../../lib/gcc/pic32c/8.3.1/../../../../pic32c/lib/thumb/v7e-m+fp/hard/libc-musl.a(__read_int.o)
 .debug_abbrev  0x000000000000518d      0x189 /Applications/microchip/xc32/v4.60/bin/bin/../../lib/gcc/pic32c/8.3.1/../../../../pic32c/lib/thumb/v7e-m+fp/hard/libc-musl.a(vfprintf.o)
 .debug_abbrev  0x0000000000005316      0x161 /Applications/microchip/xc32/v4.60/bin/bin/../../lib/gcc/pic32c/8.3.1/../../../../pic32c/lib/thumb/v7e-m+fp/hard/libc-musl.a(__int_vfscanf.o)
 .debug_abbrev  0x0000000000005477      0x14b /Applications/microchip/xc32/v4.60/bin/bin/../../lib/gcc/pic32c/8.3.1/../../../../pic32c/lib/thumb/v7e-m+fp/hard/libc-musl.a(__toread.o)
 .debug_abbrev  0x00000000000055c2      0x18c /Applications/microchip/xc32/v4.60/bin/bin/../../lib/gcc/pic32c/8.3.1/../../../../pic32c/lib/thumb/v7e-m+fp/hard/libc-musl.a(__out.o)
 .debug_abbrev  0x000000000000574e       0xdc /Applications/microchip/xc32/v4.60/bin/bin/../../lib/gcc/pic32c/8.3.1/../../../../pic32c/lib/thumb/v7e-m+fp/hard/libc-musl.a(__pop_float.o)
 .debug_abbrev  0x000000000000582a       0xdc /Applications/microchip/xc32/v4.60/bin/bin/../../lib/gcc/pic32c/8.3.1/../../../../pic32c/lib/thumb/v7e-m+fp/hard/libc-musl.a(__pop_int.o)
 .debug_abbrev  0x0000000000005906       0xed /Applications/microchip/xc32/v4.60/bin/bin/../../lib/gcc/pic32c/8.3.1/../../../../pic32c/lib/thumb/v7e-m+fp/hard/libc-musl.a(__pop_ptr.o)
 .debug_abbrev  0x00000000000059f3      0x1d5 /Applications/microchip/xc32/v4.60/bin/bin/../../lib/gcc/pic32c/8.3.1/../../../../pic32c/lib/thumb/v7e-m+fp/hard/libc-musl.a(__fmt_a.o)
 .debug_abbrev  0x0000000000005bc8      0x161 /Applications/microchip/xc32/v4.60/bin/bin/../../lib/gcc/pic32c/8.3.1/../../../../pic32c/lib/thumb/v7e-m+fp/hard/libc-musl.a(__fmt_d.o)
 .debug_abbrev  0x0000000000005d29      0x1f4 /Applications/microchip/xc32/v4.60/bin/bin/../../lib/gcc/pic32c/8.3.1/../../../../pic32c/lib/thumb/v7e-m+fp/hard/libc-musl.a(__fmt_fp.o)
 .debug_abbrev  0x0000000000005f1d      0x161 /Applications/microchip/xc32/v4.60/bin/bin/../../lib/gcc/pic32c/8.3.1/../../../../pic32c/lib/thumb/v7e-m+fp/hard/libc-musl.a(__fmt_o.o)
 .debug_abbrev  0x000000000000607e      0x14c /Applications/microchip/xc32/v4.60/bin/bin/../../lib/gcc/pic32c/8.3.1/../../../../pic32c/lib/thumb/v7e-m+fp/hard/libc-musl.a(__fmt_s.o)
 .debug_abbrev  0x00000000000061ca      0x161 /Applications/microchip/xc32/v4.60/bin/bin/../../lib/gcc/pic32c/8.3.1/../../../../pic32c/lib/thumb/v7e-m+fp/hard/libc-musl.a(__fmt_u.o)
 .debug_abbrev  0x000000000000632b      0x150 /Applications/microchip/xc32/v4.60/bin/bin/../../lib/gcc/pic32c/8.3.1/../../../../pic32c/lib/thumb/v7e-m+fp/hard/libc-musl.a(__fmt_x.o)
 .debug_abbrev  0x000000000000647b      0x127 /Applications/microchip/xc32/v4.60/bin/bin/../../lib/gcc/pic32c/8.3.1/../../../../pic32c/lib/thumb/v7e-m+fp/hard/libc-musl.a(__fwrite.o)
 .debug_abbrev  0x00000000000065a2      0x108 /Applications/microchip/xc32/v4.60/bin/bin/../../lib/gcc/pic32c/8.3.1/../../../../pic32c/lib/thumb/v7e-m+fp/hard/libc-musl.a(toupper.o)
 .debug_abbrev  0x00000000000066aa       0xe5 /Applications/microchip/xc32/v4.60/bin/bin/../../lib/gcc/pic32c/8.3.1/../../../../pic32c/lib/thumb/v7e-m+fp/hard/libc-musl.a(__cvt_u.o)
 .debug_abbrev  0x000000000000678f       0x65 /Applications/microchip/xc32/v4.60/bin/bin/../../lib/gcc/pic32c/8.3.1/../../../../pic32c/lib/thumb/v7e-m+fp/hard/libc-musl.a(__init_stdio.o)
 .debug_abbrev  0x00000000000067f4       0x14 /Applications/microchip/xc32/v4.60/bin/bin/../../lib/gcc/pic32c/8.3.1/thumb/v7e-m+fp/hard/libgcc.a(_aeabi_uldivmod.o)
 .debug_abbrev  0x0000000000006808      0x122 /Applications/microchip/xc32/v4.60/bin/bin/../../lib/gcc/pic32c/8.3.1/thumb/v7e-m+fp/hard/libgcc.a(_udivmoddi4.o)
 .debug_abbrev  0x000000000000692a       0x14 /Applications/microchip/xc32/v4.60/bin/bin/../../lib/gcc/pic32c/8.3.1/thumb/v7e-m+fp/hard/libgcc.a(_dvmd_tls.o)
 .debug_abbrev  0x000000000000693e       0xb1 /Applications/microchip/xc32/v4.60/bin/bin/../../lib/gcc/pic32c/8.3.1/../../../../pic32c/lib/thumb/v7e-m+fp/hard/libc-size-musl.a(memchr.o)
 .debug_abbrev  0x00000000000069ef       0xa2 /Applications/microchip/xc32/v4.60/bin/bin/../../lib/gcc/pic32c/8.3.1/../../../../pic32c/lib/thumb/v7e-m+fp/hard/libc-size-musl.a(strcpy.o)
 .debug_abbrev  0x0000000000006a91       0x6e /Applications/microchip/xc32/v4.60/bin/bin/../../lib/gcc/pic32c/8.3.1/../../../../pic32c/lib/thumb/v7e-m+fp/hard/libc-size-musl.a(stpcpy.o)
 .debug_abbrev  0x0000000000006aff       0x2e /Applications/microchip/xc32/v4.60/bin/bin/../../lib/gcc/pic32c/8.3.1/../../../../pic32c/lib/thumb/v7e-m+fp/hard/libpic32c.a(pic32_data_init_clear.o)
 .debug_abbrev  0x0000000000006b2d       0x2e /Applications/microchip/xc32/v4.60/bin/bin/../../lib/gcc/pic32c/8.3.1/../../../../pic32c/lib/thumb/v7e-m+fp/hard/libpic32c.a(pic32_data_init_copy.o)

.debug_loc      0x0000000000000000     0xc8ef
 .debug_loc     0x0000000000000000      0x23d build/default/production/_ext/1865521619/plib_port.o
 .debug_loc     0x000000000000023d      0x57d build/default/production/_ext/17022449/plib_sercom5_spi_master.o
 .debug_loc     0x00000000000007ba      0x161 build/default/production/_ext/60181570/plib_tcc1.o
 .debug_loc     0x000000000000091b       0x74 build/default/production/_ext/829342655/plib_tc1.o
 .debug_loc     0x000000000000098f       0x4a build/default/production/_ext/163028504/xc32_monitor.o
 .debug_loc     0x00000000000009d9      0x190 build/default/production/_ext/1360937237/main.o
 .debug_loc     0x0000000000000b69       0x74 build/default/production/_ext/829342655/plib_tc0.o
 .debug_loc     0x0000000000000bdd      0x83e build/default/production/_ext/1593096446/plib_nvmctrl.o
 .debug_loc     0x000000000000141b       0xdb build/default/production/_ext/60163342/plib_adc0.o
 .debug_loc     0x00000000000014f6       0x45 build/default/production/_ext/1171490990/initialization.o
 .debug_loc     0x000000000000153b       0x4a build/default/production/_ext/1171490990/startup_xc32.o
 .debug_loc     0x0000000000001585      0x7d8 build/default/production/_ext/504274921/plib_sercom1_usart.o
 .debug_loc     0x0000000000001d5d      0x3bf build/default/production/_ext/1865468468/plib_nvic.o
 .debug_loc     0x000000000000211c       0xdb build/default/production/_ext/60163342/plib_adc1.o
 .debug_loc     0x00000000000021f7       0x74 build/default/production/_ext/829342655/plib_tc2.o
 .debug_loc     0x000000000000226b      0x614 build/default/production/_ext/1360937237/myprintf.o
 .debug_loc     0x000000000000287f      0x19d build/default/production/_ext/1360937237/Delay.o
 .debug_loc     0x0000000000002a1c      0x79a build/default/production/_ext/1360937237/GraphicApp.o
 .debug_loc     0x00000000000031b6     0x2350 build/default/production/_ext/1360937237/GraphicLib.o
 .debug_loc     0x0000000000005506      0x6af build/default/production/_ext/1360937237/LCM.o
 .debug_loc     0x0000000000005bb5       0x14 /Applications/microchip/xc32/v4.60/bin/bin/../../lib/gcc/pic32c/8.3.1/../../../../pic32c/lib/thumb/v7e-m+fp/hard/libpic32c.a(data_init.o)
 .debug_loc     0x0000000000005bc9      0x10b /Applications/microchip/xc32/v4.60/bin/bin/../../lib/gcc/pic32c/8.3.1/../../../../pic32c/lib/thumb/v7e-m+fp/hard/libc-size-musl.a(memcpy.o)
 .debug_loc     0x0000000000005cd4       0x7d /Applications/microchip/xc32/v4.60/bin/bin/../../lib/gcc/pic32c/8.3.1/../../../../pic32c/lib/thumb/v7e-m+fp/hard/libc-size-musl.a(memset.o)
 .debug_loc     0x0000000000005d51       0x90 /Applications/microchip/xc32/v4.60/bin/bin/../../lib/gcc/pic32c/8.3.1/../../../../pic32c/lib/thumb/v7e-m+fp/hard/libc-size-musl.a(strlen.o)
 .debug_loc     0x0000000000005de1       0x8c /Applications/microchip/xc32/v4.60/bin/bin/../../lib/gcc/pic32c/8.3.1/../../../../pic32c/lib/thumb/v7e-m+fp/hard/libc-size-musl.a(strchr.o)
 .debug_loc     0x0000000000005e6d      0x11a /Applications/microchip/xc32/v4.60/bin/bin/../../lib/gcc/pic32c/8.3.1/../../../../pic32c/lib/thumb/v7e-m+fp/hard/libc-size-musl.a(strchrnul.o)
 .debug_loc     0x0000000000005f87      0x1b1 /Applications/microchip/xc32/v4.60/bin/bin/../../lib/gcc/pic32c/8.3.1/../../../../pic32c/lib/thumb/v7e-m+fp/hard/libc-size-musl.a(strncmp.o)
 .debug_loc     0x0000000000006138       0x8c /Applications/microchip/xc32/v4.60/bin/bin/../../lib/gcc/pic32c/8.3.1/../../../../pic32c/lib/thumb/v7e-m+fp/hard/libc-size-musl.a(strncpy.o)
 .debug_loc     0x00000000000061c4      0x13f /Applications/microchip/xc32/v4.60/bin/bin/../../lib/gcc/pic32c/8.3.1/../../../../pic32c/lib/thumb/v7e-m+fp/hard/libc-size-musl.a(stpncpy.o)
 .debug_loc     0x0000000000006303       0x76 /Applications/microchip/xc32/v4.60/bin/bin/../../lib/gcc/pic32c/8.3.1/../../../../pic32c/lib/thumb/v7e-m+fp/hard/libc-musl.a(isalnum.o)
 .debug_loc     0x0000000000006379       0x51 /Applications/microchip/xc32/v4.60/bin/bin/../../lib/gcc/pic32c/8.3.1/../../../../pic32c/lib/thumb/v7e-m+fp/hard/libc-musl.a(__libc_start_main.o)
 .debug_loc     0x00000000000063ca       0xb6 /Applications/microchip/xc32/v4.60/bin/bin/../../lib/gcc/pic32c/8.3.1/../../../../pic32c/lib/thumb/v7e-m+fp/hard/libc-musl.a(__sio_sscanf_dnpxX.o)
 .debug_loc     0x0000000000006480       0xdf /Applications/microchip/xc32/v4.60/bin/bin/../../lib/gcc/pic32c/8.3.1/../../../../pic32c/lib/thumb/v7e-m+fp/hard/libc-musl.a(__scan_d.o)
 .debug_loc     0x000000000000655f      0x305 /Applications/microchip/xc32/v4.60/bin/bin/../../lib/gcc/pic32c/8.3.1/../../../../pic32c/lib/thumb/v7e-m+fp/hard/libc-musl.a(__scan_i.o)
 .debug_loc     0x0000000000006864      0x176 /Applications/microchip/xc32/v4.60/bin/bin/../../lib/gcc/pic32c/8.3.1/../../../../pic32c/lib/thumb/v7e-m+fp/hard/libc-musl.a(__scan_x.o)
 .debug_loc     0x00000000000069da      0xa0e /Applications/microchip/xc32/v4.60/bin/bin/../../lib/gcc/pic32c/8.3.1/../../../../pic32c/lib/thumb/v7e-m+fp/hard/libc-musl.a(__scanf_core.o)
 .debug_loc     0x00000000000073e8       0xeb /Applications/microchip/xc32/v4.60/bin/bin/../../lib/gcc/pic32c/8.3.1/../../../../pic32c/lib/thumb/v7e-m+fp/hard/libc-musl.a(vsnprintf.o)
 .debug_loc     0x00000000000074d3       0xd8 /Applications/microchip/xc32/v4.60/bin/bin/../../lib/gcc/pic32c/8.3.1/../../../../pic32c/lib/thumb/v7e-m+fp/hard/libc-musl.a(atoi.o)
 .debug_loc     0x00000000000075ab      0x440 /Applications/microchip/xc32/v4.60/bin/bin/../../lib/gcc/pic32c/8.3.1/../../../../pic32c/lib/thumb/v7e-m+fp/hard/libc-musl.a(strtol.o)
 .debug_loc     0x00000000000079eb       0x65 /Applications/microchip/xc32/v4.60/bin/bin/../../lib/gcc/pic32c/8.3.1/../../../../pic32c/lib/thumb/v7e-m+fp/hard/libc-musl.a(isxdigit.o)
 .debug_loc     0x0000000000007a50       0x4a /Applications/microchip/xc32/v4.60/bin/bin/../../lib/gcc/pic32c/8.3.1/../../../../pic32c/lib/thumb/v7e-m+fp/hard/libc-musl.a(tolower.o)
 .debug_loc     0x0000000000007a9a      0x5df /Applications/microchip/xc32/v4.60/bin/bin/../../lib/gcc/pic32c/8.3.1/../../../../pic32c/lib/thumb/v7e-m+fp/hard/libc-musl.a(intscan.o)
 .debug_loc     0x0000000000008079       0x91 /Applications/microchip/xc32/v4.60/bin/bin/../../lib/gcc/pic32c/8.3.1/../../../../pic32c/lib/thumb/v7e-m+fp/hard/libc-musl.a(shgetc.o)
 .debug_loc     0x000000000000810a      0x12e /Applications/microchip/xc32/v4.60/bin/bin/../../lib/gcc/pic32c/8.3.1/../../../../pic32c/lib/thumb/v7e-m+fp/hard/libc-musl.a(__int_vsscanf.o)
 .debug_loc     0x0000000000008238       0xc5 /Applications/microchip/xc32/v4.60/bin/bin/../../lib/gcc/pic32c/8.3.1/../../../../pic32c/lib/thumb/v7e-m+fp/hard/libc-musl.a(__string_read.o)
 .debug_loc     0x00000000000082fd       0x5a /Applications/microchip/xc32/v4.60/bin/bin/../../lib/gcc/pic32c/8.3.1/../../../../pic32c/lib/thumb/v7e-m+fp/hard/libc-musl.a(__uflow.o)
 .debug_loc     0x0000000000008357      0x5e9 /Applications/microchip/xc32/v4.60/bin/bin/../../lib/gcc/pic32c/8.3.1/../../../../pic32c/lib/thumb/v7e-m+fp/hard/libc-musl.a(__printf_core.o)
 .debug_loc     0x0000000000008940      0x177 /Applications/microchip/xc32/v4.60/bin/bin/../../lib/gcc/pic32c/8.3.1/../../../../pic32c/lib/thumb/v7e-m+fp/hard/libc-musl.a(__push_float.o)
 .debug_loc     0x0000000000008ab7      0x2db /Applications/microchip/xc32/v4.60/bin/bin/../../lib/gcc/pic32c/8.3.1/../../../../pic32c/lib/thumb/v7e-m+fp/hard/libc-musl.a(__push_int.o)
 .debug_loc     0x0000000000008d92      0x142 /Applications/microchip/xc32/v4.60/bin/bin/../../lib/gcc/pic32c/8.3.1/../../../../pic32c/lib/thumb/v7e-m+fp/hard/libc-musl.a(__read_int.o)
 .debug_loc     0x0000000000008ed4       0x88 /Applications/microchip/xc32/v4.60/bin/bin/../../lib/gcc/pic32c/8.3.1/../../../../pic32c/lib/thumb/v7e-m+fp/hard/libc-musl.a(vfprintf.o)
 .debug_loc     0x0000000000008f5c       0x88 /Applications/microchip/xc32/v4.60/bin/bin/../../lib/gcc/pic32c/8.3.1/../../../../pic32c/lib/thumb/v7e-m+fp/hard/libc-musl.a(__int_vfscanf.o)
 .debug_loc     0x0000000000008fe4       0x42 /Applications/microchip/xc32/v4.60/bin/bin/../../lib/gcc/pic32c/8.3.1/../../../../pic32c/lib/thumb/v7e-m+fp/hard/libc-musl.a(__toread.o)
 .debug_loc     0x0000000000009026      0x1a8 /Applications/microchip/xc32/v4.60/bin/bin/../../lib/gcc/pic32c/8.3.1/../../../../pic32c/lib/thumb/v7e-m+fp/hard/libc-musl.a(__out.o)
 .debug_loc     0x00000000000091ce       0xa6 /Applications/microchip/xc32/v4.60/bin/bin/../../lib/gcc/pic32c/8.3.1/../../../../pic32c/lib/thumb/v7e-m+fp/hard/libc-musl.a(__pop_float.o)
 .debug_loc     0x0000000000009274      0x2f5 /Applications/microchip/xc32/v4.60/bin/bin/../../lib/gcc/pic32c/8.3.1/../../../../pic32c/lib/thumb/v7e-m+fp/hard/libc-musl.a(__pop_int.o)
 .debug_loc     0x0000000000009569      0x1db /Applications/microchip/xc32/v4.60/bin/bin/../../lib/gcc/pic32c/8.3.1/../../../../pic32c/lib/thumb/v7e-m+fp/hard/libc-musl.a(__pop_ptr.o)
 .debug_loc     0x0000000000009744      0xb29 /Applications/microchip/xc32/v4.60/bin/bin/../../lib/gcc/pic32c/8.3.1/../../../../pic32c/lib/thumb/v7e-m+fp/hard/libc-musl.a(__fmt_a.o)
 .debug_loc     0x000000000000a26d      0x1ef /Applications/microchip/xc32/v4.60/bin/bin/../../lib/gcc/pic32c/8.3.1/../../../../pic32c/lib/thumb/v7e-m+fp/hard/libc-musl.a(__fmt_d.o)
 .debug_loc     0x000000000000a45c      0xa5d /Applications/microchip/xc32/v4.60/bin/bin/../../lib/gcc/pic32c/8.3.1/../../../../pic32c/lib/thumb/v7e-m+fp/hard/libc-musl.a(__fmt_fp.o)
 .debug_loc     0x000000000000aeb9      0x10a /Applications/microchip/xc32/v4.60/bin/bin/../../lib/gcc/pic32c/8.3.1/../../../../pic32c/lib/thumb/v7e-m+fp/hard/libc-musl.a(__fmt_o.o)
 .debug_loc     0x000000000000afc3      0x157 /Applications/microchip/xc32/v4.60/bin/bin/../../lib/gcc/pic32c/8.3.1/../../../../pic32c/lib/thumb/v7e-m+fp/hard/libc-musl.a(__fmt_s.o)
 .debug_loc     0x000000000000b11a      0x10a /Applications/microchip/xc32/v4.60/bin/bin/../../lib/gcc/pic32c/8.3.1/../../../../pic32c/lib/thumb/v7e-m+fp/hard/libc-musl.a(__fmt_u.o)
 .debug_loc     0x000000000000b224      0x26d /Applications/microchip/xc32/v4.60/bin/bin/../../lib/gcc/pic32c/8.3.1/../../../../pic32c/lib/thumb/v7e-m+fp/hard/libc-musl.a(__fmt_x.o)
 .debug_loc     0x000000000000b491      0x10a /Applications/microchip/xc32/v4.60/bin/bin/../../lib/gcc/pic32c/8.3.1/../../../../pic32c/lib/thumb/v7e-m+fp/hard/libc-musl.a(__fwrite.o)
 .debug_loc     0x000000000000b59b       0x4a /Applications/microchip/xc32/v4.60/bin/bin/../../lib/gcc/pic32c/8.3.1/../../../../pic32c/lib/thumb/v7e-m+fp/hard/libc-musl.a(toupper.o)
 .debug_loc     0x000000000000b5e5      0x197 /Applications/microchip/xc32/v4.60/bin/bin/../../lib/gcc/pic32c/8.3.1/../../../../pic32c/lib/thumb/v7e-m+fp/hard/libc-musl.a(__cvt_u.o)
 .debug_loc     0x000000000000b77c       0x20 /Applications/microchip/xc32/v4.60/bin/bin/../../lib/gcc/pic32c/8.3.1/../../../../pic32c/lib/thumb/v7e-m+fp/hard/libc-musl.a(__init_stdio.o)
 .debug_loc     0x000000000000b79c      0xe69 /Applications/microchip/xc32/v4.60/bin/bin/../../lib/gcc/pic32c/8.3.1/thumb/v7e-m+fp/hard/libgcc.a(_udivmoddi4.o)
 .debug_loc     0x000000000000c605      0x20f /Applications/microchip/xc32/v4.60/bin/bin/../../lib/gcc/pic32c/8.3.1/../../../../pic32c/lib/thumb/v7e-m+fp/hard/libc-size-musl.a(memchr.o)
 .debug_loc     0x000000000000c814       0x67 /Applications/microchip/xc32/v4.60/bin/bin/../../lib/gcc/pic32c/8.3.1/../../../../pic32c/lib/thumb/v7e-m+fp/hard/libc-size-musl.a(strcpy.o)
 .debug_loc     0x000000000000c87b       0x60 /Applications/microchip/xc32/v4.60/bin/bin/../../lib/gcc/pic32c/8.3.1/../../../../pic32c/lib/thumb/v7e-m+fp/hard/libc-size-musl.a(stpcpy.o)
 .debug_loc     0x000000000000c8db       0x14 /Applications/microchip/xc32/v4.60/bin/bin/../../lib/gcc/pic32c/8.3.1/../../../../pic32c/lib/thumb/v7e-m+fp/hard/libpic32c.a(pic32_data_init_copy.o)

.debug_aranges  0x0000000000000000     0x1130
 .debug_aranges
                0x0000000000000000       0x70 build/default/production/_ext/1865521619/plib_port.o
 .debug_aranges
                0x0000000000000070       0x48 build/default/production/_ext/17022449/plib_sercom5_spi_master.o
 .debug_aranges
                0x00000000000000b8       0x80 build/default/production/_ext/60181570/plib_tcc1.o
 .debug_aranges
                0x0000000000000138       0x70 build/default/production/_ext/829342655/plib_tc1.o
 .debug_aranges
                0x00000000000001a8       0x28 build/default/production/_ext/163028504/xc32_monitor.o
 .debug_aranges
                0x00000000000001d0       0x50 build/default/production/_ext/1360937237/main.o
 .debug_aranges
                0x0000000000000220       0x70 build/default/production/_ext/829342655/plib_tc0.o
 .debug_aranges
                0x0000000000000290       0xd0 build/default/production/_ext/1593096446/plib_nvmctrl.o
 .debug_aranges
                0x0000000000000360       0x20 build/default/production/_ext/1984496892/plib_clock.o
 .debug_aranges
                0x0000000000000380       0x48 build/default/production/_ext/1171490990/exceptions.o
 .debug_aranges
                0x00000000000003c8       0x88 build/default/production/_ext/60163342/plib_adc0.o
 .debug_aranges
                0x0000000000000450       0x20 build/default/production/_ext/1171490990/initialization.o
 .debug_aranges
                0x0000000000000470       0x28 build/default/production/_ext/1171490990/startup_xc32.o
 .debug_aranges
                0x0000000000000498       0xe0 build/default/production/_ext/504274921/plib_sercom1_usart.o
 .debug_aranges
                0x0000000000000578       0x20 build/default/production/_ext/1986646378/plib_evsys.o
 .debug_aranges
                0x0000000000000598       0x48 build/default/production/_ext/1865468468/plib_nvic.o
 .debug_aranges
                0x00000000000005e0       0x88 build/default/production/_ext/60163342/plib_adc1.o
 .debug_aranges
                0x0000000000000668       0x20 build/default/production/_ext/1171490990/interrupts.o
 .debug_aranges
                0x0000000000000688       0x70 build/default/production/_ext/829342655/plib_tc2.o
 .debug_aranges
                0x00000000000006f8       0x30 build/default/production/_ext/1360937237/myprintf.o
 .debug_aranges
                0x0000000000000728       0x40 build/default/production/_ext/1360937237/Delay.o
 .debug_aranges
                0x0000000000000768       0x48 build/default/production/_ext/1360937237/GraphicApp.o
 .debug_aranges
                0x00000000000007b0       0xc0 build/default/production/_ext/1360937237/GraphicLib.o
 .debug_aranges
                0x0000000000000870       0x70 build/default/production/_ext/1360937237/LCM.o
 .debug_aranges
                0x00000000000008e0       0x30 /Applications/microchip/xc32/v4.60/bin/bin/../../lib/gcc/pic32c/8.3.1/../../../../pic32c/lib/thumb/v7e-m+fp/hard/libpic32c.a(data_init.o)
 .debug_aranges
                0x0000000000000910       0x20 /Applications/microchip/xc32/v4.60/bin/bin/../../lib/gcc/pic32c/8.3.1/../../../../pic32c/lib/thumb/v7e-m+fp/hard/libc-size-musl.a(memcpy.o)
 .debug_aranges
                0x0000000000000930       0x20 /Applications/microchip/xc32/v4.60/bin/bin/../../lib/gcc/pic32c/8.3.1/../../../../pic32c/lib/thumb/v7e-m+fp/hard/libc-size-musl.a(memset.o)
 .debug_aranges
                0x0000000000000950       0x20 /Applications/microchip/xc32/v4.60/bin/bin/../../lib/gcc/pic32c/8.3.1/../../../../pic32c/lib/thumb/v7e-m+fp/hard/libc-size-musl.a(strlen.o)
 .debug_aranges
                0x0000000000000970       0x20 /Applications/microchip/xc32/v4.60/bin/bin/../../lib/gcc/pic32c/8.3.1/../../../../pic32c/lib/thumb/v7e-m+fp/hard/libc-size-musl.a(strchr.o)
 .debug_aranges
                0x0000000000000990       0x20 /Applications/microchip/xc32/v4.60/bin/bin/../../lib/gcc/pic32c/8.3.1/../../../../pic32c/lib/thumb/v7e-m+fp/hard/libc-size-musl.a(strchrnul.o)
 .debug_aranges
                0x00000000000009b0       0x20 /Applications/microchip/xc32/v4.60/bin/bin/../../lib/gcc/pic32c/8.3.1/../../../../pic32c/lib/thumb/v7e-m+fp/hard/libc-size-musl.a(strncmp.o)
 .debug_aranges
                0x00000000000009d0       0x20 /Applications/microchip/xc32/v4.60/bin/bin/../../lib/gcc/pic32c/8.3.1/../../../../pic32c/lib/thumb/v7e-m+fp/hard/libc-size-musl.a(strncpy.o)
 .debug_aranges
                0x00000000000009f0       0x20 /Applications/microchip/xc32/v4.60/bin/bin/../../lib/gcc/pic32c/8.3.1/../../../../pic32c/lib/thumb/v7e-m+fp/hard/libc-size-musl.a(stpncpy.o)
 .debug_aranges
                0x0000000000000a10       0x28 /Applications/microchip/xc32/v4.60/bin/bin/../../lib/gcc/pic32c/8.3.1/../../../../pic32c/lib/thumb/v7e-m+fp/hard/libc-musl.a(isalnum.o)
 .debug_aranges
                0x0000000000000a38       0x28 /Applications/microchip/xc32/v4.60/bin/bin/../../lib/gcc/pic32c/8.3.1/../../../../pic32c/lib/thumb/v7e-m+fp/hard/libc-musl.a(__libc_start_main.o)
 .debug_aranges
                0x0000000000000a60       0x18 /Applications/microchip/xc32/v4.60/bin/bin/../../lib/gcc/pic32c/8.3.1/../../../../pic32c/lib/thumb/v7e-m+fp/hard/libc-musl.a(__errno_location.o)
 .debug_aranges
                0x0000000000000a78       0x18 /Applications/microchip/xc32/v4.60/bin/bin/../../lib/gcc/pic32c/8.3.1/../../../../pic32c/lib/thumb/v7e-m+fp/hard/libc-musl.a(libc.o)
 .debug_aranges
                0x0000000000000a90       0x28 /Applications/microchip/xc32/v4.60/bin/bin/../../lib/gcc/pic32c/8.3.1/../../../../pic32c/lib/thumb/v7e-m+fp/hard/libc-musl.a(__sio_sscanf_dnpxX.o)
 .debug_aranges
                0x0000000000000ab8       0x28 /Applications/microchip/xc32/v4.60/bin/bin/../../lib/gcc/pic32c/8.3.1/../../../../pic32c/lib/thumb/v7e-m+fp/hard/libc-musl.a(__scan_d.o)
 .debug_aranges
                0x0000000000000ae0       0x20 /Applications/microchip/xc32/v4.60/bin/bin/../../lib/gcc/pic32c/8.3.1/../../../../pic32c/lib/thumb/v7e-m+fp/hard/libc-musl.a(__scan_i.o)
 .debug_aranges
                0x0000000000000b00       0x20 /Applications/microchip/xc32/v4.60/bin/bin/../../lib/gcc/pic32c/8.3.1/../../../../pic32c/lib/thumb/v7e-m+fp/hard/libc-musl.a(__scan_x.o)
 .debug_aranges
                0x0000000000000b20       0x48 /Applications/microchip/xc32/v4.60/bin/bin/../../lib/gcc/pic32c/8.3.1/../../../../pic32c/lib/thumb/v7e-m+fp/hard/libc-musl.a(__scanf_core.o)
 .debug_aranges
                0x0000000000000b68       0x20 /Applications/microchip/xc32/v4.60/bin/bin/../../lib/gcc/pic32c/8.3.1/../../../../pic32c/lib/thumb/v7e-m+fp/hard/libc-musl.a(vsnprintf.o)
 .debug_aranges
                0x0000000000000b88       0x20 /Applications/microchip/xc32/v4.60/bin/bin/../../lib/gcc/pic32c/8.3.1/../../../../pic32c/lib/thumb/v7e-m+fp/hard/libc-musl.a(atoi.o)
 .debug_aranges
                0x0000000000000ba8       0x50 /Applications/microchip/xc32/v4.60/bin/bin/../../lib/gcc/pic32c/8.3.1/../../../../pic32c/lib/thumb/v7e-m+fp/hard/libc-musl.a(strtol.o)
 .debug_aranges
                0x0000000000000bf8       0x28 /Applications/microchip/xc32/v4.60/bin/bin/../../lib/gcc/pic32c/8.3.1/../../../../pic32c/lib/thumb/v7e-m+fp/hard/libc-musl.a(isxdigit.o)
 .debug_aranges
                0x0000000000000c20       0x28 /Applications/microchip/xc32/v4.60/bin/bin/../../lib/gcc/pic32c/8.3.1/../../../../pic32c/lib/thumb/v7e-m+fp/hard/libc-musl.a(tolower.o)
 .debug_aranges
                0x0000000000000c48       0x18 /Applications/microchip/xc32/v4.60/bin/bin/../../lib/gcc/pic32c/8.3.1/../../../../pic32c/lib/thumb/v7e-m+fp/hard/libc-musl.a(__environ.o)
 .debug_aranges
                0x0000000000000c60       0x20 /Applications/microchip/xc32/v4.60/bin/bin/../../lib/gcc/pic32c/8.3.1/../../../../pic32c/lib/thumb/v7e-m+fp/hard/libc-musl.a(intscan.o)
 .debug_aranges
                0x0000000000000c80       0x28 /Applications/microchip/xc32/v4.60/bin/bin/../../lib/gcc/pic32c/8.3.1/../../../../pic32c/lib/thumb/v7e-m+fp/hard/libc-musl.a(shgetc.o)
 .debug_aranges
                0x0000000000000ca8       0x28 /Applications/microchip/xc32/v4.60/bin/bin/../../lib/gcc/pic32c/8.3.1/../../../../pic32c/lib/thumb/v7e-m+fp/hard/libc-musl.a(__int_vsscanf.o)
 .debug_aranges
                0x0000000000000cd0       0x20 /Applications/microchip/xc32/v4.60/bin/bin/../../lib/gcc/pic32c/8.3.1/../../../../pic32c/lib/thumb/v7e-m+fp/hard/libc-musl.a(__string_read.o)
 .debug_aranges
                0x0000000000000cf0       0x20 /Applications/microchip/xc32/v4.60/bin/bin/../../lib/gcc/pic32c/8.3.1/../../../../pic32c/lib/thumb/v7e-m+fp/hard/libc-musl.a(__uflow.o)
 .debug_aranges
                0x0000000000000d10       0x50 /Applications/microchip/xc32/v4.60/bin/bin/../../lib/gcc/pic32c/8.3.1/../../../../pic32c/lib/thumb/v7e-m+fp/hard/libc-musl.a(__printf_core.o)
 .debug_aranges
                0x0000000000000d60       0x20 /Applications/microchip/xc32/v4.60/bin/bin/../../lib/gcc/pic32c/8.3.1/../../../../pic32c/lib/thumb/v7e-m+fp/hard/libc-musl.a(__push_float.o)
 .debug_aranges
                0x0000000000000d80       0x20 /Applications/microchip/xc32/v4.60/bin/bin/../../lib/gcc/pic32c/8.3.1/../../../../pic32c/lib/thumb/v7e-m+fp/hard/libc-musl.a(__push_int.o)
 .debug_aranges
                0x0000000000000da0       0x20 /Applications/microchip/xc32/v4.60/bin/bin/../../lib/gcc/pic32c/8.3.1/../../../../pic32c/lib/thumb/v7e-m+fp/hard/libc-musl.a(__read_int.o)
 .debug_aranges
                0x0000000000000dc0       0x28 /Applications/microchip/xc32/v4.60/bin/bin/../../lib/gcc/pic32c/8.3.1/../../../../pic32c/lib/thumb/v7e-m+fp/hard/libc-musl.a(vfprintf.o)
 .debug_aranges
                0x0000000000000de8       0x20 /Applications/microchip/xc32/v4.60/bin/bin/../../lib/gcc/pic32c/8.3.1/../../../../pic32c/lib/thumb/v7e-m+fp/hard/libc-musl.a(__int_vfscanf.o)
 .debug_aranges
                0x0000000000000e08       0x28 /Applications/microchip/xc32/v4.60/bin/bin/../../lib/gcc/pic32c/8.3.1/../../../../pic32c/lib/thumb/v7e-m+fp/hard/libc-musl.a(__toread.o)
 .debug_aranges
                0x0000000000000e30       0x28 /Applications/microchip/xc32/v4.60/bin/bin/../../lib/gcc/pic32c/8.3.1/../../../../pic32c/lib/thumb/v7e-m+fp/hard/libc-musl.a(__out.o)
 .debug_aranges
                0x0000000000000e58       0x20 /Applications/microchip/xc32/v4.60/bin/bin/../../lib/gcc/pic32c/8.3.1/../../../../pic32c/lib/thumb/v7e-m+fp/hard/libc-musl.a(__pop_float.o)
 .debug_aranges
                0x0000000000000e78       0x20 /Applications/microchip/xc32/v4.60/bin/bin/../../lib/gcc/pic32c/8.3.1/../../../../pic32c/lib/thumb/v7e-m+fp/hard/libc-musl.a(__pop_int.o)
 .debug_aranges
                0x0000000000000e98       0x20 /Applications/microchip/xc32/v4.60/bin/bin/../../lib/gcc/pic32c/8.3.1/../../../../pic32c/lib/thumb/v7e-m+fp/hard/libc-musl.a(__pop_ptr.o)
 .debug_aranges
                0x0000000000000eb8       0x20 /Applications/microchip/xc32/v4.60/bin/bin/../../lib/gcc/pic32c/8.3.1/../../../../pic32c/lib/thumb/v7e-m+fp/hard/libc-musl.a(__fmt_a.o)
 .debug_aranges
                0x0000000000000ed8       0x20 /Applications/microchip/xc32/v4.60/bin/bin/../../lib/gcc/pic32c/8.3.1/../../../../pic32c/lib/thumb/v7e-m+fp/hard/libc-musl.a(__fmt_d.o)
 .debug_aranges
                0x0000000000000ef8       0x20 /Applications/microchip/xc32/v4.60/bin/bin/../../lib/gcc/pic32c/8.3.1/../../../../pic32c/lib/thumb/v7e-m+fp/hard/libc-musl.a(__fmt_fp.o)
 .debug_aranges
                0x0000000000000f18       0x20 /Applications/microchip/xc32/v4.60/bin/bin/../../lib/gcc/pic32c/8.3.1/../../../../pic32c/lib/thumb/v7e-m+fp/hard/libc-musl.a(__fmt_o.o)
 .debug_aranges
                0x0000000000000f38       0x20 /Applications/microchip/xc32/v4.60/bin/bin/../../lib/gcc/pic32c/8.3.1/../../../../pic32c/lib/thumb/v7e-m+fp/hard/libc-musl.a(__fmt_s.o)
 .debug_aranges
                0x0000000000000f58       0x20 /Applications/microchip/xc32/v4.60/bin/bin/../../lib/gcc/pic32c/8.3.1/../../../../pic32c/lib/thumb/v7e-m+fp/hard/libc-musl.a(__fmt_u.o)
 .debug_aranges
                0x0000000000000f78       0x20 /Applications/microchip/xc32/v4.60/bin/bin/../../lib/gcc/pic32c/8.3.1/../../../../pic32c/lib/thumb/v7e-m+fp/hard/libc-musl.a(__fmt_x.o)
 .debug_aranges
                0x0000000000000f98       0x28 /Applications/microchip/xc32/v4.60/bin/bin/../../lib/gcc/pic32c/8.3.1/../../../../pic32c/lib/thumb/v7e-m+fp/hard/libc-musl.a(__fwrite.o)
 .debug_aranges
                0x0000000000000fc0       0x28 /Applications/microchip/xc32/v4.60/bin/bin/../../lib/gcc/pic32c/8.3.1/../../../../pic32c/lib/thumb/v7e-m+fp/hard/libc-musl.a(toupper.o)
 .debug_aranges
                0x0000000000000fe8       0x20 /Applications/microchip/xc32/v4.60/bin/bin/../../lib/gcc/pic32c/8.3.1/../../../../pic32c/lib/thumb/v7e-m+fp/hard/libc-musl.a(__cvt_u.o)
 .debug_aranges
                0x0000000000001008       0x28 /Applications/microchip/xc32/v4.60/bin/bin/../../lib/gcc/pic32c/8.3.1/../../../../pic32c/lib/thumb/v7e-m+fp/hard/libc-musl.a(__init_stdio.o)
 .debug_aranges
                0x0000000000001030       0x20 /Applications/microchip/xc32/v4.60/bin/bin/../../lib/gcc/pic32c/8.3.1/thumb/v7e-m+fp/hard/libgcc.a(_aeabi_uldivmod.o)
 .debug_aranges
                0x0000000000001050       0x20 /Applications/microchip/xc32/v4.60/bin/bin/../../lib/gcc/pic32c/8.3.1/thumb/v7e-m+fp/hard/libgcc.a(_udivmoddi4.o)
 .debug_aranges
                0x0000000000001070       0x20 /Applications/microchip/xc32/v4.60/bin/bin/../../lib/gcc/pic32c/8.3.1/thumb/v7e-m+fp/hard/libgcc.a(_dvmd_tls.o)
 .debug_aranges
                0x0000000000001090       0x20 /Applications/microchip/xc32/v4.60/bin/bin/../../lib/gcc/pic32c/8.3.1/../../../../pic32c/lib/thumb/v7e-m+fp/hard/libc-size-musl.a(memchr.o)
 .debug_aranges
                0x00000000000010b0       0x20 /Applications/microchip/xc32/v4.60/bin/bin/../../lib/gcc/pic32c/8.3.1/../../../../pic32c/lib/thumb/v7e-m+fp/hard/libc-size-musl.a(strcpy.o)
 .debug_aranges
                0x00000000000010d0       0x20 /Applications/microchip/xc32/v4.60/bin/bin/../../lib/gcc/pic32c/8.3.1/../../../../pic32c/lib/thumb/v7e-m+fp/hard/libc-size-musl.a(stpcpy.o)
 .debug_aranges
                0x00000000000010f0       0x20 /Applications/microchip/xc32/v4.60/bin/bin/../../lib/gcc/pic32c/8.3.1/../../../../pic32c/lib/thumb/v7e-m+fp/hard/libpic32c.a(pic32_data_init_clear.o)
 .debug_aranges
                0x0000000000001110       0x20 /Applications/microchip/xc32/v4.60/bin/bin/../../lib/gcc/pic32c/8.3.1/../../../../pic32c/lib/thumb/v7e-m+fp/hard/libpic32c.a(pic32_data_init_copy.o)

.debug_ranges   0x0000000000000000      0xf98
 .debug_ranges  0x0000000000000000       0x60 build/default/production/_ext/1865521619/plib_port.o
 .debug_ranges  0x0000000000000060       0x38 build/default/production/_ext/17022449/plib_sercom5_spi_master.o
 .debug_ranges  0x0000000000000098       0x70 build/default/production/_ext/60181570/plib_tcc1.o
 .debug_ranges  0x0000000000000108       0x60 build/default/production/_ext/829342655/plib_tc1.o
 .debug_ranges  0x0000000000000168       0x18 build/default/production/_ext/163028504/xc32_monitor.o
 .debug_ranges  0x0000000000000180       0x68 build/default/production/_ext/1360937237/main.o
 .debug_ranges  0x00000000000001e8       0x60 build/default/production/_ext/829342655/plib_tc0.o
 .debug_ranges  0x0000000000000248       0xc0 build/default/production/_ext/1593096446/plib_nvmctrl.o
 .debug_ranges  0x0000000000000308       0x10 build/default/production/_ext/1984496892/plib_clock.o
 .debug_ranges  0x0000000000000318       0x38 build/default/production/_ext/1171490990/exceptions.o
 .debug_ranges  0x0000000000000350       0x78 build/default/production/_ext/60163342/plib_adc0.o
 .debug_ranges  0x00000000000003c8       0x10 build/default/production/_ext/1171490990/initialization.o
 .debug_ranges  0x00000000000003d8       0x18 build/default/production/_ext/1171490990/startup_xc32.o
 .debug_ranges  0x00000000000003f0      0x120 build/default/production/_ext/504274921/plib_sercom1_usart.o
 .debug_ranges  0x0000000000000510       0x10 build/default/production/_ext/1986646378/plib_evsys.o
 .debug_ranges  0x0000000000000520       0x38 build/default/production/_ext/1865468468/plib_nvic.o
 .debug_ranges  0x0000000000000558       0x78 build/default/production/_ext/60163342/plib_adc1.o
 .debug_ranges  0x00000000000005d0       0x10 build/default/production/_ext/1171490990/interrupts.o
 .debug_ranges  0x00000000000005e0       0x60 build/default/production/_ext/829342655/plib_tc2.o
 .debug_ranges  0x0000000000000640       0xc8 build/default/production/_ext/1360937237/myprintf.o